 epoch  train_loss  train_OA  validation_loss  epoch_seconds  estimated_remaining_seconds  validation_OA  validation_AA  validation_APr  validation_AF1
     1    1.068866  0.622298         1.053551       2.239705                   109.788913       0.748031       0.561267        0.495765        0.521321
     2    0.779731  0.775882         0.642374       2.100753                   105.925873       0.795276       0.579560        0.543129        0.560163
     3    0.673320  0.790671         0.548688       2.115890                   103.456706       0.826772       0.600070        0.582904        0.590476
     4    0.645783  0.817975         0.516479       2.099686                   100.976330       0.826772       0.659521        0.834909        0.690668
     5    0.590181  0.835040         0.493841       2.110687                    98.703003       0.866142       0.674765        0.867487        0.712802
     6    0.569071  0.838453         0.469436       2.122861                    96.973078       0.850394       0.687092        0.849280        0.711364
     7    0.556157  0.837315         0.458746       2.087321                    94.056766       0.858268       0.690140        0.857143        0.716706
     8    0.529789  0.845279         0.461054       2.085305                    91.729862       0.874016       0.704553        0.872024        0.731346
     9    0.479600  0.862344         0.464966       2.081709                    89.419824       0.842520       0.622797        0.591328        0.606439
    10    0.498382  0.858931         0.460569       2.081366                    86.842860       0.866142       0.701504        0.863656        0.725758
    11    0.459077  0.880546         0.426917       2.081427                    84.356195       0.874016       0.696238        0.875240        0.727875
    12    0.464926  0.864619         0.455391       2.084334                    81.946180       0.858268       0.630689        0.606016        0.616718
    13    0.454760  0.869170         0.424808       2.083728                    79.584329       0.866142       0.701504        0.863656        0.725758
    14    0.439498  0.870307         0.433325       2.097175                    77.296779       0.866142       0.701504        0.863656        0.725758
    15    0.439398  0.883959         0.405227       2.081407                    74.997688       0.866142       0.683080        0.870848        0.719450
    16    0.439512  0.869170         0.419480       2.079814                    72.722334       0.866142       0.691395        0.867542        0.722906
    17    0.409037  0.882821         0.440235       2.097658                    70.504620       0.850394       0.676982        0.845238        0.704206
    18    0.432509  0.871445         0.471850       2.091386                    68.289039       0.826772       0.686260        0.823954        0.695844
    19    0.406765  0.882821         0.451901       2.078096                    66.064780       0.858268       0.698455        0.849070        0.716240
    20    0.412443  0.882821         0.429218       2.105866                    63.896717       0.858268       0.690140        0.850128        0.712606
    21    0.379634  0.891923         0.411664       2.095924                    61.720781       0.858268       0.688346        0.859145        0.717319
    22    0.397204  0.896473         0.439911       2.092147                    59.547362       0.850394       0.687092        0.849280        0.711364
    23    0.384174  0.902162         0.435556       2.089341                    57.377576       0.850394       0.695406        0.842045        0.710951
    24    0.353212  0.905575         0.417867       2.095031                    55.220577       0.850394       0.676982        0.845238        0.704206
    25    0.379742  0.888510         0.436114       2.086960                    53.060435       0.858268       0.698455        0.849070        0.716240
    26    0.370726  0.903299         0.423380       2.086964                    50.905860       0.858268       0.680031        0.853852        0.709706
    27    0.371310  0.890785         0.433862       2.088008                    48.757155       0.850394       0.695406        0.842045        0.710951
    28    0.356400  0.908987         0.435651       2.107301                    46.627881       0.858268       0.698455        0.849070        0.716240
    29    0.353530  0.907850         0.398063       2.083374                    44.482747       0.858268       0.680031        0.861337        0.713782
    30    0.365538  0.895336         0.423457       2.092195                    42.347604       0.850394       0.685297        0.844083        0.707825
    31    0.351289  0.903299         0.428345       2.085761                    40.211221       0.866142       0.693189        0.858712        0.718107
    32    0.352826  0.901024         0.431511       2.086925                    38.078625       0.850394       0.685297        0.844083        0.707825
    33    0.382510  0.887372         0.437430       2.093744                    35.952339       0.858268       0.698455        0.849070        0.716240
    34    0.330713  0.905575         0.427460       2.099702                    33.830667       0.866142       0.691395        0.860119        0.718846
    35    0.354728  0.903299         0.427513       2.093644                    31.707894       0.866142       0.693189        0.858712        0.718107
    36    0.342491  0.915813         0.425316       2.089082                    29.584657       0.850394       0.685297        0.844083        0.707825
    37    0.337214  0.904437         0.419180       2.101070                    27.467432       0.850394       0.676982        0.845238        0.704206
    38    0.353384  0.895336         0.420960       2.100328                    25.350784       0.850394       0.685297        0.844083        0.707825
    39    0.333607  0.904437         0.417085       2.098258                    23.234354       0.850394       0.676982        0.845238        0.704206
    40    0.334431  0.903299         0.414281       2.099141                    21.119020       0.850394       0.676982        0.845238        0.704206
    41    0.335337  0.908987         0.408155       2.094364                    19.003404       0.866142       0.683080        0.863336        0.715375
    42    0.326476  0.906712         0.430018       2.087258                    16.887418       0.842520       0.673934        0.837375        0.698864
    43    0.319999  0.906712         0.414793       2.088160                    14.772886       0.850394       0.676982        0.845238        0.704206
    44    0.322338  0.914676         0.411066       2.086351                    12.659276       0.866142       0.683080        0.863336        0.715375
    45    0.317371  0.914676         0.417736       2.090813                    10.547346       0.850394       0.676982        0.845238        0.704206
    46    0.348235  0.899886         0.436222       2.084708                     8.435781       0.842520       0.682249        0.837026        0.702537
    47    0.361470  0.894198         0.412943       2.087131                     6.325484       0.866142       0.683080        0.863336        0.715375
    48    0.355735  0.904437         0.400718       2.094657                     4.216440       0.866142       0.683080        0.870848        0.719450
    49    0.324937  0.916951         0.435922       2.094945                     2.107962       0.850394       0.685297        0.844083        0.707825
    50    0.321713  0.918089         0.424938       2.089216                     0.000000       0.850394       0.685297        0.844083        0.707825
