 epoch  train_loss  train_OA  validation_loss  epoch_seconds  estimated_remaining_seconds  validation_OA  validation_AA  validation_APr  validation_AF1
     1    1.293128  0.583424         1.220088      14.260653                   698.810109       0.598485       0.200000        0.119697        0.149763
     2    1.136309  0.598691         1.067520      14.306678                   687.354829       0.598485       0.200000        0.119697        0.149763
     3    0.980910  0.609597         0.917388      14.393006                   674.192485       0.621212       0.222222        0.273438        0.191367
     4    0.799227  0.723010         0.751961      14.499465                   662.518477       0.780303       0.461416        0.487536        0.466433
     5    0.623492  0.835333         0.658858      14.382073                   648.626421       0.818182       0.541660        0.481945        0.507860
     6    0.522740  0.848419         0.591709      14.511123                   635.487262       0.840909       0.549255        0.511382        0.526851
     7    0.478035  0.858233         0.558320      14.467008                   621.670561       0.833333       0.541847        0.509104        0.523064
     8    0.443611  0.863686         0.545221      14.505195                   607.467549       0.840909       0.549255        0.513046        0.528189
     9    0.413586  0.871320         0.533373      14.419243                   593.157503       0.848485       0.568074        0.716354        0.576646
    10    0.393253  0.874591         0.525037      14.424672                   578.823142       0.848485       0.568074        0.716354        0.576646
    11    0.369882  0.886587         0.530217      14.436867                   564.235860       0.848485       0.568074        0.618406        0.572199
    12    0.351093  0.888768         0.525962      14.464981                   549.762310       0.856061       0.634098        0.639930        0.634903
    13    0.322730  0.900763         0.542789      14.408939                   535.347046       0.848485       0.626691        0.633045        0.625139
    14    0.300375  0.906216         0.541180      14.425654                   520.769270       0.856061       0.634098        0.628628        0.629576
    15    0.278372  0.916031         0.559381      14.425382                   506.211607       0.856061       0.634098        0.639930        0.634903
    16    0.252371  0.917121         0.554319      14.408458                   491.633831       0.863636       0.641506        0.668046        0.653159
    17    0.221626  0.929117         0.563804      14.399859                   477.205589       0.833333       0.631379        0.594815        0.610065
    18    0.199056  0.940022         0.572845      14.452142                   462.730818       0.848485       0.636442        0.642250        0.638820
    19    0.171867  0.946565         0.589285      14.497880                   448.332944       0.848485       0.641318        0.611358        0.624722
    20    0.142575  0.959651         0.610077      14.386305                   433.757757       0.840909       0.629035        0.612202        0.618402
    21    0.118673  0.969466         0.613024      14.376745                   419.187180       0.848485       0.636442        0.624980        0.629896
    22    0.095599  0.976009         0.659726      14.509939                   404.803660       0.840909       0.629035        0.623313        0.625069
    23    0.080097  0.979280         0.697160      14.464021                   390.355107       0.825758       0.619096        0.603435        0.607284
    24    0.063309  0.986914         0.723190      14.303177                   375.731151       0.833333       0.626503        0.611938        0.617053
    25    0.052167  0.985823         0.751108      14.345263                   361.174848       0.833333       0.621627        0.619680        0.617456
    26    0.042558  0.990185         0.820436      14.446881                   346.728492       0.825758       0.614220        0.628760        0.617408
    27    0.033735  0.994547         0.815242      14.332656                   332.184750       0.810606       0.614033        0.601207        0.600426
    28    0.028242  0.993457         0.865459      14.319781                   317.645881       0.825758       0.656813        0.660167        0.651837
    29    0.020682  0.997819         0.818251      14.361322                   303.152139       0.840909       0.629035        0.625488        0.626204
    30    0.015837  0.996728         0.861640      14.410129                   288.699700       0.833333       0.664220        0.679048        0.668659
    31    0.012613  0.997819         0.908616      14.437971                   274.313236       0.833333       0.669096        0.668352        0.666083
    32    0.009748  1.000000         0.930786      14.395691                   259.852567       0.825758       0.656813        0.670476        0.658718
    33    0.007763  1.000000         0.950451      14.427107                   245.411985       0.825758       0.661688        0.667116        0.662356
    34    0.005852  1.000000         0.954756      14.417638                   230.967768       0.833333       0.669096        0.671237        0.668700
    35    0.004692  1.000000         0.971382      14.444643                   216.569272       0.833333       0.669096        0.671237        0.668700
    36    0.003891  1.000000         0.990226      14.519121                   202.163197       0.833333       0.669096        0.671237        0.668700
    37    0.002920  1.000000         1.007654      14.516332                   187.749966       0.825758       0.661688        0.658150        0.656809
    38    0.002335  1.000000         1.019969      14.452820                   173.311218       0.833333       0.669096        0.671237        0.668700
    39    0.001952  1.000000         1.023622      14.425596                   158.864025       0.825758       0.666564        0.664444        0.664510
    40    0.001675  1.000000         1.048857      14.417313                   144.415789       0.833333       0.669096        0.671237        0.668700
    41    0.001438  1.000000         1.054497      14.415273                   129.968581       0.833333       0.669096        0.671237        0.668700
    42    0.001247  1.000000         1.064081      14.393656                   115.518756       0.833333       0.669096        0.673856        0.670297
    43    0.001149  1.000000         1.068413      14.396494                   101.083976       0.833333       0.669096        0.671237        0.668700
    44    0.001041  1.000000         1.074802      14.356430                    86.632036       0.825758       0.666564        0.664444        0.664510
    45    0.000972  1.000000         1.078849      14.335668                    72.181995       0.825758       0.666564        0.664444        0.664510
    46    0.000931  1.000000         1.080388      14.348855                    57.738050       0.825758       0.666564        0.664444        0.664510
    47    0.000905  1.000000         1.082325      14.322049                    43.296408       0.825758       0.666564        0.664444        0.664510
    48    0.000888  1.000000         1.083422      14.326754                    28.859913       0.825758       0.666564        0.664444        0.664510
    49    0.000881  1.000000         1.083567      14.329824                    14.427928       0.825758       0.666564        0.664444        0.664510
    50    0.000880  1.000000         1.083567      14.282193                     0.000000       0.825758       0.666564        0.664444        0.664510
