 epoch  train_loss  train_OA  validation_loss  epoch_seconds  estimated_remaining_seconds  validation_OA  validation_AA  validation_APr  validation_AF1
     1    1.249066  0.592148         1.267819       5.366649                   263.003596       0.780303       0.555041        0.525094        0.537516
     2    0.887181  0.749182         0.826902       5.367047                   259.335193       0.803030       0.557760        0.532398        0.542985
     3    0.765232  0.777535         0.759858       5.422318                   255.353937       0.795455       0.529189        0.478459        0.501582
     4    0.708433  0.816794         0.738276       5.373624                   249.244773       0.825758       0.602197        0.571154        0.585126
     5    0.622993  0.826609         0.714930       5.351376                   243.891995       0.818182       0.547586        0.510887        0.528270
     6    0.615658  0.824427         0.704955       5.424862                   238.513835       0.810606       0.545054        0.501781        0.521917
     7    0.585549  0.848419         0.726010       5.376103                   232.823160       0.818182       0.573625        0.544487        0.556920
     8    0.563038  0.850600         0.703156       5.359351                   227.123144       0.825758       0.576157        0.570549        0.571952
     9    0.514469  0.857143         0.679838       5.361453                   221.507838       0.840909       0.581220        0.582115        0.578427
    10    0.505054  0.859324         0.691599       5.367759                   215.968858       0.825758       0.576157        0.549291        0.560581
    11    0.475000  0.864776         0.682855       5.370227                   210.469231       0.848485       0.583752        0.598049        0.582770
    12    0.453253  0.882225         0.670008       5.421029                   205.151898       0.840909       0.576345        0.567273        0.568421
    13    0.450456  0.876772         0.683787       5.435986                   199.861046       0.840909       0.581220        0.592787        0.578966
    14    0.454163  0.876772         0.663078       5.359280                   194.352119       0.833333       0.573813        0.603124        0.580741
    15    0.434623  0.884406         0.683235       5.340129                   188.818297       0.840909       0.581220        0.576121        0.575330
    16    0.413033  0.886587         0.673922       5.341495                   183.311503       0.840909       0.576345        0.589358        0.574915
    17    0.417268  0.884406         0.673657       5.334389                   177.810379       0.833333       0.573813        0.589087        0.573548
    18    0.406513  0.888768         0.660601       5.336384                   172.331166       0.840909       0.576345        0.589358        0.574915
    19    0.403307  0.892039         0.655384       5.331323                   166.858695       0.840909       0.576345        0.589358        0.574915
    20    0.387761  0.892039         0.674687       5.328005                   161.395605       0.833333       0.573813        0.574643        0.571044
    21    0.403339  0.887677         0.656436       5.339653                   155.961616       0.833333       0.564061        0.571618        0.564246
    22    0.373374  0.897492         0.660047       5.343390                   150.540496       0.840909       0.576345        0.589358        0.574915
    23    0.394851  0.886587         0.658711       5.346242                   145.129353       0.833333       0.568937        0.585626        0.569351
    24    0.348517  0.913850         0.660841       5.351683                   139.729596       0.833333       0.564061        0.567537        0.562451
    25    0.355068  0.911668         0.644048       5.365596                   134.347423       0.840909       0.571469        0.589823        0.572527
    26    0.353223  0.909487         0.646992       5.361926                   128.963055       0.825758       0.561530        0.571310        0.562899
    27    0.360071  0.897492         0.653035       5.359445                   123.578233       0.833333       0.568937        0.585626        0.569351
    28    0.391707  0.894220         0.647046       5.356407                   118.192774       0.848485       0.578876        0.593320        0.578106
    29    0.350230  0.908397         0.657867       5.381835                   112.827666       0.833333       0.568937        0.585626        0.569351
    30    0.330822  0.905125         0.650454       5.379218                   107.459686       0.833333       0.568937        0.616865        0.572689
    31    0.315684  0.913850         0.659387       5.379097                   102.090830       0.833333       0.573813        0.589087        0.573548
    32    0.345112  0.908397         0.649163       5.366703                    96.714369       0.833333       0.568937        0.585626        0.569351
    33    0.358529  0.912759         0.648532       5.405113                    91.358212       0.833333       0.568937        0.585626        0.569351
    34    0.315653  0.917121         0.649995       5.454877                    86.022575       0.833333       0.568937        0.585626        0.569351
    35    0.321901  0.908397         0.643579       5.461824                    80.683205       0.833333       0.568937        0.589515        0.571180
    36    0.306163  0.916031         0.650196       5.469660                    75.339869       0.833333       0.568937        0.585626        0.569351
    37    0.307702  0.922574         0.649787       5.376570                    69.957021       0.825758       0.561530        0.571310        0.562899
    38    0.307296  0.910578         0.641537       5.453845                    64.598988       0.840909       0.571469        0.589823        0.572527
    39    0.320391  0.914940         0.641329       5.448398                    59.234337       0.833333       0.568937        0.589515        0.571180
    40    0.318843  0.910578         0.646449       5.455988                    53.867321       0.833333       0.568937        0.589515        0.571180
    41    0.315378  0.913850         0.639303       5.388043                    48.481016       0.840909       0.571469        0.589823        0.572527
    42    0.328878  0.900763         0.651126       5.340876                    43.085616       0.825758       0.566405        0.585332        0.567986
    43    0.298410  0.925845         0.648982       5.345947                    37.693552       0.833333       0.568937        0.585626        0.569351
    44    0.318137  0.913850         0.650483       5.344504                    32.303356       0.833333       0.568937        0.589515        0.571180
    45    0.316545  0.924755         0.643622       5.351717                    26.915964       0.833333       0.568937        0.589515        0.571180
    46    0.308255  0.914940         0.650058       5.354307                    21.530317       0.833333       0.568937        0.589515        0.571180
    47    0.307260  0.919302         0.645106       5.351644                    16.145806       0.833333       0.568937        0.589515        0.571180
    48    0.301077  0.921483         0.643548       5.365364                    10.763208       0.833333       0.568937        0.589515        0.571180
    49    0.305080  0.916031         0.645869       5.363259                     5.381243       0.833333       0.568937        0.585626        0.569351
    50    0.316212  0.920393         0.645777       5.350387                     0.000000       0.833333       0.568937        0.589515        0.571180
