 epoch  train_loss  train_OA  validation_loss  epoch_seconds  estimated_remaining_seconds  validation_OA  validation_AA  validation_APr  validation_AF1
     1    1.231214  0.269492         1.155365      10.029594                   491.492700       0.270588       0.333333        0.090196        0.141975
     2    1.064821  0.388136         0.994996       9.813231                   478.026695       0.552941       0.355072        0.351852        0.285603
     3    0.979968  0.535593         0.954419       9.801512                   466.790437       0.541176       0.333333        0.180392        0.234097
     4    0.948455  0.540678         0.915496       9.889312                   456.381549       0.541176       0.333333        0.180392        0.234097
     5    0.902975  0.562712         0.847831       9.903183                   446.303995       0.647059       0.514493        0.868421        0.501366
     6    0.841689  0.594915         0.787290       9.948748                   437.165453       0.647059       0.555254        0.800000        0.519349
     7    0.779441  0.623729         0.734093       9.964681                   427.856625       0.623529       0.548007        0.597258        0.530159
     8    0.734272  0.630508         0.701834      10.070285                   418.936887       0.658824       0.583333        0.792289        0.551121
     9    0.696278  0.662712         0.680293       9.993058                   409.402136       0.682353       0.605072        0.813930        0.588675
    10    0.661369  0.679661         0.675373      10.020912                   399.853889       0.670588       0.606884        0.699573        0.631526
    11    0.628514  0.732203         0.662186       9.908468                   389.814802       0.694118       0.646739        0.799377        0.618519
    12    0.603961  0.716949         0.655082       9.937864                   379.640109       0.682353       0.662138        0.684748        0.667104
    13    0.580144  0.730508         0.672248       9.992549                   369.872183       0.682353       0.621377        0.712402        0.647876
    14    0.549988  0.757627         0.685920       9.942079                   359.737573       0.635294       0.592391        0.656566        0.615460
    15    0.520114  0.767797         0.673444       9.972273                   349.698796       0.635294       0.619565        0.651401        0.633006
    16    0.489722  0.781356         0.706739      10.115361                   339.972375       0.588235       0.569746        0.597852        0.581534
    17    0.467095  0.816949         0.692073      10.107518                   330.184901       0.705882       0.663043        0.712912        0.671569
    18    0.432576  0.838983         0.718740      10.138683                   320.545867       0.564706       0.562500        0.572343        0.567117
    19    0.387359  0.871186         0.731654      10.222112                   310.864563       0.705882       0.655797        0.735080        0.668896
    20    0.357064  0.874576         0.765593      10.084470                   300.922642       0.694118       0.648551        0.713027        0.660445
    21    0.315817  0.913559         0.858473      10.063840                   290.938576       0.588235       0.612319        0.615980        0.611144
    22    0.278809  0.928814         0.846106      10.038992                   280.915582       0.682353       0.663043        0.688407        0.673218
    23    0.240896  0.938983         0.953473      10.030826                   270.969243       0.635294       0.606884        0.657198        0.626682
    24    0.206320  0.944068         0.931642      10.032619                   260.930581       0.682353       0.655797        0.676848        0.661565
    25    0.170997  0.955932         0.979326      10.000244                   250.859963       0.670588       0.626812        0.666667        0.629288
    26    0.136766  0.972881         1.030934      10.080668                   240.868934       0.670588       0.634058        0.664719        0.638369
    27    0.110520  0.977966         1.122719      10.124336                   230.908364       0.658824       0.634964        0.654444        0.643213
    28    0.086398  0.983051         1.272314      10.250181                   221.034956       0.611765       0.605978        0.614614        0.609979
    29    0.067917  0.984746         1.295810      10.255018                   211.139062       0.623529       0.613225        0.623723        0.618202
    30    0.052842  0.993220         1.258629      10.120519                   201.129508       0.658824       0.620471        0.654167        0.630405
    31    0.043413  0.993220         1.479132      10.027743                   191.055854       0.647059       0.614130        0.653236        0.630229
    32    0.033998  0.994915         1.453726      10.053367                   180.999466       0.658824       0.634964        0.654444        0.643213
    33    0.029091  0.993220         1.625021      10.054054                   170.943547       0.670588       0.635870        0.675645        0.652253
    34    0.023547  0.994915         1.689064      10.217731                   160.964762       0.658824       0.621377        0.664103        0.638523
    35    0.018798  0.996610         1.746981      10.047483                   150.899263       0.670588       0.635870        0.675645        0.652253
    36    0.014711  0.996610         1.690912       9.906713                   140.780024       0.647059       0.606884        0.651975        0.624305
    37    0.011780  0.998305         1.738176       9.982182                   130.698763       0.647059       0.606884        0.651975        0.624305
    38    0.009856  0.998305         1.817131       9.882061                   120.591031       0.658824       0.621377        0.664103        0.638523
    39    0.008181  1.000000         1.843061       9.887819                   110.496453       0.658824       0.621377        0.664103        0.638523
    40    0.007088  1.000000         1.825044       9.906171                   100.416751       0.658824       0.627717        0.661702        0.641270
    41    0.006385  1.000000         1.873787       9.900053                    90.344142       0.670588       0.642210        0.673996        0.655537
    42    0.005750  1.000000         1.901097       9.915339                    80.282658       0.670588       0.642210        0.673996        0.655537
    43    0.005238  1.000000         1.898473      10.031578                    70.246824       0.658824       0.627717        0.661702        0.641270
    44    0.004946  1.000000         1.917815      10.083586                    60.218250       0.670588       0.642210        0.673996        0.655537
    45    0.004675  1.000000         1.936185      10.225740                    50.202994       0.670588       0.642210        0.673996        0.655537
    46    0.004520  1.000000         1.943067      10.054835                    40.163696       0.670588       0.642210        0.673996        0.655537
    47    0.004415  1.000000         1.947559      10.116601                    30.127651       0.670588       0.642210        0.673996        0.655537
    48    0.004362  1.000000         1.950418      10.281544                    20.095088       0.670588       0.642210        0.673996        0.655537
    49    0.004340  1.000000         1.950561      10.279021                    10.052283       0.670588       0.642210        0.673996        0.655537
    50    0.004337  1.000000         1.950561      10.289208                     0.000000       0.670588       0.642210        0.673996        0.655537
