 epoch  train_loss  train_OA  validation_loss  epoch_seconds  estimated_remaining_seconds  validation_OA  validation_AA  validation_APr  validation_AF1
     1    1.517120  0.539735         1.408041      10.268326                   503.181902       0.625954       0.166667        0.104326        0.128326
     2    1.217226  0.630243         1.093000       9.823108                   484.044146       0.625954       0.166667        0.104326        0.128326
     3    0.946287  0.631347         0.886202       9.809029                   469.659513       0.648855       0.192982        0.208466        0.173077
     4    0.768195  0.728477         0.765419       9.874167                   459.164530       0.725191       0.291788        0.316277        0.277846
     5    0.675731  0.771523         0.707645       9.836244                   448.547662       0.740458       0.325962        0.326599        0.315839
     6    0.630365  0.784768         0.672040       9.907829                   438.672739       0.755725       0.341113        0.343161        0.333968
     7    0.591164  0.803532         0.641832       9.704686                   427.541364       0.801527       0.387764        0.369646        0.376209
     8    0.553259  0.814570         0.616527       9.724012                   416.844442       0.801527       0.382221        0.371830        0.372901
     9    0.513312  0.827815         0.589601       9.952840                   407.050867       0.824427       0.388318        0.399073        0.384288
    10    0.479317  0.843267         0.581971       9.821808                   397.005049       0.809160       0.417513        0.371086        0.391915
    11    0.453365  0.850993         0.547286       9.762518                   386.772511       0.854962       0.424165        0.406106        0.413011
    12    0.412758  0.864238         0.567030       9.727625                   376.499314       0.824427       0.421578        0.379878        0.399067
    13    0.382372  0.876380         0.599657       9.787038                   366.249556       0.778626       0.414926        0.357962        0.380449
    14    0.360913  0.881898         0.570751       9.827928                   356.171012       0.816794       0.419545        0.375323        0.395446
    15    0.331899  0.887417         0.524354       9.779829                   346.013433       0.847328       0.427675        0.395893        0.410534
    16    0.298613  0.897351         0.524485       9.764442                   335.870371       0.854962       0.429708        0.402204        0.414586
    17    0.272849  0.905077         0.530040       9.899935                   326.179073       0.824427       0.421578        0.379878        0.399067
    18    0.237251  0.917219         0.532650       9.836080                   316.210566       0.847328       0.427675        0.395893        0.410534
    19    0.210878  0.921634         0.550782      10.026983                   306.567420       0.847328       0.416589        0.402979        0.407023
    20    0.191134  0.928256         0.522630      10.060782                   296.936571       0.854962       0.522095        0.564145        0.527608
    21    0.166929  0.939294         0.605167       9.823674                   287.043238       0.832061       0.510454        0.551253        0.514971
    22    0.145804  0.949227         0.714108       9.787297                   277.005092       0.801527       0.496781        0.533588        0.498427
    23    0.128158  0.953642         0.601851       9.771195                   266.969923       0.832061       0.427957        0.384582        0.404106
    24    0.112367  0.959161         0.595321       9.883008                   257.077774       0.839695       0.425643        0.393625        0.408785
    25    0.100836  0.965784         0.585903      10.031025                   247.334307       0.854962       0.522095        0.564145        0.527608
    26    0.090355  0.966887         0.620123       9.829119                   237.382292       0.839695       0.424447        0.395028        0.409127
    27    0.080426  0.972406         0.568798       9.748597                   227.370721       0.854962       0.549447        0.652778        0.563258
    28    0.069385  0.974614         0.632770       9.929290                   217.577208       0.847328       0.547414        0.647610        0.559400
    29    0.060354  0.979029         0.625959       9.902715                   207.697164       0.839695       0.550925        0.642262        0.557135
    30    0.053296  0.983444         0.622774       9.772936                   197.729066       0.839695       0.549729        0.616090        0.540068
    31    0.046148  0.987859         0.595862       9.814952                   187.799236       0.839695       0.538642        0.616499        0.536962
    32    0.040670  0.988962         0.636346       9.881803                   177.914148       0.839695       0.542989        0.604001        0.526994
    33    0.035592  0.992274         0.622023       9.868759                   168.030284       0.847328       0.546218        0.621296        0.542556
    34    0.031441  0.991170         0.664294       9.830109                   158.121088       0.847328       0.551761        0.620327        0.543795
    35    0.028041  0.993377         0.699086       9.980583                   148.280830       0.847328       0.557304        0.619816        0.544922
    36    0.024561  0.992274         0.661116       9.982739                   138.433583       0.847328       0.551761        0.618596        0.543367
    37    0.021994  0.994481         0.681751      10.006750                   128.587386       0.854962       0.559337        0.622117        0.548271
    38    0.019937  0.994481         0.677237       9.808866                   118.670240       0.847328       0.551761        0.618596        0.543367
    39    0.017476  0.996689         0.675053       9.752669                   108.742735       0.847328       0.551761        0.618596        0.543367
    40    0.015784  0.996689         0.688320       9.739778                    98.820717       0.847328       0.551761        0.618596        0.543367
    41    0.014094  0.997792         0.688426      10.006921                    88.966208       0.854962       0.553794        0.623473        0.547300
    42    0.013129  0.997792         0.695287       9.946527                    79.092904       0.847328       0.551761        0.618596        0.543367
    43    0.012268  0.997792         0.697147       9.995149                    69.224075       0.854962       0.553794        0.623473        0.547300
    44    0.011763  0.998896         0.701409       9.983336                    59.347866       0.847328       0.551761        0.618596        0.543367
    45    0.011301  0.997792         0.700389       9.985696                    49.467115       0.854962       0.553794        0.623473        0.547300
    46    0.011012  0.998896         0.701659       9.978533                    39.581157       0.854962       0.553794        0.623473        0.547300
    47    0.010813  0.998896         0.701774       9.919944                    29.687486       0.854962       0.553794        0.623473        0.547300
    48    0.010711  0.998896         0.702142       9.818007                    19.788443       0.854962       0.553794        0.623473        0.547300
    49    0.010665  0.998896         0.702224       9.994593                     9.896285       0.854962       0.553794        0.623473        0.547300
    50    0.010658  0.998896         0.702224      10.031531                     0.000000       0.854962       0.553794        0.623473        0.547300
