 epoch  train_loss  train_OA  validation_loss  epoch_seconds  estimated_remaining_seconds  validation_OA  validation_AA  validation_APr  validation_AF1
     1    1.483419  0.593239         1.377252      14.300344                   700.754081       0.598485       0.200000        0.119697        0.149763
     2    1.228096  0.598691         1.115703      14.242112                   686.817061       0.598485       0.200000        0.119697        0.149763
     3    0.998730  0.604144         0.904500      14.429478                   674.411881       0.659091       0.264135        0.307869        0.252521
     4    0.783837  0.732824         0.744576      14.437472                   661.938824       0.727273       0.352405        0.493396        0.352560
     5    0.650042  0.805889         0.623279      14.313335                   647.503697       0.833333       0.526170        0.507752        0.514199
     6    0.561825  0.838604         0.555611      14.299642                   633.005786       0.840909       0.544379        0.511485        0.525518
     7    0.511267  0.842966         0.548280      14.342911                   618.794821       0.810606       0.514749        0.482033        0.497576
     8    0.472507  0.857143         0.533208      14.460375                   604.774627       0.825758       0.519812        0.507774        0.512668
     9    0.441356  0.862595         0.512041      14.338715                   590.102183       0.825758       0.519812        0.504603        0.511167
    10    0.417126  0.866957         0.487789      14.333503                   575.475744       0.840909       0.544379        0.511485        0.525518
    11    0.390785  0.883315         0.505709      14.378472                   561.061394       0.840909       0.544379        0.511485        0.525518
    12    0.371367  0.886587         0.477040      14.441156                   546.851573       0.856061       0.549442        0.520494        0.533278
    13    0.353587  0.893130         0.493338      14.500022                   532.991208       0.856061       0.585233        0.621389        0.579926
    14    0.329953  0.906216         0.504257      14.442913                   518.877476       0.856061       0.544566        0.521667        0.531921
    15    0.308997  0.911668         0.498430      14.438990                   504.525920       0.856061       0.575482        0.593625        0.575773
    16    0.286523  0.916031         0.507836      14.437794                   490.161029       0.856061       0.575482        0.593625        0.575773
    17    0.270289  0.921483         0.525623      14.475494                   475.860279       0.871212       0.606585        0.637444        0.615482
    18    0.246054  0.930207         0.526253      14.455654                   461.638966       0.878788       0.613992        0.666466        0.623470
    19    0.244842  0.916031         0.541168      14.424769                   447.343888       0.863636       0.608929        0.612716        0.607482
    20    0.217715  0.932388         0.569494      14.416687                   432.893929       0.856061       0.580358        0.592609        0.576954
    21    0.197398  0.938931         0.568770      14.402388                   418.427336       0.878788       0.640032        0.642927        0.640168
    22    0.183673  0.944384         0.609549      14.423460                   404.086906       0.840909       0.560667        0.574419        0.564013
    23    0.166181  0.949836         0.641260      14.512087                   389.750447       0.856061       0.601522        0.626466        0.606763
    24    0.153393  0.947655         0.635703      14.514786                   375.402305       0.856061       0.601522        0.611103        0.603391
    25    0.132385  0.961832         0.702722      14.512200                   361.038138       0.833333       0.593927        0.588112        0.588867
    26    0.122470  0.958561         0.680946      14.468034                   346.621787       0.856061       0.612934        0.686744        0.640283
    27    0.109962  0.962923         0.713940      14.368381                   332.181651       0.848485       0.598990        0.606250        0.599350
    28    0.100642  0.969466         0.716426      14.351477                   317.667890       0.848485       0.598990        0.606250        0.599350
    29    0.084128  0.974918         0.715873      14.343262                   303.159334       0.856061       0.627561        0.621548        0.623869
    30    0.071196  0.981461         0.782142      14.355868                   288.670153       0.840909       0.596458        0.601672        0.595382
    31    0.063298  0.981461         0.766015      14.362770                   274.193754       0.840909       0.591583        0.598638        0.594285
    32    0.053764  0.986914         0.782083      14.347596                   259.715880       0.848485       0.594114        0.607154        0.598007
    33    0.046253  0.989095         0.833991      14.364407                   245.254497       0.833333       0.593927        0.592468        0.591466
    34    0.040407  0.990185         0.880730      14.332514                   230.783783       0.825758       0.591395        0.573604        0.580415
    35    0.035750  0.989095         0.868363      14.373796                   216.338604       0.818182       0.583988        0.569318        0.575077
    36    0.030824  0.993457         0.877402      14.438600                   201.922559       0.825758       0.586519        0.576694        0.580291
    37    0.028188  0.993457         0.915021      14.419346                   187.498512       0.825758       0.591395        0.578355        0.583067
    38    0.025252  0.992366         0.903266      14.387402                   173.064566       0.833333       0.593927        0.588112        0.588867
    39    0.023028  0.993457         0.902933      14.412453                   158.640056       0.825758       0.586519        0.583914        0.583541
    40    0.021171  0.993457         0.937224      14.427868                   144.219941       0.833333       0.593927        0.586376        0.587513
    41    0.019748  0.993457         0.924297      14.455787                   129.805525       0.825758       0.586519        0.583914        0.583541
    42    0.018713  0.993457         0.941235      14.509104                   115.399255       0.833333       0.593927        0.597345        0.591482
    43    0.017895  0.993457         0.946558      14.482067                   100.983766       0.833333       0.593927        0.597345        0.591482
    44    0.017160  0.994547         0.933792      14.512129                    86.569323       0.833333       0.589051        0.597500        0.590055
    45    0.016768  0.994547         0.944859      14.442249                    72.142746       0.833333       0.593927        0.588112        0.588867
    46    0.016419  0.994547         0.954193      14.423639                    57.713831       0.833333       0.593927        0.597345        0.591482
    47    0.016236  0.994547         0.953809      14.470093                    43.288073       0.833333       0.593927        0.597345        0.591482
    48    0.016100  0.994547         0.952131      14.368422                    28.856210       0.833333       0.593927        0.597345        0.591482
    49    0.016038  0.995638         0.952132      14.359913                    14.426726       0.833333       0.593927        0.597345        0.591482
    50    0.016029  0.995638         0.952132      14.336749                     0.000000       0.833333       0.593927        0.597345        0.591482
