 epoch  train_loss  train_OA  validation_loss  epoch_seconds  estimated_remaining_seconds  validation_OA  validation_AA  validation_APr  validation_AF1
     1    1.367725  0.621413         1.409339       2.456390                   120.398119       0.725191       0.379721        0.322988        0.341866
     2    0.955719  0.738411         1.000350       2.193185                   113.385463       0.748092       0.419910        0.496160        0.413467
     3    0.870395  0.740618         0.878672       2.195518                   109.557057       0.748092       0.414367        0.499784        0.413999
     4    0.743969  0.801325         0.846267       2.187996                   106.468849       0.763359       0.484221        0.443228        0.460255
     5    0.684043  0.814570         0.828523       2.195304                   103.738065       0.793893       0.437648        0.534814        0.443042
     6    0.681356  0.812362         0.815618       2.196363                   100.638367       0.770992       0.452163        0.466801        0.454329
     7    0.636505  0.820088         0.826420       2.182006                    97.708552       0.778626       0.447456        0.464542        0.452968
     8    0.622879  0.837748         0.802950       2.180199                    94.956072       0.778626       0.466478        0.464300        0.459549
     9    0.608332  0.835541         0.743407       2.183559                    92.345965       0.809160       0.474608        0.488185        0.474568
    10    0.588038  0.831126         0.761738       2.194208                    90.166711       0.786260       0.481187        0.503540        0.491142
    11    0.581658  0.849890         0.783906       2.205881                    88.005535       0.763359       0.466760        0.456388        0.456192
    12    0.558759  0.854305         0.777232       2.185512                    85.525968       0.763359       0.454477        0.457462        0.452726
    13    0.524544  0.864238         0.713116       2.182207                    83.082215       0.809160       0.473412        0.485283        0.475999
    14    0.527066  0.856512         0.717433       2.180001                    80.670151       0.786260       0.455032        0.477381        0.463674
    15    0.545718  0.846578         0.749692       2.184584                    78.300045       0.778626       0.465282        0.473784        0.466437
    16    0.532537  0.854305         0.720758       2.198599                    75.982287       0.786260       0.459379        0.454438        0.456854
    17    0.477685  0.870861         0.750334       2.180167                    73.643001       0.770992       0.463249        0.468935        0.462917
    18    0.476070  0.860927         0.731658       2.186128                    71.331661       0.778626       0.457346        0.454212        0.455719
    19    0.470748  0.871965         0.749770       2.183384                    69.029050       0.786260       0.472858        0.471890        0.468719
    20    0.456345  0.883002         0.707489       2.200816                    66.764337       0.801527       0.476923        0.481817        0.476296
    21    0.435228  0.878587         0.728455       2.200195                    64.504855       0.809160       0.472216        0.467857        0.469873
    22    0.451233  0.877483         0.708642       2.197294                    62.246945       0.778626       0.457346        0.445517        0.450991
    23    0.442022  0.877483         0.748786       2.200652                    59.998212       0.770992       0.463249        0.464406        0.460148
    24    0.423207  0.880795         0.745486       2.201466                    57.754365       0.801527       0.476923        0.486758        0.479200
    25    0.413646  0.890728         0.699881       2.212187                    55.524526       0.801527       0.476923        0.486758        0.479200
    26    0.474471  0.867550         0.690358       2.202616                    53.287191       0.778626       0.457346        0.445517        0.450991
    27    0.417499  0.891832         0.730551       2.198603                    51.048932       0.778626       0.470825        0.472427        0.468500
    28    0.405986  0.884106         0.709866       2.218183                    48.828879       0.793893       0.468151        0.462010        0.465002
    29    0.403635  0.903974         0.677320       2.203933                    46.598550       0.809160       0.472216        0.490224        0.479135
    30    0.399625  0.876380         0.667636       2.199465                    44.366982       0.809160       0.465476        0.465436        0.465344
    31    0.408152  0.888521         0.692611       2.209341                    42.143629       0.801527       0.476923        0.481817        0.476674
    32    0.406883  0.887417         0.731957       2.200954                    39.916256       0.770992       0.462053        0.446290        0.453623
    33    0.392556  0.890728         0.709212       2.199916                    37.689929       0.793893       0.474890        0.476651        0.472636
    34    0.388640  0.900662         0.705482       2.194679                    35.462646       0.801527       0.463444        0.459814        0.461607
    35    0.378579  0.891832         0.731513       2.199598                    33.239296       0.770992       0.462053        0.446290        0.453623
    36    0.379305  0.892936         0.673102       2.182752                    31.010677       0.801527       0.463444        0.459814        0.461607
    37    0.424885  0.875276         0.735615       2.181270                    28.783972       0.778626       0.464086        0.452083        0.457778
    38    0.369744  0.899558         0.703022       2.185911                    26.561103       0.786260       0.459379        0.449909        0.454438
    39    0.402522  0.894040         0.705756       2.195804                    24.342885       0.778626       0.457346        0.445517        0.450991
    40    0.374379  0.895143         0.692474       2.182809                    22.122515       0.786260       0.459379        0.449909        0.454438
    41    0.381197  0.901766         0.707298       2.184678                    19.904395       0.778626       0.457346        0.445517        0.450991
    42    0.373781  0.896247         0.743768       2.202121                    17.691113       0.770992       0.462053        0.446290        0.453623
    43    0.367802  0.905077         0.727926       2.197110                    15.477502       0.778626       0.464086        0.451057        0.457202
    44    0.360725  0.909492         0.684955       2.203692                    13.265507       0.793893       0.461411        0.454658        0.457974
    45    0.373181  0.898455         0.694685       2.199532                    11.053401       0.801527       0.470183        0.462231        0.466123
    46    0.368050  0.897351         0.724244       2.199128                     8.841773       0.770992       0.462053        0.442124        0.451311
    47    0.373114  0.902870         0.699652       2.198005                     6.630577       0.786260       0.459379        0.449909        0.454438
    48    0.386990  0.888521         0.691120       2.200176                     4.419994       0.786260       0.459379        0.449909        0.454438
    49    0.364629  0.898455         0.708260       2.199522                     2.209796       0.778626       0.457346        0.445517        0.450991
    50    0.412872  0.887417         0.721317       2.199339                     0.000000       0.778626       0.464086        0.447917        0.455465
