 epoch  train_loss  train_OA  validation_loss  epoch_seconds  estimated_remaining_seconds  validation_OA  validation_AA  validation_APr  validation_AF1
     1    1.418098  0.565121         1.398749       2.355734                   115.464832       0.740458       0.382590        0.336249        0.356034
     2    0.986670  0.731788         0.832686       2.195121                   110.969527       0.755725       0.379916        0.344089        0.360339
     3    0.826635  0.764901         0.672962       2.190870                   107.931993       0.770992       0.465282        0.438285        0.451058
     4    0.784827  0.789183         0.600471       2.187460                   105.246444       0.809160       0.554713        0.631050        0.578909
     5    0.767688  0.792494         0.642500       2.194669                   102.801892       0.793893       0.476923        0.446909        0.460874
     6    0.674693  0.812362         0.589873       2.197967                    99.887624       0.809160       0.475444        0.455728        0.465188
     7    0.660343  0.828918         0.573994       2.199255                    97.185537       0.816794       0.477477        0.461002        0.468734
     8    0.624849  0.824503         0.561996       2.210938                    94.670393       0.816794       0.477477        0.464881        0.470425
     9    0.583811  0.836645         0.555446       2.200204                    92.173690       0.824427       0.559614        0.498799        0.523400
    10    0.591508  0.850993         0.556788       2.204229                    89.752686       0.816794       0.477477        0.464881        0.470425
    11    0.580145  0.853201         0.546667       2.197821                    87.347969       0.839695       0.528752        0.647727        0.550194
    12    0.592902  0.834437         0.534719       2.201152                    84.988101       0.824427       0.524687        0.635382        0.542073
    13    0.563778  0.848786         0.553699       2.197226                    82.641570       0.816794       0.603955        0.657951        0.587457
    14    0.524464  0.860927         0.565813       2.199539                    80.510429       0.801527       0.473412        0.450889        0.461738
    15    0.517368  0.867550         0.548809       2.199534                    78.189353       0.832061       0.526719        0.641557        0.545921
    16    0.501931  0.858720         0.547366       2.199115                    75.882564       0.824427       0.519144        0.633621        0.538606
    17    0.485060  0.864238         0.530148       2.203659                    73.597190       0.832061       0.526719        0.641557        0.545921
    18    0.477910  0.860927         0.525266       2.206070                    71.325136       0.832061       0.521176        0.643874        0.544073
    19    0.505016  0.854305         0.564749       2.217304                    69.078279       0.801527       0.513046        0.617322        0.527298
    20    0.478636  0.865342         0.533485       2.206209                    66.817689       0.832061       0.526719        0.641557        0.545921
    21    0.464263  0.868653         0.548655       2.198828                    64.552064       0.824427       0.519144        0.633224        0.537985
    22    0.495552  0.854305         0.536941       2.195925                    62.288692       0.824427       0.519144        0.633224        0.537985
    23    0.456270  0.876380         0.529679       2.198665                    60.034370       0.832061       0.521176        0.644745        0.543713
    24    0.458807  0.876380         0.549212       2.192071                    57.777484       0.809160       0.520622        0.621809        0.533191
    25    0.425937  0.883002         0.540727       2.188693                    55.522391       0.816794       0.517111        0.628347        0.535059
    26    0.434270  0.871965         0.539638       2.193392                    53.276680       0.832061       0.521176        0.639582        0.541762
    27    0.415204  0.886313         0.527487       2.185224                    51.027815       0.832061       0.521176        0.644745        0.543713
    28    0.411187  0.878587         0.531438       2.252687                    48.836447       0.832061       0.521176        0.644745        0.543713
    29    0.426015  0.873068         0.538049       2.211574                    46.611053       0.824427       0.519144        0.633224        0.537985
    30    0.452421  0.873068         0.541604       2.201927                    44.380160       0.832061       0.521176        0.639582        0.541762
    31    0.426699  0.878587         0.547131       2.199435                    42.149550       0.832061       0.521176        0.639582        0.541762
    32    0.403357  0.889625         0.526625       2.199974                    39.921182       0.839695       0.523209        0.652599        0.547759
    33    0.384055  0.891832         0.535260       2.197536                    37.693214       0.839695       0.523209        0.646617        0.545663
    34    0.430381  0.876380         0.536293       2.185019                    35.461104       0.824427       0.519144        0.633224        0.537985
    35    0.416013  0.897351         0.532556       2.211588                    33.243028       0.839695       0.523209        0.652599        0.547759
    36    0.392937  0.902870         0.528316       2.194891                    31.018810       0.832061       0.521176        0.644745        0.543713
    37    0.409281  0.888521         0.530654       2.190006                    28.794403       0.832061       0.521176        0.644745        0.543713
    38    0.448323  0.884106         0.533588       2.201287                    26.575362       0.824427       0.519144        0.637688        0.539802
    39    0.393227  0.895143         0.551453       2.200865                    24.357049       0.809160       0.520622        0.621809        0.533191
    40    0.402814  0.898455         0.534244       2.198127                    22.138901       0.847328       0.525241        0.658775        0.552006
    41    0.369895  0.896247         0.533152       2.199555                    19.922015       0.832061       0.521176        0.644745        0.543713
    42    0.390177  0.894040         0.530976       2.197509                    17.705519       0.832061       0.521176        0.644745        0.543713
    43    0.387837  0.889625         0.531315       2.200538                    15.490376       0.832061       0.521176        0.639582        0.541762
    44    0.386623  0.905077         0.533725       2.201873                    13.276045       0.832061       0.521176        0.639582        0.541762
    45    0.404281  0.888521         0.546572       2.215028                    11.063712       0.824427       0.519144        0.633224        0.537985
    46    0.406867  0.889625         0.536450       2.224735                     8.852068       0.824427       0.519144        0.633224        0.537985
    47    0.394366  0.895143         0.534876       2.218038                     6.639412       0.832061       0.521176        0.644745        0.543713
    48    0.403266  0.888521         0.532329       2.219720                     4.426575       0.824427       0.519144        0.633224        0.537985
    49    0.373548  0.896247         0.530006       2.224557                     2.213530       0.832061       0.521176        0.644745        0.543713
    50    0.373045  0.907285         0.530079       2.219015                     0.000000       0.839695       0.523209        0.652599        0.547759
