 epoch  train_loss  train_OA  validation_loss  epoch_seconds  estimated_remaining_seconds  validation_OA  validation_AA  validation_APr  validation_AF1
     1    1.662599  0.208288         1.516335      14.185030                   695.100710       0.204545       0.200000        0.040909        0.067925
     2    1.286936  0.473282         1.061439      14.295642                   685.374205       0.621212       0.222222        0.273438        0.191367
     3    0.957423  0.647764         0.845216      14.413820                   674.407876       0.719697       0.328270        0.297806        0.307830
     4    0.790081  0.740458         0.702057      14.395143                   661.462109       0.787879       0.417590        0.509848        0.407048
     5    0.660296  0.809160         0.646753      14.405438                   647.987513       0.818182       0.529808        0.504044        0.507934
     6    0.569814  0.829880         0.579150      14.409104                   634.208304       0.833333       0.545673        0.498794        0.516633
     7    0.505011  0.840785         0.532631      14.423453                   620.303284       0.848485       0.545860        0.508964        0.524840
     8    0.464393  0.853871         0.513122      14.411521                   606.203241       0.856061       0.548392        0.523529        0.532576
     9    0.436462  0.856052         0.515652      14.404557                   591.973168       0.856061       0.553268        0.519558        0.530714
    10    0.409662  0.874591         0.514086      14.409644                   577.422862       0.871212       0.610411        0.727160        0.624683
    11    0.381407  0.883315         0.560060      14.395638                   563.100513       0.810606       0.538078        0.499515        0.508817
    12    0.360888  0.895311         0.488806      14.508477                   548.886287       0.878788       0.612942        0.733664        0.630280
    13    0.339357  0.889858         0.482384      14.459403                   534.701768       0.871212       0.621212        0.725351        0.629302
    14    0.315436  0.895311         0.478448      14.516585                   520.420302       0.878788       0.618868        0.667775        0.626106
    15    0.294402  0.907306         0.523423      14.479177                   506.019763       0.848485       0.550736        0.515833        0.526938
    16    0.274383  0.916031         0.481658      14.408390                   491.458730       0.871212       0.616336        0.661190        0.620557
    17    0.249500  0.910578         0.501946      14.398484                   476.897680       0.848485       0.629906        0.611306        0.618246
    18    0.233617  0.926936         0.491825      14.462074                   462.466615       0.886364       0.610598        0.679070        0.627820
    19    0.209178  0.926936         0.511214      14.348029                   447.846240       0.863636       0.608929        0.626176        0.609371
    20    0.184009  0.944384         0.577453      14.351674                   433.258473       0.833333       0.603678        0.645538        0.603839
    21    0.164483  0.945474         0.545136      14.285138                   418.600911       0.871212       0.616336        0.661190        0.620557
    22    0.140338  0.954198         0.528495      14.281614                   403.972745       0.871212       0.611461        0.635562        0.616533
    23    0.119519  0.964013         0.556320      14.286664                   389.380499       0.863636       0.594302        0.638550        0.609863
    24    0.103633  0.965104         0.615948      14.280320                   374.806974       0.848485       0.629906        0.643985        0.631168
    25    0.086803  0.980371         0.646780      14.291474                   360.343947       0.856061       0.653866        0.725792        0.673314
    26    0.070586  0.982552         0.683332      14.393615                   345.980863       0.848485       0.603866        0.605792        0.600587
    27    0.058384  0.988004         0.682754      14.517885                   331.652532       0.863636       0.656397        0.701477        0.670496
    28    0.048655  0.988004         0.727667      14.513466                   317.307148       0.863636       0.656397        0.701477        0.670496
    29    0.039934  0.991276         0.755126      14.492547                   302.934977       0.848485       0.603866        0.625792        0.606647
    30    0.030591  0.995638         0.804702      14.515909                   288.570289       0.840909       0.643927        0.658166        0.647754
    31    0.024245  0.997819         0.798621      14.514496                   274.194994       0.856061       0.696458        0.713002        0.701830
    32    0.018277  0.996728         0.813805      14.481311                   259.836808       0.871212       0.701522        0.751667        0.721623
    33    0.014326  0.998909         0.936554      14.488682                   245.468006       0.833333       0.641395        0.666171        0.648378
    34    0.011618  0.998909         0.900940      14.408495                   231.014608       0.848485       0.693927        0.692803        0.689331
    35    0.008947  0.998909         0.943835      14.490579                   216.598886       0.863636       0.698990        0.718143        0.705984
    36    0.007858  0.997819         0.994725      14.520213                   202.190462       0.848485       0.646458        0.675032        0.656285
    37    0.005897  1.000000         0.992816      14.420148                   187.740809       0.848485       0.646458        0.675032        0.656285
    38    0.005048  1.000000         0.998877      14.416939                   173.291668       0.856061       0.696458        0.713002        0.701830
    39    0.004382  1.000000         1.023003      14.432722                   158.848563       0.856061       0.648990        0.679864        0.660344
    40    0.003606  1.000000         1.032366      14.509430                   144.425138       0.863636       0.698990        0.718143        0.705984
    41    0.003151  1.000000         1.036058      14.495503                   129.994420       0.863636       0.698990        0.718143        0.705984
    42    0.002809  1.000000         1.060847      14.470423                   115.555801       0.863636       0.698990        0.718143        0.705984
    43    0.002517  1.000000         1.069019      14.541496                   101.127241       0.863636       0.698990        0.718143        0.705984
    44    0.002321  1.000000         1.074480      14.397140                    86.673823       0.863636       0.698990        0.718143        0.705984
    45    0.002173  1.000000         1.075757      14.373247                    72.220237       0.863636       0.698990        0.718143        0.705984
    46    0.002058  1.000000         1.083537      14.390359                    57.771601       0.863636       0.698990        0.718143        0.705984
    47    0.002009  1.000000         1.083223      14.346127                    43.322579       0.863636       0.698990        0.718143        0.705984
    48    0.001972  1.000000         1.084975      14.460460                    28.882570       0.863636       0.698990        0.718143        0.705984
    49    0.001954  1.000000         1.084992      14.378584                    14.440022       0.863636       0.698990        0.718143        0.705984
    50    0.001952  1.000000         1.084992      14.356680                     0.000000       0.863636       0.698990        0.718143        0.705984
