 epoch  train_loss  train_OA  validation_loss  epoch_seconds  estimated_remaining_seconds  validation_OA  validation_AA  validation_APr  validation_AF1
     1    1.237397  0.628135         1.299369       5.339172                   261.658030       0.727273       0.573722        0.540668        0.549363
     2    0.890185  0.743730         1.006361       5.342743                   258.090734       0.734848       0.603343        0.520707        0.551919
     3    0.776831  0.785169         0.925658       5.350578                   253.419398       0.742424       0.605875        0.524402        0.555714
     4    0.708246  0.804798         0.909702       5.362907                   248.501976       0.757576       0.599526        0.572453        0.573787
     5    0.678897  0.814613         0.852681       5.354927                   243.308240       0.765152       0.613470        0.557698        0.580421
     6    0.636367  0.828790         0.832791       5.357365                   238.067569       0.765152       0.613470        0.550738        0.576927
     7    0.590565  0.848419         0.778338       5.367777                   232.397698       0.780303       0.618533        0.556307        0.582004
     8    0.555682  0.852781         0.792404       5.365585                   227.162356       0.772727       0.616002        0.551979        0.578245
     9    0.563573  0.854962         0.727182       5.375539                   221.606049       0.780303       0.597369        0.560714        0.575578
    10    0.537706  0.865867         0.708924       5.366201                   216.049087       0.787879       0.621065        0.566806        0.589321
    11    0.518513  0.860414         0.714351       5.371926                   210.798892       0.803030       0.636930        0.578106        0.602500
    12    0.505778  0.862595         0.752492       5.375526                   205.524830       0.780303       0.618533        0.550703        0.575534
    13    0.482690  0.876772         0.710969       5.356625                   199.970429       0.787879       0.621065        0.571717        0.592831
    14    0.453684  0.884406         0.710454       5.366759                   194.470207       0.795455       0.623597        0.564628        0.589685
    15    0.461665  0.873501         0.715353       5.360093                   188.972093       0.787879       0.621065        0.558099        0.582867
    16    0.466127  0.875682         0.702995       5.391640                   183.558159       0.803030       0.684398        0.642572        0.655256
    17    0.424295  0.892039         0.678801       5.366545                   178.235240       0.795455       0.666189        0.634948        0.641951
    18    0.437239  0.893130         0.645417       5.367199                   172.775121       0.795455       0.618721        0.569507        0.588650
    19    0.425830  0.889858         0.662395       5.368329                   167.326555       0.795455       0.618721        0.567650        0.584501
    20    0.401409  0.892039         0.658139       5.363291                   161.878377       0.787879       0.590149        0.540657        0.560388
    21    0.411528  0.892039         0.649020       5.391894                   156.478207       0.795455       0.592681        0.563329        0.573141
    22    0.403060  0.887677         0.640272       5.460660                   151.165798       0.803030       0.668721        0.668477        0.652958
    23    0.409170  0.892039         0.633083       5.359513                   145.721764       0.803030       0.621252        0.568667        0.587756
    24    0.376405  0.896401         0.669260       5.361546                   140.287311       0.780303       0.613657        0.546119        0.571638
    25    0.375687  0.904035         0.687514       5.358114                   134.854761       0.787879       0.626991        0.550771        0.579635
    26    0.378337  0.904035         0.680725       5.361060                   129.430625       0.787879       0.616189        0.546320        0.573142
    27    0.375728  0.892039         0.639875       5.374269                   124.022286       0.803030       0.621252        0.576872        0.589982
    28    0.357999  0.901854         0.644608       5.381777                   118.634748       0.787879       0.616189        0.551392        0.573187
    29    0.359080  0.901854         0.669848       5.375562                   113.230462       0.780303       0.613657        0.546119        0.571638
    30    0.357658  0.901854         0.642676       5.378494                   107.829998       0.803030       0.621252        0.576872        0.589982
    31    0.349091  0.899673         0.658944       5.407229                   102.448527       0.780303       0.613657        0.542087        0.569300
    32    0.350883  0.902944         0.619606       5.460108                    97.095161       0.795455       0.640149        0.652323        0.633077
    33    0.378890  0.894220         0.638231       5.482724                    91.746939       0.787879       0.616189        0.545493        0.571351
    34    0.353084  0.909487         0.627849       5.464528                    86.382287       0.803030       0.621252        0.561301        0.584154
    35    0.341445  0.907306         0.625781       5.373191                    80.972672       0.803030       0.621252        0.567840        0.585965
    36    0.350657  0.908397         0.637663       5.374805                    75.565721       0.803030       0.668721        0.668477        0.652958
    37    0.365666  0.898582         0.611363       5.379164                    70.161943       0.818182       0.626316        0.580564        0.595460
    38    0.346923  0.908397         0.617043       5.459259                    64.784719       0.825758       0.676316        0.683020        0.663300
    39    0.365283  0.899673         0.625026       5.446318                    59.421243       0.810606       0.623784        0.572623        0.589916
    40    0.342999  0.910578         0.617965       5.367836                    54.010969       0.803030       0.621252        0.567840        0.585965
    41    0.338207  0.908397         0.618489       5.374799                    48.604244       0.803030       0.621252        0.567840        0.585965
    42    0.355477  0.909487         0.638773       5.372127                    43.198497       0.795455       0.618721        0.563254        0.580691
    43    0.348298  0.904035         0.630057       5.375064                    37.794761       0.795455       0.618721        0.563348        0.582081
    44    0.343268  0.909487         0.609329       5.377895                    32.392684       0.825758       0.628847        0.592133        0.600668
    45    0.354838  0.906216         0.641223       5.383685                    26.992298       0.795455       0.618721        0.563254        0.580691
    46    0.355436  0.905125         0.617481       5.385792                    21.592793       0.810606       0.623784        0.581358        0.593846
    47    0.342381  0.906216         0.613746       5.402306                    16.194898       0.810606       0.623784        0.573153        0.588704
    48    0.336763  0.914940         0.642441       5.383189                    10.795996       0.795455       0.618721        0.563254        0.580691
    49    0.327137  0.922574         0.604807       5.385071                     5.397748       0.825758       0.628847        0.592133        0.600668
    50    0.333675  0.906216         0.653860       5.385587                     0.000000       0.787879       0.616189        0.555787        0.576996
