 epoch  train_loss  train_OA  validation_loss  epoch_seconds  estimated_remaining_seconds  validation_OA  validation_AA  validation_APr  validation_AF1
     1    1.074861  0.608646         0.937675       7.892781                   386.784214       0.645669       0.250000        0.161417        0.196172
     2    0.870967  0.658703         0.829981       7.141569                   362.889072       0.661417       0.276316        0.414000        0.245687
     3    0.758629  0.713311         0.713273       7.166127                   350.463180       0.716535       0.396954        0.462357        0.378477
     4    0.660852  0.754266         0.648240       7.203684                   341.211165       0.755906       0.447252        0.558974        0.451290
     5    0.599364  0.774744         0.628764       7.128137                   332.021542       0.771654       0.483677        0.567955        0.474034
     6    0.562587  0.790671         0.585880       7.253061                   324.410593       0.763780       0.505572        0.514800        0.501786
     7    0.513063  0.817975         0.555537       7.275891                   317.028988       0.787402       0.524828        0.548656        0.515422
     8    0.471575  0.838453         0.540324       7.093863                   308.689660       0.795276       0.546301        0.547778        0.531759
     9    0.418913  0.853242         0.555418       7.119476                   300.717124       0.779528       0.556833        0.527943        0.533229
    10    0.357519  0.877133         0.550633       7.095441                   292.801443       0.795276       0.554615        0.546002        0.535248
    11    0.311413  0.889647         0.541006       7.047840                   284.850035       0.763780       0.567365        0.511845        0.534722
    12    0.262969  0.904437         0.522656       7.139043                   277.026757       0.779528       0.565148        0.528592        0.542480
    13    0.202185  0.931741         0.584902       7.150387                   269.613694       0.803150       0.565979        0.556818        0.553398
    14    0.159836  0.953356         0.613653       7.037558                   261.933089       0.795276       0.579560        0.543951        0.558713
    15    0.127089  0.956769         0.681448       7.109816                   254.494871       0.795276       0.561136        0.550794        0.551740
    16    0.102310  0.968146         0.657601       7.034279                   246.721509       0.787402       0.591347        0.542170        0.563707
    17    0.081248  0.977247         0.724722       7.063910                   239.275587       0.763780       0.548941        0.518280        0.531798
    18    0.073922  0.985210         0.755743       7.010298                   231.598631       0.771654       0.541881        0.527836        0.534021
    19    0.062263  0.986348         0.768516       7.078080                   224.102449       0.803150       0.572500        0.558227        0.562033
    20    0.051438  0.988623         0.787374       7.093831                   216.671535       0.795276       0.561136        0.550794        0.551740
    21    0.042772  0.989761         0.796471       7.231130                   209.462218       0.795276       0.559342        0.552237        0.553165
    22    0.038636  0.992036         0.824770       7.239142                   202.261024       0.795276       0.567657        0.550216        0.557568
    23    0.031429  0.993174         0.854321       7.188960                   194.997550       0.811024       0.573754        0.574644        0.571893
    24    0.024969  0.994312         0.871923       7.252916                   187.905058       0.795276       0.551027        0.561121        0.551535
    25    0.022497  0.995449         0.886088       7.219011                   180.670562       0.811024       0.573754        0.574644        0.571893
    26    0.017502  0.995449         0.942954       7.106823                   173.333603       0.803150       0.579020        0.562500        0.570170
    27    0.015234  0.997725         0.928516       7.131299                   166.034532       0.803150       0.562391        0.568110        0.561934
    28    0.011930  0.997725         0.970374       7.142313                   158.756028       0.811024       0.573754        0.574644        0.571893
    29    0.009812  0.998862         0.989680       7.118743                   151.469847       0.811024       0.573754        0.574644        0.571893
    30    0.008098  0.998862         0.998475       7.100912                   144.182820       0.811024       0.573754        0.574644        0.571893
    31    0.006957  1.000000         1.023634       7.118952                   136.918856       0.811024       0.573754        0.574644        0.571893
    32    0.005914  1.000000         1.007973       7.087048                   129.645956       0.811024       0.573754        0.574644        0.571893
    33    0.005181  1.000000         1.055499       7.086565                   122.383973       0.818898       0.585118        0.580805        0.581446
    34    0.004659  1.000000         1.065822       7.028932                   115.146148       0.811024       0.573754        0.574644        0.571893
    35    0.004145  1.000000         1.070138       7.101446                   107.909026       0.811024       0.573754        0.574644        0.571893
    36    0.003823  1.000000         1.087450       7.189594                   100.713661       0.811024       0.573754        0.574644        0.571893
    37    0.003541  1.000000         1.094454       7.190134                    93.518753       0.811024       0.573754        0.574644        0.571893
    38    0.003334  1.000000         1.103681       7.064015                    86.284307       0.811024       0.573754        0.574644        0.571893
    39    0.003145  1.000000         1.112759       7.078632                    79.062645       0.811024       0.573754        0.574644        0.571893
    40    0.002991  1.000000         1.119528       7.191411                    71.876279       0.811024       0.573754        0.574644        0.571893
    41    0.002877  1.000000         1.118418       7.219218                    64.695747       0.811024       0.573754        0.574644        0.571893
    42    0.002778  1.000000         1.123425       6.998085                    57.471231       0.811024       0.573754        0.574644        0.571893
    43    0.002702  1.000000         1.127270       7.030163                    50.262410       0.811024       0.573754        0.574644        0.571893
    44    0.002648  1.000000         1.129817       7.129413                    43.075219       0.811024       0.573754        0.574644        0.571893
    45    0.002604  1.000000         1.131522       7.121160                    35.889647       0.811024       0.573754        0.574644        0.571893
    46    0.002573  1.000000         1.132670       7.231844                    28.716468       0.811024       0.573754        0.574644        0.571893
    47    0.002554  1.000000         1.133379       7.103746                    21.532589       0.811024       0.573754        0.574644        0.571893
    48    0.002542  1.000000         1.133807       7.077345                    14.350915       0.811024       0.573754        0.574644        0.571893
    49    0.002537  1.000000         1.133842       7.053748                     7.172990       0.811024       0.573754        0.574644        0.571893
    50    0.002536  1.000000         1.133842       7.097195                     0.000000       0.811024       0.573754        0.574644        0.571893
