 epoch  train_loss  train_OA  validation_loss  epoch_seconds  estimated_remaining_seconds  validation_OA  validation_AA  validation_APr  validation_AF1
     1    1.405231  0.382770         1.112013      16.378949                   802.604889       0.598485       0.200000        0.119697        0.149763
     2    0.993204  0.604144         0.909103      16.477603                   790.900934       0.621212       0.237900        0.425203        0.223190
     3    0.815000  0.706652         0.780478      16.501041                   776.308375       0.772727       0.457834        0.469070        0.455429
     4    0.679586  0.797165         0.704395      16.468349                   760.181548       0.795455       0.529189        0.471476        0.496547
     5    0.592722  0.824427         0.652276      16.485339                   744.080019       0.803030       0.557760        0.673683        0.547644
     6    0.527720  0.837514         0.635629      16.475677                   727.807433       0.803030       0.562636        0.682982        0.552853
     7    0.491473  0.841876         0.588200      16.597892                   712.186876       0.825758       0.545852        0.695947        0.555979
     8    0.455957  0.859324         0.586047      16.674459                   696.696874       0.825758       0.565355        0.685603        0.558965
     9    0.423326  0.866957         0.571053      16.506931                   680.173072       0.825758       0.550728        0.694713        0.557837
    10    0.400570  0.873501         0.563489      16.514279                   663.284880       0.818182       0.548196        0.689767        0.553987
    11    0.373244  0.880044         0.556490      16.552102                   646.598916       0.833333       0.563011        0.697976        0.564960
    12    0.347417  0.887677         0.629984      16.579384                   630.309451       0.795455       0.569963        0.630989        0.583755
    13    0.311457  0.908397         0.557902      16.741241                   614.422814       0.825758       0.593056        0.590499        0.591330
    14    0.279263  0.914940         0.576711      16.608600                   598.066907       0.825758       0.588180        0.587674        0.585858
    15    0.259727  0.912759         0.566018      16.537641                   581.279878       0.833333       0.605339        0.623333        0.611262
    16    0.223547  0.930207         0.648434      16.534018                   564.720161       0.803030       0.551331        0.654242        0.582237
    17    0.195639  0.937841         0.618504      16.526190                   547.950436       0.825758       0.583305        0.591775        0.583473
    18    0.160698  0.954198         0.631314      16.536625                   531.226357       0.825758       0.576768        0.643029        0.594009
    19    0.127371  0.959651         0.719711      16.571519                   514.578895       0.810606       0.552201        0.593466        0.569793
    20    0.102663  0.972737         0.720971      16.538091                   497.888905       0.818182       0.559609        0.579388        0.568064
    21    0.077781  0.983642         0.751938      16.556418                   481.238458       0.825758       0.571892        0.594858        0.580999
    22    0.058963  0.992366         0.780423      16.550582                   464.589216       0.833333       0.579299        0.616975        0.591773
    23    0.046917  0.990185         0.830648      16.583825                   447.987430       0.825758       0.571892        0.599118        0.584149
    24    0.033657  0.996728         0.887839      16.548919                   431.349324       0.818182       0.564485        0.597306        0.579130
    25    0.026089  0.996728         0.913800      16.547261                   414.716677       0.825758       0.571892        0.599118        0.584149
    26    0.020016  0.998909         0.942194      16.552576                   398.095361       0.810606       0.561953        0.587474        0.573387
    27    0.015589  1.000000         0.992366      16.531153                   381.460917       0.810606       0.561953        0.587474        0.573387
    28    0.012452  1.000000         1.021275      16.522778                   364.827114       0.810606       0.561953        0.580952        0.570564
    29    0.010585  1.000000         1.043513      16.531721                   348.207385       0.810606       0.561953        0.580952        0.570564
    30    0.009094  1.000000         1.081062      16.517199                   331.583797       0.810606       0.561953        0.587474        0.573387
    31    0.007840  1.000000         1.095465      16.530399                   314.975146       0.810606       0.561953        0.580952        0.570564
    32    0.007003  1.000000         1.118521      16.522981                   298.367241       0.810606       0.561953        0.580952        0.570564
    33    0.006259  1.000000         1.136742      16.523762                   281.764782       0.810606       0.561953        0.580952        0.570564
    34    0.005708  1.000000         1.149219      16.518559                   265.164450       0.810606       0.561953        0.580952        0.570564
    35    0.005228  1.000000         1.153975      16.523138                   248.570709       0.818182       0.569360        0.582952        0.575541
    36    0.004849  1.000000         1.170814      16.513522                   231.977186       0.818182       0.569360        0.582952        0.575541
    37    0.004549  1.000000         1.174344      16.502639                   215.384046       0.818182       0.569360        0.582952        0.575541
    38    0.004298  1.000000         1.187544      16.516805                   198.800104       0.818182       0.569360        0.582952        0.575541
    39    0.004077  1.000000         1.196882      16.686568                   182.267559       0.818182       0.569360        0.582952        0.575541
    40    0.003917  1.000000         1.205548      16.513017                   165.683774       0.818182       0.569360        0.582952        0.575541
    41    0.003760  1.000000         1.208740      16.535357                   149.108308       0.818182       0.569360        0.582952        0.575541
    42    0.003651  1.000000         1.213697      16.510921                   132.530058       0.818182       0.569360        0.582952        0.575541
    43    0.003554  1.000000         1.218228      16.560477                   115.962981       0.818182       0.569360        0.582952        0.575541
    44    0.003484  1.000000         1.220354      16.559927                    99.396096       0.818182       0.569360        0.582952        0.575541
    45    0.003430  1.000000         1.222269      16.512087                    82.824159       0.818182       0.569360        0.582952        0.575541
    46    0.003394  1.000000         1.223484      16.512858                    66.254864       0.818182       0.569360        0.582952        0.575541
    47    0.003367  1.000000         1.224245      16.531870                    49.689162       0.818182       0.569360        0.582952        0.575541
    48    0.003353  1.000000         1.224521      16.513593                    33.124076       0.818182       0.569360        0.582952        0.575541
    49    0.003346  1.000000         1.224582      16.533938                    16.561480       0.818182       0.569360        0.582952        0.575541
    50    0.003345  1.000000         1.224582      16.506462                     0.000000       0.818182       0.569360        0.582952        0.575541
