 epoch  train_loss  train_OA  validation_loss  epoch_seconds  estimated_remaining_seconds  validation_OA  validation_AA  validation_APr  validation_AF1
     1    1.159858  0.649945         1.046355       5.552333                   272.117998       0.719697       0.512134        0.599980        0.473746
     2    0.870776  0.770992         0.934759       5.543907                   268.609457       0.727273       0.598711        0.516667        0.543201
     3    0.769167  0.792803         0.862000       5.550896                   263.774573       0.772727       0.613901        0.539369        0.567634
     4    0.731869  0.804798         0.877552       5.536997                   258.376625       0.765152       0.643335        0.546189        0.583333
     5    0.700821  0.811341         0.845423       5.544813                   252.958784       0.765152       0.621732        0.545981        0.572593
     6    0.688857  0.814613         0.791241       5.555808                   246.861965       0.772727       0.572623        0.544195        0.543630
     7    0.658246  0.817884         0.814867       5.555964                   240.920843       0.772727       0.561822        0.548888        0.540693
     8    0.618143  0.840785         0.779377       5.554859                   235.072184       0.772727       0.561822        0.548888        0.540693
     9    0.611595  0.835333         0.767494       5.677257                   229.845610       0.787879       0.603726        0.577501        0.579829
    10    0.604737  0.842966         0.750718       5.545141                   223.998809       0.803030       0.655994        0.590528        0.617645
    11    0.600799  0.833152         0.737406       5.576279                   218.659480       0.787879       0.598851        0.553617        0.569388
    12    0.561120  0.834242         0.719677       5.561657                   212.913704       0.803030       0.619591        0.616063        0.601015
    13    0.569462  0.844057         0.683886       5.573925                   207.229879       0.810606       0.679689        0.597247        0.631794
    14    0.547844  0.845147         0.712130       5.651071                   201.998604       0.787879       0.598851        0.562114        0.574312
    15    0.540878  0.846238         0.702100       5.655108                   196.491781       0.787879       0.646055        0.578090        0.606157
    16    0.540099  0.844057         0.684357       5.577904                   190.802300       0.810606       0.611321        0.597412        0.596423
    17    0.525769  0.851690         0.638281       5.525465                   185.024181       0.810606       0.632485        0.593452        0.609243
    18    0.524456  0.847328         0.682022       5.524105                   179.271525       0.803030       0.619591        0.589268        0.594185
    19    0.502906  0.853871         0.630309       5.533638                   173.558424       0.795455       0.648586        0.578338        0.607699
    20    0.514771  0.849509         0.651747       5.529578                   167.857084       0.818182       0.729689        0.698440        0.697007
    21    0.502925  0.853871         0.618982       5.528876                   162.304931       0.803030       0.651118        0.588138        0.614462
    22    0.505026  0.859324         0.618809       5.521344                   156.613112       0.803030       0.629954        0.589614        0.605361
    23    0.474886  0.856052         0.660676       5.516054                   150.929962       0.810606       0.622123        0.625420        0.607841
    24    0.490476  0.868048         0.635025       5.532434                   145.278321       0.810606       0.679689        0.594083        0.627742
    25    0.480270  0.851690         0.618082       5.519512                   139.623404       0.810606       0.632485        0.593452        0.609243
    26    0.475951  0.863686         0.562890       5.515673                   133.975138       0.810606       0.606446        0.599972        0.595104
    27    0.485500  0.859324         0.617541       5.591973                   128.401639       0.803030       0.651118        0.588138        0.614462
    28    0.470438  0.861505         0.631872       5.649636                   122.901093       0.810606       0.664451        0.585714        0.617963
    29    0.460596  0.863686         0.634092       5.639116                   117.353376       0.803030       0.629954        0.589614        0.605361
    30    0.481785  0.865867         0.624179       5.493312                   111.702249       0.810606       0.643287        0.594436        0.613782
    31    0.456165  0.869138         0.603243       5.501270                   106.066152       0.810606       0.658525        0.618185        0.633932
    32    0.455735  0.865867         0.590990       5.499362                   100.437361       0.818182       0.661057        0.615000        0.633882
    33    0.442295  0.864776         0.580788       5.498274                    94.815797       0.825758       0.674390        0.608955        0.636714
    34    0.450943  0.869138         0.613733       5.497239                    89.200969       0.818182       0.671859        0.608754        0.635211
    35    0.459862  0.873501         0.596390       5.502654                    83.595245       0.818182       0.671859        0.608754        0.635211
    36    0.444709  0.869138         0.601362       5.498840                    77.993636       0.810606       0.643287        0.610069        0.620266
    37    0.440532  0.866957         0.620126       5.501197                    72.398507       0.818182       0.671859        0.608754        0.635211
    38    0.446116  0.871320         0.603931       5.505682                    66.809563       0.825758       0.674390        0.608955        0.636714
    39    0.443398  0.874591         0.569160       5.497037                    61.222413       0.818182       0.661057        0.604167        0.628291
    40    0.434783  0.880044         0.595086       5.500770                    55.640668       0.825758       0.674390        0.608955        0.636714
    41    0.437771  0.861505         0.600417       5.505018                    50.063785       0.818182       0.671859        0.608754        0.635211
    42    0.429622  0.870229         0.586066       5.507116                    44.490689       0.810606       0.653649        0.588373        0.615963
    43    0.434045  0.877863         0.605660       5.512365                    38.921483       0.818182       0.671859        0.608754        0.635211
    44    0.441313  0.869138         0.593120       5.538689                    33.358427       0.818182       0.671859        0.608754        0.635211
    45    0.428383  0.872410         0.602815       5.545782                    27.797211       0.818182       0.671859        0.608754        0.635211
    46    0.426457  0.875682         0.617334       5.612373                    22.242428       0.818182       0.671859        0.608754        0.635211
    47    0.427270  0.871320         0.623135       5.605103                    16.684703       0.818182       0.671859        0.608754        0.635211
    48    0.440526  0.878953         0.598197       5.548755                    11.122629       0.818182       0.671859        0.608754        0.635211
    49    0.457849  0.865867         0.594114       5.536440                     5.560820       0.818182       0.671859        0.608754        0.635211
    50    0.440707  0.870229         0.572312       5.561609                     0.000000       0.825758       0.663589        0.615228        0.635363
