 epoch  train_loss  train_OA  validation_loss  epoch_seconds  estimated_remaining_seconds  validation_OA  validation_AA  validation_APr  validation_AF1
     1    1.395358  0.557395         1.326487       2.301182                   112.797634       0.671756       0.397192        0.402440        0.384297
     2    1.109587  0.671082         1.161558       2.157445                   109.241558       0.702290       0.431478        0.370870        0.388242
     3    1.066211  0.692053         1.007265       2.171087                   106.777058       0.702290       0.395432        0.403244        0.385405
     4    0.932716  0.733996         0.938789       2.162578                   103.255716       0.725191       0.439968        0.402874        0.415042
     5    0.875238  0.745033         0.955079       2.161900                   101.093682       0.709924       0.396269        0.373163        0.378679
     6    0.870842  0.749448         0.939732       2.167387                    98.271347       0.740458       0.449576        0.391147        0.412453
     7    0.839062  0.750552         0.986938       2.164383                    95.617447       0.702290       0.406913        0.381919        0.387261
     8    0.828907  0.774834         0.901876       2.169393                    93.112157       0.702290       0.374018        0.369164        0.370967
     9    0.795580  0.768212         0.853775       2.167193                    90.671105       0.748092       0.504756        0.455855        0.474678
    10    0.798212  0.770419         0.869542       2.173388                    88.692725       0.740458       0.429358        0.394973        0.404396
    11    0.771450  0.771523         0.886818       2.162515                    86.283178       0.732824       0.395627        0.383548        0.386564
    12    0.750441  0.783664         0.861336       2.166776                    83.928523       0.709924       0.376050        0.399242        0.379406
    13    0.739940  0.786976         0.817505       2.166140                    81.600763       0.732824       0.395627        0.409551        0.393630
    14    0.735223  0.795806         0.778348       2.166340                    79.296541       0.740458       0.390920        0.380348        0.384119
    15    0.762139  0.768212         0.835175       2.164232                    77.005615       0.748092       0.417518        0.416445        0.406100
    16    0.748792  0.788079         0.801413       2.167293                    74.736914       0.732824       0.399974        0.370855        0.383267
    17    0.689367  0.800221         0.836938       2.170759                    72.486875       0.763359       0.425930        0.388880        0.404408
    18    0.670235  0.812362         0.815645       2.162074                    70.230052       0.740458       0.402006        0.376603        0.387641
    19    0.678788  0.805740         0.822853       2.169870                    67.996222       0.755725       0.414007        0.397156        0.401123
    20    0.645638  0.801325         0.771907       2.177759                    65.780196       0.725191       0.386855        0.368754        0.376855
    21    0.631489  0.813466         0.769385       2.166253                    63.551983       0.755725       0.394985        0.396471        0.391812
    22    0.661968  0.815673         0.757496       2.163537                    61.325877       0.732824       0.388887        0.371670        0.379279
    23    0.648400  0.811258         0.825333       2.172922                    59.116138       0.748092       0.417518        0.393477        0.400263
    24    0.624742  0.811258         0.810993       2.164285                    56.900042       0.717557       0.452644        0.413404        0.429498
    25    0.619027  0.814570         0.791889       2.167546                    54.691292       0.725191       0.380115        0.380027        0.378157
    26    0.678313  0.796909         0.782860       2.173923                    52.491542       0.725191       0.454677        0.418070        0.433020
    27    0.623136  0.815673         0.760223       2.170288                    50.290586       0.755725       0.412811        0.423949        0.409353
    28    0.634231  0.817881         0.763057       2.164351                    48.087098       0.725191       0.380115        0.357804        0.367575
    29    0.598126  0.843267         0.727339       2.167350                    45.888422       0.740458       0.384180        0.392904        0.386454
    30    0.611786  0.822296         0.701613       2.163969                    43.689533       0.748092       0.386213        0.387500        0.382998
    31    0.610208  0.814570         0.727973       2.165478                    41.493787       0.732824       0.387691        0.390201        0.387369
    32    0.586642  0.832230         0.771897       2.174440                    39.304958       0.748092       0.405235        0.389617        0.393841
    33    0.591818  0.835541         0.736743       2.175427                    37.117454       0.748092       0.405235        0.420404        0.403805
    34    0.579820  0.827815         0.753348       2.170565                    34.928333       0.732824       0.387691        0.387226        0.385941
    35    0.587615  0.836645         0.792372       2.160653                    32.735991       0.740458       0.408746        0.391345        0.396430
    36    0.575240  0.835541         0.706880       2.169874                    30.548969       0.748092       0.392952        0.401411        0.392970
    37    0.624906  0.813466         0.761254       2.167031                    28.361903       0.732824       0.386495        0.374450        0.380186
    38    0.559771  0.845475         0.722566       2.161688                    26.174108       0.732824       0.387691        0.372360        0.379094
    39    0.593320  0.833333         0.729595       2.170285                    23.990037       0.732824       0.387691        0.372360        0.379094
    40    0.575978  0.830022         0.717019       2.183788                    21.809996       0.740458       0.396463        0.389570        0.390584
    41    0.569274  0.836645         0.726282       2.160136                    19.624558       0.725191       0.378919        0.372705        0.375523
    42    0.570313  0.834437         0.749010       2.166306                    17.441463       0.740458       0.402006        0.387421        0.391783
    43    0.578340  0.831126         0.768447       2.164239                    15.264440       0.748092       0.404039        0.397727        0.398488
    44    0.567490  0.839956         0.706620       2.155122                    13.080408       0.717557       0.371343        0.367857        0.369134
    45    0.566489  0.831126         0.714377       2.168692                    10.899147       0.740458       0.390920        0.390312        0.387672
    46    0.576483  0.823400         0.749352       2.164317                     8.718023       0.748092       0.404039        0.391316        0.395247
    47    0.564400  0.841060         0.735009       2.161469                     6.537406       0.732824       0.387691        0.372360        0.379094
    48    0.594953  0.816777         0.721144       2.163674                     4.357659       0.717557       0.371343        0.367857        0.369134
    49    0.559787  0.843267         0.742416       2.172167                     2.178706       0.740458       0.395267        0.387994        0.389710
    50    0.611526  0.815673         0.757666       2.162201                     0.000000       0.725191       0.384462        0.364169        0.373275
