 epoch  train_loss  train_OA  validation_loss  epoch_seconds  estimated_remaining_seconds  validation_OA  validation_AA  validation_APr  validation_AF1
     1    0.941975  0.657565         0.888558       7.376370                   361.479423       0.653543       0.263158        0.412698        0.222115
     2    0.821958  0.683732         0.809094       7.118007                   350.146256       0.708661       0.355263        0.358542        0.340404
     3    0.730045  0.716724         0.736229       7.156119                   342.001237       0.685039       0.403183        0.404040        0.383713
     4    0.653343  0.750853         0.677652       7.214840                   335.129256       0.740157       0.482728        0.497389        0.487317
     5    0.601054  0.770193         0.624037       7.276344                   328.641488       0.740157       0.449469        0.513511        0.455878
     6    0.553970  0.792947         0.594943       7.078486                   319.695520       0.740157       0.482728        0.497389        0.487317
     7    0.514537  0.817975         0.563131       7.157455                   311.768402       0.755906       0.502524        0.506157        0.495571
     8    0.465168  0.840728         0.549605       7.149410                   304.475930       0.779528       0.559218        0.674854        0.594170
     9    0.419091  0.862344         0.559676       7.149371                   297.215155       0.803150       0.584403        0.561310        0.560018
    10    0.377067  0.862344         0.559641       7.356136                   290.396775       0.795276       0.544506        0.587637        0.538056
    11    0.333189  0.877133         0.556779       7.255181                   283.122843       0.818898       0.679076        0.772360        0.705415
    12    0.274244  0.902162         0.567949       7.272197                   276.212288       0.795276       0.696668        0.794724        0.723030
    13    0.223644  0.934016         0.600570       7.307234                   269.315978       0.826772       0.688645        0.847549        0.744541
    14    0.187065  0.945392         0.620183       7.159963                   261.971147       0.826772       0.700548        0.765642        0.718785
    15    0.149049  0.954494         0.628434       7.209225                   254.537589       0.842520       0.725070        0.846547        0.760265
    16    0.118177  0.972696         0.654781       7.168329                   247.239716       0.818898       0.695705        0.743441        0.714414
    17    0.091593  0.977247         0.727971       7.045514                   239.530141       0.795276       0.651505        0.686551        0.663644
    18    0.076767  0.984073         0.722529       7.048272                   231.899042       0.826772       0.696960        0.721678        0.708135
    19    0.060628  0.985210         0.757334       7.041604                   224.318497       0.826772       0.696960        0.721678        0.708135
    20    0.054132  0.989761         0.763943       7.011742                   216.746870       0.818898       0.685596        0.715517        0.698583
    21    0.041133  0.989761         0.785846       7.022239                   209.243068       0.811024       0.672438        0.702746        0.685986
    22    0.035206  0.990899         0.810161       7.160265                   201.958628       0.818898       0.685596        0.708520        0.695940
    23    0.030358  0.990899         0.843070       7.003008                   194.500411       0.811024       0.682548        0.706293        0.691392
    24    0.022407  0.994312         0.876215       7.177616                   187.269196       0.811024       0.654014        0.705556        0.675308
    25    0.019206  0.996587         0.872053       7.183528                   180.048167       0.795276       0.658026        0.684866        0.669611
    26    0.014791  0.998862         0.902040       7.161012                   172.809052       0.803150       0.661075        0.703321        0.678700
    27    0.012490  0.998862         0.926773       7.090346                   165.515649       0.803150       0.661075        0.703321        0.678700
    28    0.010201  0.998862         0.940939       7.084747                   158.232195       0.811024       0.664124        0.714788        0.684381
    29    0.008365  0.998862         0.954664       7.203409                   151.048266       0.803150       0.661075        0.703321        0.678700
    30    0.007090  0.998862         0.972745       7.032969                   143.749413       0.811024       0.664124        0.714788        0.684381
    31    0.006103  1.000000         0.985145       7.028139                   136.464752       0.811024       0.664124        0.706130        0.681624
    32    0.005419  1.000000         0.994641       7.015469                   129.188932       0.803150       0.661075        0.703321        0.678700
    33    0.004774  1.000000         1.006338       7.029321                   121.936359       0.811024       0.664124        0.714788        0.684381
    34    0.004295  1.000000         1.016412       7.036043                   114.699707       0.811024       0.664124        0.714788        0.684381
    35    0.003910  1.000000         1.023582       7.016201                   107.465924       0.803150       0.661075        0.703321        0.678700
    36    0.003654  1.000000         1.034075       7.033175                   100.250764       0.811024       0.664124        0.714788        0.684381
    37    0.003387  1.000000         1.040152       7.049910                    93.051265       0.811024       0.664124        0.714788        0.684381
    38    0.003190  1.000000         1.046438       7.130359                    85.885026       0.811024       0.664124        0.714788        0.684381
    39    0.003027  1.000000         1.051494       7.066360                    78.702549       0.811024       0.664124        0.714788        0.684381
    40    0.002895  1.000000         1.054362       7.126779                    71.540946       0.811024       0.664124        0.714788        0.684381
    41    0.002797  1.000000         1.058716       7.085884                    64.372059       0.811024       0.664124        0.714788        0.684381
    42    0.002704  1.000000         1.061821       7.062346                    57.202575       0.811024       0.664124        0.714788        0.684381
    43    0.002639  1.000000         1.063902       7.165960                    50.054907       0.811024       0.664124        0.714788        0.684381
    44    0.002584  1.000000         1.065922       7.156750                    42.905131       0.811024       0.664124        0.714788        0.684381
    45    0.002546  1.000000         1.067072       7.163427                    35.755752       0.811024       0.664124        0.714788        0.684381
    46    0.002518  1.000000         1.067963       7.199891                    28.608897       0.811024       0.664124        0.714788        0.684381
    47    0.002498  1.000000         1.068601       7.183518                    21.458717       0.811024       0.664124        0.714788        0.684381
    48    0.002487  1.000000         1.068756       7.173611                    14.306705       0.811024       0.664124        0.714788        0.684381
    49    0.002482  1.000000         1.068798       7.244454                     7.155226       0.811024       0.664124        0.714788        0.684381
    50    0.002481  1.000000         1.068798       7.292348                     0.000000       0.811024       0.664124        0.714788        0.684381
