 epoch  train_loss  train_OA  validation_loss  epoch_seconds  estimated_remaining_seconds  validation_OA  validation_AA  validation_APr  validation_AF1
     1    1.477960  0.450331         1.113474       7.590008                   371.949627       0.625954       0.166667        0.104326        0.128326
     2    1.016143  0.634658         0.932615       7.439941                   363.060009       0.656489       0.201754        0.194444        0.182716
     3    0.875535  0.678808         0.814662       7.329894                   353.344167       0.748092       0.308972        0.401168        0.305250
     4    0.772735  0.726269         0.729465       7.354500                   345.014025       0.740458       0.306940        0.367453        0.302338
     5    0.700120  0.763797         0.696149       7.480585                   337.342487       0.748092       0.315712        0.371429        0.308652
     6    0.642338  0.779249         0.650521       7.318297                   329.247065       0.801527       0.386568        0.383191        0.377453
     7    0.593694  0.790287         0.622194       7.325565                   321.372255       0.793893       0.383339        0.373112        0.376923
     8    0.535428  0.809051         0.623161       7.319858                   313.094520       0.793893       0.372253        0.381287        0.371667
     9    0.475927  0.838852         0.616458       7.415606                   305.465592       0.748092       0.353318        0.338757        0.345607
    10    0.427806  0.853201         0.622399       7.391884                   297.783908       0.770992       0.381589        0.349956        0.364533
    11    0.363540  0.879691         0.580773       7.491685                   290.508767       0.801527       0.402001        0.369542        0.384939
    12    0.313580  0.902870         0.646257       7.508532                   283.558766       0.778626       0.394708        0.351872        0.369220
    13    0.277162  0.909492         0.690985       7.429594                   276.006647       0.770992       0.472780        0.442277        0.450137
    14    0.232702  0.934879         0.652927       7.482898                   268.850859       0.786260       0.479237        0.525694        0.485834
    15    0.202740  0.937086         0.643212       7.423641                   261.482929       0.801527       0.477759        0.541238        0.495098
    16    0.174750  0.939294         0.656773       7.489723                   254.247060       0.809160       0.486531        0.540975        0.499081
    17    0.148985  0.952539         0.710355       7.535851                   247.063592       0.816794       0.487367        0.542910        0.500340
    18    0.141377  0.954746         0.806404       7.439980                   239.660818       0.786260       0.461411        0.539250        0.486114
    19    0.137685  0.956954         0.802102       7.585255                   232.328949       0.816794       0.494107        0.546953        0.505746
    20    0.111179  0.970199         0.799367       7.583373                   225.109398       0.801527       0.473412        0.537378        0.490079
    21    0.099128  0.966887         0.824540       7.518720                   217.627585       0.824427       0.491792        0.558473        0.510141
    22    0.089901  0.974614         0.839292       7.369257                   210.075316       0.786260       0.453476        0.449346        0.450828
    23    0.079590  0.976821         0.864010       7.343998                   202.387107       0.809160       0.473052        0.423372        0.437382
    24    0.070451  0.979029         0.862653       7.455494                   194.848393       0.824427       0.489400        0.446248        0.464732
    25    0.062465  0.984547         0.899908       7.538944                   187.399756       0.809160       0.479791        0.436688        0.455148
    26    0.053009  0.984547         0.944965       7.430529                   179.844061       0.793893       0.493946        0.463102        0.462028
    27    0.045490  0.991170         0.962987       7.410169                   172.280190       0.816794       0.487367        0.440457        0.460774
    28    0.040189  0.992274         0.980747       7.522638                   164.815570       0.816794       0.487367        0.441006        0.460791
    29    0.032656  0.995585         1.013565       7.374401                   157.239553       0.809160       0.478595        0.435887        0.454306
    30    0.027768  0.997792         1.014647       7.443889                   149.723362       0.816794       0.487367        0.466442        0.476528
    31    0.024103  0.997792         1.041471       7.625515                   142.323050       0.801527       0.469823        0.418928        0.437347
    32    0.020261  0.998896         1.062798       7.400273                   134.781921       0.793893       0.461051        0.413174        0.425999
    33    0.018137  1.000000         1.073489       7.387246                   127.242586       0.786260       0.459019        0.401412        0.416187
    34    0.015840  1.000000         1.078696       7.395540                   119.716052       0.793893       0.461051        0.407183        0.423246
    35    0.014251  1.000000         1.097540       7.366137                   112.184562       0.778626       0.450247        0.399759        0.407696
    36    0.013193  1.000000         1.102952       7.350311                   104.655875       0.786260       0.452280        0.406919        0.411605
    37    0.012234  1.000000         1.112997       7.317930                    97.125378       0.786260       0.452280        0.406919        0.411605
    38    0.011229  1.000000         1.117934       7.347476                    89.615361       0.786260       0.452280        0.406919        0.411605
    39    0.010585  1.000000         1.125577       7.369356                    82.119788       0.786260       0.452280        0.406919        0.411605
    40    0.010041  1.000000         1.129742       7.393345                    74.636486       0.786260       0.452280        0.406919        0.411605
    41    0.009677  1.000000         1.133288       7.317217                    67.140859       0.786260       0.452280        0.406919        0.411605
    42    0.009320  1.000000         1.136072       7.411158                    59.671581       0.786260       0.452280        0.403942        0.413433
    43    0.009080  1.000000         1.138187       7.463261                    52.213471       0.786260       0.452280        0.403942        0.413433
    44    0.008863  1.000000         1.139958       7.382792                    44.744114       0.786260       0.452280        0.403942        0.413433
    45    0.008702  1.000000         1.141564       7.365056                    37.276585       0.786260       0.452280        0.403942        0.413433
    46    0.008596  1.000000         1.142492       7.361647                    29.813262       0.786260       0.452280        0.403942        0.413433
    47    0.008520  1.000000         1.143156       7.342099                    22.352894       0.786260       0.452280        0.403942        0.413433
    48    0.008479  1.000000         1.143378       7.306630                    14.895942       0.786260       0.452280        0.403942        0.413433
    49    0.008460  1.000000         1.143424       7.344297                     7.445870       0.786260       0.452280        0.403942        0.413433
    50    0.008457  1.000000         1.143424       7.458813                     0.000000       0.786260       0.452280        0.403942        0.413433
