 epoch  train_loss  train_OA  validation_loss  epoch_seconds  estimated_remaining_seconds  validation_OA  validation_AA  validation_APr  validation_AF1
     1    1.420226  0.545254         1.294815       2.337165                   114.558843       0.641221       0.339538        0.288494        0.302671
     2    1.121944  0.660044         1.193671       2.191778                   111.072879       0.694656       0.393400        0.390212        0.377096
     3    0.992108  0.715232         1.035409       2.173626                   108.087256       0.740458       0.381029        0.373357        0.369783
     4    0.935600  0.738411         1.113788       2.164237                   104.235986       0.702290       0.376410        0.344461        0.355498
     5    0.904702  0.746137         1.022358       2.152662                   100.955621       0.740458       0.405595        0.494037        0.407055
     6    0.878413  0.771523         1.050504       2.168893                    98.865928       0.709924       0.378443        0.364148        0.370215
     7    0.834845  0.757174         1.021970       2.173723                    96.172722       0.732824       0.391280        0.384864        0.383478
     8    0.785089  0.775938         1.003487       2.162449                    93.550167       0.755725       0.409660        0.499669        0.413345
     9    0.751663  0.768212         1.006549       2.171289                    91.493628       0.748092       0.400888        0.390771        0.391595
    10    0.762698  0.770419         1.046559       2.168099                    89.010787       0.709924       0.371703        0.343364        0.354578
    11    0.732115  0.783664         0.969555       2.166939                    86.580783       0.748092       0.395345        0.390925        0.387913
    12    0.705622  0.792494         1.005379       2.161441                    84.177197       0.755725       0.409660        0.500966        0.413007
    13    0.707180  0.795806         0.941823       2.170925                    81.837741       0.763359       0.404953        0.435354        0.411111
    14    0.674152  0.793598         0.968175       2.162082                    79.499558       0.763359       0.492993        0.590904        0.501948
    15    0.634336  0.809051         0.987503       2.169341                    77.425745       0.755725       0.485417        0.561926        0.481235
    16    0.665485  0.804636         0.969064       2.167408                    75.119765       0.740458       0.481352        0.552466        0.474154
    17    0.605436  0.807947         1.019407       2.167336                    72.829828       0.732824       0.392476        0.484353        0.393847
    18    0.638287  0.818985         1.006398       2.170380                    70.558924       0.748092       0.488928        0.558166        0.480921
    19    0.631502  0.811258         1.006522       2.175499                    68.306937       0.717557       0.380475        0.385193        0.381049
    20    0.660243  0.792494         0.962256       2.198148                    66.096482       0.732824       0.377801        0.396845        0.385812
    21    0.607373  0.827815         0.966086       2.170831                    63.849467       0.717557       0.373736        0.386111        0.378657
    22    0.583471  0.827815         1.032406       2.168258                    61.605990       0.702290       0.361735        0.351670        0.351931
    23    0.607721  0.815673         0.977892       2.163155                    59.363034       0.740458       0.474613        0.462532        0.453842
    24    0.580595  0.830022         0.961630       2.167249                    57.131271       0.709924       0.446265        0.434294        0.419399
    25    0.579406  0.822296         0.966309       2.166675                    54.903854       0.740458       0.400052        0.423171        0.403319
    26    0.597435  0.820088         0.968620       2.164271                    52.678842       0.732824       0.465841        0.533333        0.450880
    27    0.598105  0.821192         0.957803       2.164253                    50.458284       0.755725       0.490961        0.553853        0.476754
    28    0.591845  0.814570         0.986496       2.167445                    48.244181       0.717557       0.373736        0.372222        0.372705
    29    0.581231  0.826711         0.963971       2.165862                    46.032155       0.732824       0.385736        0.380652        0.379771
    30    0.540592  0.837748         1.022252       2.164736                    43.822447       0.732824       0.465841        0.451673        0.440620
    31    0.558444  0.836645         0.961388       2.167378                    41.617140       0.732824       0.391280        0.381944        0.383825
    32    0.571758  0.823400         0.990105       2.164713                    39.412689       0.717557       0.448297        0.438596        0.422413
    33    0.519194  0.842163         0.974734       2.170718                    37.213698       0.748092       0.483385        0.548171        0.469986
    34    0.530261  0.847682         0.979264       2.167096                    35.014620       0.709924       0.371703        0.367919        0.369691
    35    0.502030  0.846578         0.999999       2.178347                    32.822176       0.725191       0.389247        0.374912        0.381381
    36    0.513783  0.836645         0.995541       2.160660                    30.623601       0.740458       0.481352        0.474440        0.466970
    37    0.524069  0.841060         0.948755       2.169171                    28.430008       0.717557       0.368193        0.372246        0.369746
    38    0.501202  0.856512         0.963807       2.164774                    26.236284       0.725191       0.458265        0.426170        0.433574
    39    0.545874  0.844371         0.984147       2.163578                    24.043673       0.717557       0.373736        0.372222        0.372705
    40    0.488050  0.843267         0.982590       2.171137                    21.854377       0.732824       0.391280        0.379199        0.384397
    41    0.510711  0.850993         0.973400       2.165873                    19.664784       0.717557       0.373736        0.372222        0.372705
    42    0.540275  0.854305         0.977338       2.170381                    17.477145       0.748092       0.483385        0.478727        0.469986
    43    0.484822  0.855408         0.989342       2.178803                    15.297422       0.725191       0.383704        0.373139        0.377351
    44    0.529576  0.835541         0.963610       2.166346                    13.109565       0.717557       0.373736        0.372222        0.372705
    45    0.508808  0.843267         0.968292       2.164310                    10.922413       0.725191       0.382508        0.375000        0.378261
    46    0.494369  0.847682         0.986413       2.164215                     8.736227       0.725191       0.389247        0.374912        0.381381
    47    0.502237  0.841060         0.973469       2.164722                     6.550976       0.725191       0.463808        0.440142        0.447866
    48    0.534948  0.837748         0.976912       2.162693                     4.366469       0.725191       0.382508        0.375000        0.378261
    49    0.517621  0.850993         0.963224       2.171601                     2.183010       0.717557       0.373736        0.372222        0.372705
    50    0.517604  0.839956         0.983914       2.172033                     0.000000       0.709924       0.371703        0.367919        0.369691
