 epoch  train_loss  train_OA  validation_loss  epoch_seconds  estimated_remaining_seconds  validation_OA  validation_AA  validation_APr  validation_AF1
     1    1.004080  0.649602         0.947478       7.258634                   355.707693       0.645669       0.250000        0.161417        0.196172
     2    0.879065  0.649602         0.831232       7.178796                   348.818605       0.645669       0.250000        0.161417        0.196172
     3    0.741729  0.708760         0.716280       7.066396                   338.419264       0.732283       0.397669        0.587937        0.412861
     4    0.651812  0.759954         0.639076       7.101718                   331.142625       0.771654       0.486609        0.555258        0.503348
     5    0.595955  0.774744         0.583966       7.086638                   323.768106       0.803150       0.554076        0.575674        0.555358
     6    0.545609  0.802048         0.561071       7.026127                   316.019476       0.826772       0.598276        0.590112        0.584027
     7    0.498758  0.827076         0.542416       7.053491                   308.623002       0.834646       0.617954        0.587281        0.600765
     8    0.445336  0.843003         0.528128       7.085969                   301.456450       0.803150       0.547555        0.598656        0.546672
     9    0.405279  0.853242         0.514508       7.102224                   293.940772       0.811024       0.563645        0.576608        0.568656
    10    0.345843  0.888510         0.499566       7.117771                   286.568281       0.834646       0.572791        0.609935        0.585956
    11    0.307933  0.891923         0.477062       7.099847                   279.178623       0.834646       0.601325        0.593391        0.596647
    12    0.252364  0.919226         0.483191       7.164180                   272.040730       0.826772       0.581646        0.607061        0.578393
    13    0.219746  0.924915         0.488205       7.065772                   264.618370       0.850394       0.615737        0.595789        0.604232
    14    0.176406  0.944255         0.519769       7.128251                   257.650680       0.850394       0.658558        0.869792        0.702925
    15    0.148036  0.951081         0.555743       7.220213                   250.837309       0.866142       0.613520        0.643590        0.620403
    16    0.116730  0.967008         0.524454       7.245185                   243.838557       0.858268       0.661607        0.883405        0.705329
    17    0.088228  0.976109         0.557609       7.114821                   236.740109       0.858268       0.618786        0.620400        0.616912
    18    0.075188  0.981797         0.555687       7.122200                   229.475546       0.842520       0.612688        0.605776        0.605521
    19    0.062819  0.985210         0.581446       7.248709                   222.432252       0.866142       0.621835        0.623241        0.619853
    20    0.054604  0.987486         0.608563       7.106778                   215.155398       0.874016       0.624883        0.633052        0.626546
    21    0.048369  0.989761         0.570885       7.098331                   207.882943       0.858268       0.668128        0.713173        0.687066
    22    0.039556  0.990899         0.624016       7.139422                   200.678540       0.850394       0.695997        0.727792        0.701658
    23    0.036566  0.990899         0.629751       7.078382                   193.408141       0.858268       0.659813        0.720276        0.685756
    24    0.031188  0.995449         0.635704       7.092027                   186.168535       0.858268       0.659813        0.719459        0.684613
    25    0.025787  0.996587         0.665412       7.220561                   179.069094       0.866142       0.672971        0.763577        0.705544
    26    0.021978  0.996587         0.663273       7.036352                   171.875033       0.874016       0.674225        0.736974        0.701180
    27    0.018914  0.996587         0.664387       7.145028                   164.700387       0.881890       0.687383        0.780275        0.720968
    28    0.016775  0.996587         0.690000       7.200327                   157.645232       0.874016       0.684335        0.769022        0.714829
    29    0.014637  0.997725         0.702771       7.166298                   150.480498       0.858268       0.627101        0.618815        0.622883
    30    0.013037  0.997725         0.706648       7.213652                   143.347590       0.874016       0.676020        0.775327        0.711595
    31    0.010566  0.998862         0.706571       7.293109                   136.257713       0.881890       0.687383        0.780275        0.720968
    32    0.009167  0.998862         0.718324       7.089456                   129.040585       0.881890       0.695698        0.774234        0.723754
    33    0.008455  0.998862         0.725758       7.097911                   121.880603       0.881890       0.687383        0.780275        0.720968
    34    0.007373  0.998862         0.734661       7.200317                   114.726014       0.881890       0.687383        0.780275        0.720968
    35    0.006579  0.998862         0.734306       7.275783                   107.601099       0.889764       0.698747        0.785021        0.729966
    36    0.006141  0.998862         0.736111       7.203494                   100.474896       0.881890       0.687383        0.780275        0.720968
    37    0.005590  0.998862         0.755631       7.248978                    93.323750       0.889764       0.698747        0.785021        0.729966
    38    0.005268  0.998862         0.752372       7.076334                    86.112877       0.889764       0.698747        0.785021        0.729966
    39    0.004892  0.998862         0.754969       7.078953                    78.909601       0.881890       0.687383        0.780275        0.720968
    40    0.004662  0.998862         0.757116       7.156846                    71.732002       0.881890       0.687383        0.780275        0.720968
    41    0.004425  1.000000         0.759308       7.130438                    64.549585       0.881890       0.687383        0.780275        0.720968
    42    0.004287  1.000000         0.762904       7.140521                    57.371518       0.881890       0.687383        0.780275        0.720968
    43    0.004150  1.000000         0.764010       7.221784                    50.208388       0.881890       0.687383        0.780275        0.720968
    44    0.004039  1.000000         0.766763       7.103492                    43.026471       0.889764       0.698747        0.785021        0.729966
    45    0.003969  1.000000         0.766965       7.125905                    35.850453       0.889764       0.698747        0.785021        0.729966
    46    0.003901  1.000000         0.767594       7.118884                    28.675973       0.889764       0.698747        0.785021        0.729966
    47    0.003867  1.000000         0.768435       7.125048                    21.504217       0.889764       0.698747        0.785021        0.729966
    48    0.003844  1.000000         0.768497       6.959432                    14.327482       0.889764       0.698747        0.785021        0.729966
    49    0.003833  1.000000         0.768529       6.961638                     7.159630       0.889764       0.698747        0.785021        0.729966
    50    0.003831  1.000000         0.768529       6.949788                     0.000000       0.889764       0.698747        0.785021        0.729966
