 epoch  train_loss  train_OA  validation_loss  epoch_seconds  estimated_remaining_seconds  validation_OA  validation_AA  validation_APr  validation_AF1
     1    1.119865  0.573379         0.957840       2.263086                   110.930321       0.708661       0.522873        0.466239        0.483673
     2    0.916896  0.697383         0.865641       2.099968                   107.066424       0.763780       0.595898        0.521813        0.548898
     3    0.830373  0.738339         0.806487       2.100012                   104.292123       0.771654       0.578729        0.523083        0.545010
     4    0.774704  0.751991         0.789054       2.080902                   100.492457       0.740157       0.538000        0.498710        0.515826
     5    0.741140  0.756542         0.711538       2.069649                    97.278689       0.811024       0.600493        0.567084        0.582648
     6    0.719062  0.782708         0.726606       2.075178                    95.197524       0.771654       0.560305        0.530081        0.542318
     7    0.709188  0.779295         0.721863       2.086692                    92.565300       0.748031       0.522625        0.510834        0.513748
     8    0.655820  0.797497         0.735574       2.075243                    90.010041       0.779528       0.571668        0.544724        0.556363
     9    0.658986  0.784983         0.751701       2.072364                    87.547510       0.716535       0.528854        0.486220        0.504829
    10    0.624476  0.814562         0.722145       2.068299                    85.146907       0.740157       0.529685        0.501313        0.513795
    11    0.636428  0.803185         0.702344       2.072303                    82.820501       0.732283       0.586088        0.587720        0.584854
    12    0.630563  0.799772         0.706439       2.063385                    80.818821       0.779528       0.571668        0.537690        0.552927
    13    0.608197  0.813424         0.722705       2.064121                    78.515358       0.755906       0.552413        0.523512        0.535458
    14    0.586817  0.810011         0.731832       2.061720                    76.240054       0.755906       0.544098        0.516616        0.527642
    15    0.584710  0.816837         0.706323       2.068469                    74.008679       0.755906       0.544098        0.516616        0.527642
    16    0.573294  0.821388         0.692478       2.069494                    71.799712       0.779528       0.571668        0.539172        0.554290
    17    0.554309  0.825939         0.703969       2.070547                    69.609147       0.771654       0.550195        0.532738        0.540890
    18    0.581903  0.821388         0.691007       2.076673                    67.442801       0.771654       0.568619        0.538748        0.552529
    19    0.531639  0.833902         0.691788       2.067753                    65.271226       0.771654       0.558510        0.538958        0.546748
    20    0.549541  0.827076         0.678366       2.068029                    63.110411       0.763780       0.555462        0.532839        0.543601
    21    0.556019  0.829352         0.657259       2.069316                    60.960114       0.779528       0.610901        0.633615        0.620657
    22    0.539539  0.825939         0.717143       2.079356                    58.952540       0.748031       0.549364        0.520597        0.533872
    23    0.544984  0.832765         0.677228       2.080920                    56.819035       0.771654       0.558510        0.538631        0.547504
    24    0.524312  0.819113         0.642234       2.071455                    54.679643       0.771654       0.558510        0.533290        0.545359
    25    0.538820  0.824801         0.691898       2.079663                    52.553853       0.763780       0.555462        0.532839        0.543601
    26    0.538374  0.833902         0.688715       2.083966                    50.435502       0.763780       0.565571        0.529952        0.544161
    27    0.523120  0.832765         0.659822       2.070843                    48.308472       0.771654       0.558510        0.533290        0.545359
    28    0.516134  0.830489         0.690822       2.085905                    46.197233       0.771654       0.568619        0.537265        0.551166
    29    0.507682  0.844141         0.691702       2.093400                    44.093410       0.771654       0.558510        0.533290        0.545359
    30    0.510236  0.832765         0.697061       2.086412                    41.985296       0.748031       0.541049        0.511907        0.524812
    31    0.501912  0.849829         0.677007       2.097011                    39.885033       0.763780       0.555462        0.532839        0.543601
    32    0.496846  0.848692         0.679129       2.081454                    37.776167       0.771654       0.558510        0.538631        0.547504
    33    0.502250  0.840728         0.670718       2.085028                    35.670775       0.763780       0.555462        0.532839        0.543601
    34    0.478514  0.844141         0.673699       2.098510                    33.572890       0.763780       0.555462        0.532839        0.543601
    35    0.467199  0.853242         0.661054       2.100072                    31.475614       0.763780       0.555462        0.532839        0.543601
    36    0.480250  0.843003         0.684803       2.093992                    29.375784       0.763780       0.565571        0.530407        0.546101
    37    0.479497  0.853242         0.667865       2.087672                    27.274015       0.771654       0.558510        0.539713        0.548642
    38    0.465914  0.858931         0.677743       2.100123                    25.176882       0.763780       0.555462        0.532839        0.543601
    39    0.484751  0.854380         0.662516       2.098087                    23.089282       0.763780       0.555462        0.532839        0.543601
    40    0.470226  0.860068         0.653685       2.097866                    20.990127       0.771654       0.558510        0.539713        0.548642
    41    0.468772  0.852105         0.668887       2.106639                    18.892928       0.771654       0.558510        0.539713        0.548642
    42    0.469549  0.850967         0.653061       2.091521                    16.792365       0.771654       0.558510        0.533290        0.545359
    43    0.472047  0.856655         0.696350       2.098887                    14.693396       0.771654       0.576934        0.537695        0.555150
    44    0.480999  0.840728         0.670868       2.100934                    12.594682       0.763780       0.555462        0.532839        0.543601
    45    0.452645  0.862344         0.660549       2.099440                    10.495676       0.771654       0.558510        0.539713        0.548642
    46    0.479340  0.849829         0.660794       2.112452                     8.397787       0.763780       0.555462        0.526951        0.540461
    47    0.488330  0.847554         0.672146       2.084053                     6.297396       0.763780       0.555462        0.532839        0.543601
    48    0.464303  0.860068         0.664738       2.081737                     4.197565       0.763780       0.555462        0.526951        0.540461
    49    0.455099  0.855518         0.672905       2.082252                     2.098459       0.763780       0.555462        0.532839        0.543601
    50    0.474678  0.844141         0.662626       2.099728                     0.000000       0.763780       0.555462        0.532839        0.543601
