 epoch  train_loss  train_OA  validation_loss  epoch_seconds  estimated_remaining_seconds  validation_OA  validation_AA  validation_APr  validation_AF1
     1    1.412226  0.546358         1.149836       2.351592                   115.266246       0.656489       0.319038        0.287364        0.297917
     2    1.118942  0.684327         0.938697       2.208662                   111.829190       0.717557       0.356712        0.327330        0.331990
     3    1.010593  0.708609         0.953461       2.217619                   109.275321       0.709924       0.370113        0.339058        0.348713
     4    0.942033  0.728477         0.846572       2.172623                   106.341057       0.770992       0.426008        0.416994        0.413433
     5    0.903399  0.750552         0.887523       2.177710                   103.726550       0.770992       0.391917        0.371684        0.373755
     6    0.858219  0.759382         0.799318       2.171025                   100.443644       0.778626       0.393949        0.368237        0.373099
     7    0.835395  0.762693         0.817656       2.164889                    97.440346       0.748092       0.411974        0.380098        0.392673
     8    0.815903  0.777042         0.761724       2.164433                    94.644171       0.763359       0.410496        0.400046        0.400796
     9    0.765106  0.791391         0.799027       2.171541                    92.020480       0.755725       0.374373        0.355747        0.359911
    10    0.755809  0.802428         0.789207       2.179109                    89.517400       0.748092       0.399692        0.393366        0.392243
    11    0.723771  0.788079         0.829511       2.165241                    87.024424       0.732824       0.446741        0.409431        0.413523
    12    0.761444  0.784768         0.732336       2.165512                    84.898492       0.740458       0.351286        0.337060        0.342991
    13    0.724642  0.780353         0.759159       2.157915                    82.449014       0.755725       0.367633        0.348008        0.355577
    14    0.685961  0.795806         0.767372       2.155877                    80.035920       0.770992       0.378438        0.355030        0.363389
    15    0.717233  0.794702         0.816173       2.176369                    77.704777       0.778626       0.393949        0.361567        0.372600
    16    0.703994  0.784768         0.756729       2.170578                    75.382048       0.755725       0.368830        0.353097        0.355838
    17    0.705809  0.790287         0.748689       2.170201                    73.075113       0.763359       0.376405        0.354767        0.362257
    18    0.656790  0.801325         0.709503       2.163324                    70.771022       0.755725       0.367633        0.346245        0.354690
    19    0.623993  0.821192         0.745525       2.169088                    68.491117       0.770992       0.385177        0.357379        0.367088
    20    0.629630  0.821192         0.778721       2.161570                    66.210935       0.748092       0.358861        0.352816        0.354320
    21    0.630590  0.823400         0.735230       2.168701                    63.951817       0.770992       0.450967        0.426729        0.436331
    22    0.672071  0.824503         0.723805       2.172533                    61.824515       0.748092       0.358861        0.348891        0.351921
    23    0.663481  0.794702         0.740526       2.163956                    59.565521       0.755725       0.366437        0.353286        0.358228
    24    0.627354  0.824503         0.768583       2.167510                    57.318225       0.755725       0.367633        0.353710        0.358093
    25    0.651964  0.807947         0.704517       2.164149                    55.073925       0.770992       0.378438        0.357172        0.365036
    26    0.609325  0.807947         0.723952       2.161311                    52.833104       0.763359       0.442195        0.423765        0.430911
    27    0.607329  0.822296         0.725960       2.169341                    50.604998       0.748092       0.358861        0.348891        0.351921
    28    0.604878  0.823400         0.722545       2.154264                    48.369157       0.755725       0.367633        0.351947        0.357206
    29    0.595824  0.832230         0.694505       2.162111                    46.144611       0.763359       0.442195        0.423765        0.430911
    30    0.653348  0.803532         0.695720       2.162853                    43.924651       0.748092       0.358861        0.347170        0.351045
    31    0.562183  0.831126         0.698970       2.167627                    41.711261       0.748092       0.358861        0.348891        0.351921
    32    0.567887  0.832230         0.711891       2.165505                    39.499513       0.748092       0.358861        0.348891        0.351921
    33    0.564961  0.842163         0.690188       2.164672                    37.290095       0.748092       0.358861        0.348891        0.351921
    34    0.545766  0.848786         0.728167       2.171707                    35.086588       0.755725       0.367633        0.353710        0.358093
    35    0.592547  0.817881         0.723790       2.166111                    32.882502       0.763359       0.375209        0.358148        0.364411
    36    0.563418  0.835541         0.684363       2.166254                    30.680577       0.748092       0.358861        0.348891        0.351921
    37    0.576512  0.825607         0.685953       2.169148                    28.481486       0.748092       0.358861        0.348891        0.351921
    38    0.553245  0.842163         0.682227       2.165456                    26.282771       0.748092       0.358861        0.348891        0.351921
    39    0.549151  0.837748         0.707726       2.179652                    24.089740       0.748092       0.358861        0.348891        0.351921
    40    0.550359  0.852097         0.697806       2.167152                    21.894238       0.748092       0.358861        0.348891        0.351921
    41    0.569901  0.837748         0.713011       2.168588                    19.700383       0.748092       0.358861        0.348891        0.351921
    42    0.548057  0.835541         0.707672       2.162957                    17.506640       0.748092       0.358861        0.348891        0.351921
    43    0.563241  0.837748         0.698502       2.202039                    15.320645       0.748092       0.358861        0.348891        0.351921
    44    0.590335  0.823400         0.691641       2.167544                    13.129186       0.748092       0.358861        0.348891        0.351921
    45    0.550957  0.841060         0.709497       2.164288                    10.938402       0.755725       0.366437        0.353286        0.358228
    46    0.550408  0.848786         0.699414       2.170073                     8.749245       0.748092       0.358861        0.348891        0.351921
    47    0.536928  0.845475         0.699816       2.187109                     6.561962       0.748092       0.358861        0.348891        0.351921
    48    0.579872  0.837748         0.729966       2.176894                     4.374232       0.763359       0.375209        0.358148        0.364411
    49    0.564584  0.835541         0.691884       2.185150                     2.187089       0.748092       0.358861        0.348891        0.351921
    50    0.547019  0.841060         0.716629       2.182459                     0.000000       0.755725       0.366437        0.353286        0.358228
