 epoch  train_loss  train_OA  validation_loss  epoch_seconds  estimated_remaining_seconds  validation_OA  validation_AA  validation_APr  validation_AF1
     1    1.356824  0.601545         1.345473       2.437646                   119.482250       0.770992       0.385177        0.358051        0.363232
     2    0.982428  0.714128         0.918177       2.194170                   112.993146       0.793893       0.402361        0.373403        0.382901
     3    0.837521  0.768212         0.779437       2.189660                   109.266841       0.816794       0.478673        0.483084        0.474579
     4    0.781501  0.792494         0.755712       2.193296                   106.258210       0.816794       0.408459        0.385532        0.393957
     5    0.754065  0.800221         0.701504       2.187362                   102.850946       0.832061       0.493825        0.564176        0.512016
     6    0.732451  0.794702         0.737999       2.207207                   100.546494       0.816794       0.489760        0.549837        0.503890
     7    0.677150  0.809051         0.668490       2.194050                    97.705902       0.809160       0.482184        0.550765        0.500726
     8    0.657952  0.817881         0.662010       2.193746                    95.025135       0.816794       0.565517        0.478473        0.507075
     9    0.611709  0.833333         0.669664       2.190194                    92.436017       0.809160       0.557941        0.508493        0.526348
    10    0.583844  0.842163         0.646084       2.194101                    90.225445       0.816794       0.489760        0.559757        0.510424
    11    0.592556  0.843267         0.650018       2.185798                    87.724539       0.816794       0.565517        0.555666        0.559921
    12    0.558676  0.842163         0.649218       2.187500                    85.520269       0.809160       0.476641        0.452313        0.459259
    13    0.538497  0.848786         0.653638       2.185125                    83.085283       0.824427       0.567550        0.519863        0.537407
    14    0.538954  0.858720         0.636207       2.181923                    80.677779       0.832061       0.650883        0.575418        0.598518
    15    0.515618  0.865342         0.641179       2.210178                    78.541654       0.816794       0.565517        0.485700        0.511383
    16    0.509956  0.862031         0.600029       2.197464                    76.199866       0.832061       0.650883        0.575418        0.598518
    17    0.511613  0.860927         0.611289       2.197757                    73.875833       0.816794       0.565517        0.485700        0.511383
    18    0.519551  0.856512         0.586791       2.182827                    71.538941       0.824427       0.567550        0.492085        0.515185
    19    0.469392  0.869757         0.616542       2.194204                    69.237063       0.832061       0.656426        0.573124        0.600775
    20    0.472333  0.870861         0.604343       2.196570                    67.061199       0.832061       0.650883        0.575418        0.598518
    21    0.497645  0.863135         0.602358       2.198757                    64.776136       0.824427       0.573093        0.489791        0.517442
    22    0.499433  0.855408         0.593412       2.210666                    62.514110       0.816794       0.565517        0.485700        0.511383
    23    0.485238  0.870861         0.590215       2.193746                    60.236553       0.832061       0.650883        0.603196        0.620740
    24    0.470132  0.867550         0.612129       2.186227                    58.033158       0.832061       0.580669        0.493706        0.523277
    25    0.437668  0.877483         0.634306       2.188871                    55.758568       0.824427       0.573093        0.489791        0.517442
    26    0.467172  0.876380         0.597749       2.191559                    53.493034       0.832061       0.656426        0.573124        0.600775
    27    0.413397  0.892936         0.589809       2.191565                    51.232910       0.816794       0.565517        0.485700        0.511383
    28    0.477865  0.878587         0.615820       2.186785                    48.973894       0.824427       0.573093        0.489791        0.517442
    29    0.422530  0.884106         0.603795       2.193861                    46.737648       0.824427       0.573093        0.489791        0.517442
    30    0.413644  0.886313         0.597587       2.180992                    44.482762       0.824427       0.654394        0.567479        0.597026
    31    0.433701  0.876380         0.609018       2.182727                    42.233642       0.824427       0.654394        0.567479        0.597026
    32    0.412595  0.890728         0.595331       2.184924                    39.989861       0.832061       0.656426        0.573124        0.600775
    33    0.438849  0.887417         0.591084       2.186485                    37.750397       0.824427       0.654394        0.567479        0.597026
    34    0.411529  0.883002         0.592953       2.190866                    35.516087       0.832061       0.656426        0.573124        0.600775
    35    0.413007  0.881898         0.593087       2.186434                    33.282339       0.824427       0.573093        0.489791        0.517442
    36    0.399992  0.888521         0.584084       2.199240                    31.056187       0.816794       0.635732        0.566987        0.585508
    37    0.421051  0.884106         0.584145       2.204737                    28.833345       0.832061       0.656426        0.573124        0.600775
    38    0.405751  0.895143         0.586659       2.194476                    26.608179       0.832061       0.656426        0.573124        0.600775
    39    0.427705  0.874172         0.618726       2.199399                    24.385946       0.816794       0.652361        0.562300        0.593381
    40    0.379002  0.903974         0.605254       2.199202                    22.164779       0.824427       0.654394        0.567479        0.597026
    41    0.400922  0.895143         0.586473       2.199087                    19.944618       0.832061       0.656426        0.573124        0.600775
    42    0.427897  0.890728         0.583634       2.197240                    17.725085       0.832061       0.650883        0.575418        0.598518
    43    0.384492  0.900662         0.595508       2.184882                    15.504543       0.824427       0.654394        0.567479        0.597026
    44    0.417323  0.887417         0.601130       2.199184                    13.287544       0.824427       0.654394        0.567479        0.597026
    45    0.447967  0.862031         0.583583       2.193979                    11.070736       0.824427       0.648851        0.569033        0.594716
    46    0.384430  0.899558         0.590700       2.189062                     8.854516       0.824427       0.654394        0.567479        0.597026
    47    0.425249  0.878587         0.592920       2.198215                     6.639944       0.824427       0.654394        0.567479        0.597026
    48    0.381057  0.898455         0.596290       2.184054                     4.425435       0.824427       0.654394        0.567479        0.597026
    49    0.403070  0.891832         0.610194       2.196131                     2.212392       0.824427       0.654394        0.567479        0.597026
    50    0.388846  0.901766         0.600986       2.184617                     0.000000       0.824427       0.654394        0.567479        0.597026
