 epoch  train_loss  train_OA  validation_loss  epoch_seconds  estimated_remaining_seconds  validation_OA  validation_AA  validation_APr  validation_AF1
     1    1.079356  0.627986         1.101656       2.309978                   113.226965       0.716535       0.534237        0.469341        0.488742
     2    0.803343  0.756542         0.737676       2.088622                   107.309791       0.740157       0.516644        0.488462        0.494327
     3    0.671368  0.813424         0.667532       2.091140                   103.929914       0.755906       0.531057        0.499771        0.508007
     4    0.635044  0.810011         0.614095       2.091676                   101.163364       0.787402       0.541458        0.559524        0.543023
     5    0.619172  0.820250         0.596661       2.087451                    98.638445       0.779528       0.515258        0.535965        0.498522
     6    0.571700  0.839590         0.613132       2.088307                    95.690885       0.795276       0.537986        0.566772        0.531756
     7    0.588149  0.833902         0.548999       2.099199                    93.055531       0.795276       0.546301        0.557971        0.538419
     8    0.535929  0.855518         0.567337       2.101004                    90.563470       0.795276       0.529671        0.562973        0.523192
     9    0.506641  0.857793         0.569245       2.102879                    88.166737       0.803150       0.549349        0.581989        0.548529
    10    0.534364  0.840728         0.571477       2.087125                    86.067524       0.803150       0.557664        0.562687        0.551970
    11    0.496522  0.865757         0.555197       2.088701                    83.957031       0.803150       0.539240        0.581972        0.544069
    12    0.476205  0.870307         0.555825       2.083601                    81.587270       0.803150       0.557664        0.562687        0.551970
    13    0.438966  0.878271         0.575392       2.081523                    79.255538       0.811024       0.560713        0.575498        0.557153
    14    0.450856  0.869170         0.538233       2.089872                    77.173349       0.818898       0.553653        0.583183        0.558131
    15    0.433096  0.881684         0.551946       2.088124                    75.075854       0.803150       0.541035        0.573445        0.537031
    16    0.423409  0.890785         0.549487       2.078918                    72.791664       0.803150       0.596897        0.663018        0.618633
    17    0.434458  0.879408         0.553454       2.089186                    70.699071       0.811024       0.550604        0.573231        0.551429
    18    0.411472  0.895336         0.563132       2.077569                    68.442570       0.811024       0.552398        0.582447        0.550120
    19    0.403299  0.896473         0.559424       2.074812                    66.200249       0.803150       0.586788        0.660532        0.612046
    20    0.400665  0.889647         0.549309       2.074935                    63.974865       0.811024       0.599946        0.705123        0.632130
    21    0.389768  0.891923         0.565469       2.083767                    61.878493       0.811024       0.550604        0.573231        0.551429
    22    0.374747  0.894198         0.559841       2.076249                    59.672422       0.811024       0.550604        0.570392        0.552985
    23    0.372205  0.895336         0.564761       2.080588                    57.482624       0.811024       0.550604        0.570392        0.552985
    24    0.363467  0.891923         0.568298       2.083546                    55.305080       0.811024       0.589837        0.672399        0.618876
    25    0.360932  0.899886         0.556365       2.085945                    53.137402       0.803150       0.547555        0.572792        0.549836
    26    0.357486  0.902162         0.555704       2.093708                    50.983131       0.787402       0.523034        0.548335        0.526593
    27    0.392542  0.885097         0.567280       2.117371                    48.853476       0.811024       0.560713        0.572334        0.558764
    28    0.382956  0.890785         0.551658       2.096370                    46.708152       0.803150       0.547555        0.560430        0.546264
    29    0.342651  0.906712         0.555419       2.100377                    44.569206       0.795276       0.534397        0.558907        0.541533
    30    0.351528  0.905575         0.546865       2.085183                    42.422493       0.811024       0.542289        0.574561        0.545939
    31    0.338163  0.908987         0.556535       2.099960                    40.288772       0.818898       0.553653        0.583183        0.558131
    32    0.353087  0.897611         0.570257       2.099154                    38.156690       0.787402       0.541458        0.541775        0.537719
    33    0.358964  0.905575         0.553509       2.089428                    36.021565       0.818898       0.553653        0.583183        0.558131
    34    0.339685  0.903299         0.560431       2.086747                    33.887814       0.811024       0.542289        0.574561        0.545939
    35    0.340890  0.906712         0.562722       2.082804                    31.755020       0.803150       0.547555        0.559239        0.548014
    36    0.328262  0.908987         0.557551       2.081778                    29.624563       0.818898       0.553653        0.583183        0.558131
    37    0.354702  0.899886         0.558815       2.084404                    27.497629       0.803150       0.547555        0.561538        0.549293
    38    0.318097  0.918089         0.560285       2.096726                    25.376789       0.811024       0.542289        0.574561        0.545939
    39    0.359037  0.897611         0.557150       2.118534                    23.263309       0.811024       0.542289        0.574561        0.545939
    40    0.316796  0.914676         0.555859       2.111351                    21.147756       0.795276       0.534397        0.556608        0.540254
    41    0.332933  0.910125         0.553318       2.109159                    19.031888       0.811024       0.542289        0.574561        0.545939
    42    0.334359  0.915813         0.558854       2.084761                    16.911662       0.803150       0.529131        0.571930        0.538179
    43    0.324427  0.905575         0.558799       2.096738                    14.795004       0.787402       0.531348        0.546785        0.535443
    44    0.313372  0.919226         0.558998       2.089908                    12.678294       0.811024       0.542289        0.574561        0.545939
    45    0.314208  0.916951         0.560299       2.091527                    10.562924       0.803150       0.547555        0.559239        0.548014
    46    0.335942  0.911263         0.557070       2.099651                     8.449269       0.811024       0.542289        0.574561        0.545939
    47    0.330127  0.905575         0.557037       2.099052                     6.336146       0.818898       0.553653        0.583183        0.558131
    48    0.336149  0.913538         0.556700       2.094328                     4.223386       0.818898       0.553653        0.583183        0.558131
    49    0.328463  0.905575         0.553047       2.088999                     2.111243       0.803150       0.529131        0.571930        0.538179
    50    0.363556  0.890785         0.555388       2.087697                     0.000000       0.811024       0.542289        0.574561        0.545939
