 epoch  train_loss  train_OA  validation_loss  epoch_seconds  estimated_remaining_seconds  validation_OA  validation_AA  validation_APr  validation_AF1
     1    1.010546  0.544068         0.990045      11.752723                   575.920418       0.541176       0.333333        0.180392        0.234097
     2    0.972540  0.544068         0.965074      11.742873                   566.237739       0.541176       0.333333        0.180392        0.234097
     3    0.940960  0.544068         0.926476      11.835629                   555.066341       0.529412       0.333333        0.289973        0.254808
     4    0.882380  0.574576         0.933006      11.767983                   543.901893       0.541176       0.333333        0.180392        0.234097
     5    0.859476  0.596610         0.894099      11.866497                   532.467494       0.564706       0.389493        0.685654        0.358123
     6    0.837025  0.584746         0.884737      11.905102                   521.880102       0.529412       0.479167        0.499715        0.481687
     7    0.815101  0.616949         0.871387      11.860131                   510.618740       0.517647       0.413949        0.321335        0.359703
     8    0.807281  0.600000         0.856039      11.909289                   498.928702       0.517647       0.413949        0.321335        0.359703
     9    0.780038  0.616949         0.823615      11.974588                   487.486958       0.564706       0.429348        0.408889        0.391405
    10    0.761618  0.620339         0.824055      11.851987                   475.448329       0.576471       0.437500        0.619745        0.423504
    11    0.740472  0.630508         0.777709      11.768608                   463.147840       0.576471       0.471014        0.714286        0.435441
    12    0.716248  0.654237         0.761491      11.744047                   450.859156       0.623529       0.523551        0.647569        0.548745
    13    0.712891  0.647458         0.741126      11.723608                   438.859807       0.623529       0.538043        0.636111        0.563645
    14    0.669839  0.676271         0.760937      11.721876                   426.886609       0.611765       0.538043        0.619883        0.561140
    15    0.649230  0.684746         0.743397      11.875205                   415.070578       0.647059       0.530797        0.719771        0.556152
    16    0.623407  0.698305         0.706641      11.889794                   403.277966       0.670588       0.599638        0.747991        0.606797
    17    0.590555  0.727119         0.686697      11.889998                   391.665308       0.623529       0.579710        0.624237        0.596784
    18    0.558276  0.769492         0.711765      11.940031                   379.925233       0.647059       0.573370        0.661663        0.600000
    19    0.519254  0.777966         0.710629      11.864181                   368.040524       0.670588       0.600543        0.693066        0.617638
    20    0.484495  0.779661         0.702561      11.855585                   356.273099       0.658824       0.593297        0.668391        0.608567
    21    0.437282  0.813559         0.747065      11.893183                   344.422385       0.670588       0.600543        0.693066        0.617638
    22    0.387438  0.847458         0.766615      11.911341                   332.590842       0.658824       0.614130        0.656396        0.622200
    23    0.345978  0.876271         0.772276      11.864971                   320.807601       0.552941       0.548913        0.536700        0.542029
    24    0.314372  0.877966         0.808500      11.919825                   308.968223       0.647059       0.620471        0.639365        0.614489
    25    0.279155  0.906780         0.935785      11.781252                   296.983419       0.670588       0.627717        0.689952        0.630219
    26    0.231088  0.932203         0.919351      11.752941                   285.075160       0.611765       0.586051        0.612714        0.596967
    27    0.193354  0.950847         0.970553      11.796797                   273.128475       0.600000       0.571558        0.601074        0.583861
    28    0.177283  0.950847         0.954778      11.820520                   261.211005       0.611765       0.585145        0.589204        0.581704
    29    0.146427  0.964407         0.998634      11.830252                   249.307205       0.647059       0.614130        0.637427        0.623334
    30    0.131346  0.971186         1.056414      11.834671                   237.411183       0.647059       0.614130        0.637427        0.623334
    31    0.112641  0.971186         1.103687      11.979488                   225.607881       0.588235       0.592391        0.571364        0.579846
    32    0.103298  0.976271         1.123335      11.832250                   213.710762       0.635294       0.606884        0.621316        0.612103
    33    0.090396  0.979661         1.173926      11.810557                   201.806287       0.647059       0.614130        0.643651        0.626442
    34    0.081601  0.993220         1.269857      11.807092                   189.905599       0.611765       0.571558        0.620269        0.590291
    35    0.080248  0.986441         1.238202      11.809570                   178.011359       0.611765       0.592391        0.594690        0.592421
    36    0.069404  0.993220         1.256614      11.799471                   166.117866       0.611765       0.592391        0.594690        0.592421
    37    0.064806  0.993220         1.282755      11.789194                   154.225713       0.600000       0.585145        0.587766        0.586350
    38    0.059891  0.994915         1.295406      11.764790                   142.331247       0.611765       0.592391        0.598214        0.594858
    39    0.056372  0.994915         1.301979      11.760957                   130.442327       0.600000       0.585145        0.581284        0.581675
    40    0.053896  0.993220         1.321242      11.889729                   118.592001       0.623529       0.599638        0.609354        0.603437
    41    0.051024  0.994915         1.354352      11.934727                   106.749544       0.611765       0.592391        0.612793        0.601501
    42    0.050381  0.996610         1.343682      11.892157                    94.894556       0.611765       0.592391        0.598214        0.594858
    43    0.047964  0.994915         1.353706      11.897067                    83.038607       0.623529       0.599638        0.609354        0.603437
    44    0.046870  0.994915         1.360130      11.928358                    71.185011       0.611765       0.592391        0.598214        0.594858
    45    0.046147  0.996610         1.362566      11.877070                    59.322359       0.623529       0.599638        0.609354        0.603437
    46    0.045591  0.996610         1.364742      11.846419                    47.456378       0.623529       0.599638        0.609354        0.603437
    47    0.045242  0.996610         1.365770      11.725127                    35.583457       0.623529       0.599638        0.609354        0.603437
    48    0.044978  0.996610         1.366799      11.802396                    23.719886       0.623529       0.599638        0.609354        0.603437
    49    0.044864  0.996610         1.367002      11.709614                    11.856889       0.623529       0.599638        0.609354        0.603437
    50    0.044843  0.996610         1.367002      11.730322                     0.000000       0.623529       0.599638        0.609354        0.603437
