 epoch  train_loss  train_OA  validation_loss  epoch_seconds  estimated_remaining_seconds  validation_OA  validation_AA  validation_APr  validation_AF1
     1    1.659495  0.238908         1.476016       9.768092                   478.675233       0.251969       0.388756        0.153933        0.212202
     2    1.177214  0.566553         0.941675       9.310746                   459.716767       0.685039       0.315789        0.418033        0.305147
     3    0.817036  0.705347         0.737035       9.387926                   448.339436       0.716535       0.368421        0.381270        0.357071
     4    0.669012  0.751991         0.618882       9.441855                   438.523379       0.779528       0.500423        0.622572        0.459899
     5    0.582583  0.789534         0.578980       9.464660                   429.053036       0.795276       0.523150        0.557775        0.501401
     6    0.538680  0.806598         0.561224       9.383912                   418.982857       0.803150       0.567773        0.553782        0.550134
     7    0.501670  0.827076         0.548686       9.340887                   408.797943       0.803150       0.559459        0.557778        0.543123
     8    0.464293  0.837315         0.533988       9.394399                   398.705795       0.811024       0.572616        0.562842        0.550980
     9    0.433182  0.850967         0.523575       9.393573                   389.111876       0.818898       0.600610        0.564695        0.575028
    10    0.399103  0.853242         0.508683       9.346587                   379.351639       0.803150       0.602827        0.551993        0.573235
    11    0.360245  0.878271         0.492648       9.371853                   369.473506       0.803150       0.582609        0.552045        0.565118
    12    0.317671  0.895336         0.463341       9.392156                   359.744084       0.826772       0.573331        0.592532        0.573333
    13    0.284369  0.904437         0.505713       9.383385                   350.041318       0.818898       0.560173        0.586957        0.564416
    14    0.248953  0.913538         0.508684       9.234039                   340.000110       0.842520       0.618071        0.603623        0.599464
    15    0.214759  0.928328         0.483916       9.203866                   330.168452       0.834646       0.621543        0.580610        0.596822
    16    0.185309  0.936291         0.504387       9.233924                   320.312980       0.826772       0.588167        0.580891        0.583826
    17    0.160788  0.944255         0.504195       9.390233                   310.833648       0.787402       0.581238        0.541552        0.559799
    18    0.137334  0.952218         0.535110       9.307837                   301.217696       0.826772       0.571537        0.589286        0.575636
    19    0.109130  0.965870         0.560187       9.332553                   291.674493       0.811024       0.582069        0.562885        0.571848
    20    0.091949  0.969283         0.631472       9.487127                   282.384162       0.803150       0.603965        0.558411        0.577724
    21    0.074865  0.974972         0.683472       9.486143                   273.074180       0.795276       0.592601        0.561745        0.574760
    22    0.060642  0.980660         0.649936       9.488204                   263.750197       0.811024       0.590384        0.570423        0.580186
    23    0.045769  0.984073         0.704217       9.471769                   254.392558       0.811024       0.590384        0.573498        0.581624
    24    0.033625  0.989761         0.854846       9.381246                   244.927335       0.803150       0.603965        0.568279        0.582785
    25    0.024438  0.994312         0.832084       9.372530                   235.460086       0.811024       0.590384        0.570423        0.580186
    26    0.017606  0.994312         0.922625       9.246843                   225.883994       0.811024       0.590384        0.573498        0.581624
    27    0.011002  0.997725         0.987804       9.246122                   216.340683       0.811024       0.590384        0.573498        0.581624
    28    0.007508  0.997725         1.057295       9.293493                   206.846632       0.811024       0.590384        0.573498        0.581624
    29    0.003692  1.000000         1.109305       9.301442                   197.372127       0.811024       0.590384        0.573498        0.581624
    30    0.001742  1.000000         1.168537       9.467417                   188.019795       0.811024       0.590384        0.573498        0.581624
    31    0.000849  1.000000         1.303092       9.465028                   178.658516       0.795276       0.584286        0.560735        0.571410
    32    0.000401  1.000000         1.380108       9.284709                   169.189281       0.795276       0.584286        0.560735        0.571410
    33    0.000200  1.000000         1.467550       9.348591                   159.764077       0.811024       0.590384        0.563630        0.576563
    34    0.000103  1.000000         1.601069       9.398191                   150.366659       0.811024       0.590384        0.563630        0.576563
    35    0.000055  1.000000         1.625218       9.226233                   140.895453       0.803150       0.579020        0.556936        0.567743
    36    0.000032  1.000000         1.711351       9.296407                   131.465128       0.803150       0.579020        0.556936        0.567743
    37    0.000019  1.000000         1.776135       9.428863                   122.088553       0.803150       0.579020        0.556936        0.567743
    38    0.000012  1.000000         1.863223       9.512725                   112.735659       0.803150       0.579020        0.556936        0.567743
    39    0.000008  1.000000         1.943995       9.367331                   103.333521       0.803150       0.579020        0.556936        0.567743
    40    0.000005  1.000000         1.969514       9.251007                    93.904015       0.803150       0.579020        0.556936        0.567743
    41    0.000004  1.000000         1.995315       9.269151                    84.487139       0.803150       0.579020        0.556936        0.567743
    42    0.000003  1.000000         2.022356       9.465676                    75.114727       0.803150       0.579020        0.556936        0.567743
    43    0.000003  1.000000         2.061682       9.438975                    65.733580       0.803150       0.579020        0.556936        0.567743
    44    0.000002  1.000000         2.079014       9.344913                    56.336954       0.803150       0.579020        0.556936        0.567743
    45    0.000002  1.000000         2.088184       9.352440                    46.943454       0.803150       0.579020        0.556936        0.567743
    46    0.000002  1.000000         2.089761       9.378552                    37.553947       0.803150       0.579020        0.556936        0.567743
    47    0.000002  1.000000         2.096089       9.422400                    28.167672       0.803150       0.579020        0.556936        0.567743
    48    0.000002  1.000000         2.098809       9.393584                    18.778668       0.803150       0.579020        0.556936        0.567743
    49    0.000002  1.000000         2.099166       9.442795                     9.390440       0.803150       0.579020        0.556936        0.567743
    50    0.000002  1.000000         2.099166       9.365140                     0.000000       0.803150       0.579020        0.556936        0.567743
