 epoch  train_loss  train_OA  validation_loss  epoch_seconds  estimated_remaining_seconds  validation_OA  validation_AA  validation_APr  validation_AF1
     1    1.028707  0.459322         1.064926       4.221741                   206.904149       0.482353       0.572464        0.567177        0.478388
     2    0.954100  0.538983         1.016309       4.215412                   204.775627       0.517647       0.579710        0.564893        0.492241
     3    0.943269  0.562712         0.942487       4.219148                   201.259359       0.552941       0.644928        0.580342        0.555912
     4    0.912662  0.579661         0.930243       4.219147                   197.327143       0.552941       0.610507        0.549603        0.549145
     5    0.904760  0.559322         0.950119       4.210370                   192.329034       0.517647       0.547101        0.504191        0.503762
     6    0.894547  0.584746         0.970471       4.212865                   187.611591       0.505882       0.546196        0.493089        0.491707
     7    0.878840  0.589831         0.981810       4.206749                   183.000948       0.529412       0.581522        0.527409        0.521546
     8    0.884032  0.569492         1.006159       4.199396                   178.452112       0.494118       0.545290        0.483088        0.479164
     9    0.853028  0.616949         0.917387       4.204663                   174.004978       0.541176       0.582428        0.526455        0.535477
    10    0.833904  0.628814         0.917272       4.226721                   169.694590       0.505882       0.574275        0.508223        0.506208
    11    0.812618  0.645763         0.966689       4.208490                   165.334295       0.552941       0.603261        0.550066        0.546346
    12    0.836170  0.635593         0.923001       4.219951                   161.035881       0.517647       0.567029        0.517390        0.507534
    13    0.808497  0.635593         0.909489       4.214118                   156.732532       0.588235       0.632246        0.573163        0.591166
    14    0.821950  0.638983         0.898190       4.226827                   152.718688       0.552941       0.610507        0.541784        0.557545
    15    0.793894  0.661017         0.911390       4.218345                   148.422381       0.541176       0.588768        0.529429        0.533979
    16    0.797481  0.667797         0.920394       4.220654                   144.140617       0.529412       0.567029        0.511221        0.509624
    17    0.789230  0.654237         0.896676       4.217688                   139.860187       0.552941       0.582428        0.536863        0.548918
    18    0.769148  0.662712         0.896272       4.206284                   135.566620       0.529412       0.588768        0.518182        0.533109
    19    0.769714  0.664407         0.895763       4.198650                   131.269501       0.552941       0.588768        0.535897        0.535729
    20    0.752192  0.674576         0.883472       4.199940                   126.984117       0.600000       0.625000        0.580192        0.587380
    21    0.754291  0.681356         0.905363       4.199776                   122.706629       0.541176       0.596014        0.540542        0.538116
    22    0.748402  0.677966         0.893139       4.197992                   118.433864       0.517647       0.574275        0.508432        0.514278
    23    0.748927  0.683051         0.893825       4.212704                   114.184804       0.529412       0.581522        0.517154        0.524617
    24    0.745170  0.684746         0.889794       4.201254                   109.926399       0.564706       0.589674        0.548520        0.562362
    25    0.747346  0.661017         0.923959       4.202708                   105.673877       0.541176       0.581522        0.527731        0.525810
    26    0.740891  0.679661         0.896100       4.214915                   101.436408       0.529412       0.574275        0.518959        0.517873
    27    0.735825  0.684746         0.898799       4.214614                    97.200373       0.588235       0.603261        0.575926        0.557909
    28    0.721961  0.703390         0.885968       4.216044                    92.966877       0.564706       0.603261        0.551065        0.553486
    29    0.722832  0.681356         0.884839       4.214760                    88.733616       0.611765       0.625000        0.602007        0.587762
    30    0.719522  0.691525         0.877733       4.203433                    84.493986       0.600000       0.610507        0.595263        0.564443
    31    0.723483  0.683051         0.876626       4.198531                    80.253623       0.576471       0.596014        0.567054        0.545970
    32    0.718008  0.679661         0.882864       4.200760                    76.017109       0.611765       0.632246        0.616495        0.591303
    33    0.708017  0.684746         0.878383       4.218103                    71.839736       0.529412       0.553442        0.509848        0.511623
    34    0.727241  0.693220         0.895139       4.198979                    67.601546       0.552941       0.581522        0.533604        0.528258
    35    0.714312  0.698305         0.881201       4.199898                    63.366106       0.576471       0.596014        0.567054        0.545970
    36    0.708981  0.698305         0.890554       4.194679                    59.130370       0.564706       0.581522        0.549495        0.527953
    37    0.713205  0.701695         0.882585       4.208458                    54.901694       0.576471       0.582428        0.556299        0.546124
    38    0.703521  0.701695         0.882448       4.209578                    50.674382       0.564706       0.596014        0.550079        0.546992
    39    0.725706  0.683051         0.883202       4.195399                    46.444280       0.588235       0.603261        0.587856        0.557117
    40    0.707877  0.723729         0.877311       4.181549                    42.212093       0.552941       0.581522        0.533935        0.530503
    41    0.708734  0.705085         0.888902       4.182525                    37.982544       0.552941       0.581522        0.533604        0.528258
    42    0.709293  0.693220         0.887246       4.184871                    33.755640       0.541176       0.574275        0.520635        0.524322
    43    0.702942  0.706780         0.879378       4.196459                    29.532552       0.564706       0.588768        0.549709        0.539284
    44    0.690914  0.716949         0.880045       4.194623                    25.310401       0.588235       0.603261        0.577429        0.560533
    45    0.705190  0.711864         0.877540       4.210726                    21.091225       0.564706       0.575181        0.547388        0.536308
    46    0.694570  0.715254         0.877224       4.198368                    16.871309       0.576471       0.582428        0.565083        0.545029
    47    0.709519  0.713559         0.879008       4.201277                    12.652468       0.564706       0.575181        0.547388        0.536308
    48    0.694724  0.720339         0.879798       4.215791                     8.434935       0.576471       0.596014        0.567485        0.548148
    49    0.708083  0.703390         0.873025       4.212983                     4.217389       0.564706       0.575181        0.549052        0.538877
    50    0.696462  0.715254         0.881582       4.194825                     0.000000       0.576471       0.596014        0.567485        0.548148
