 epoch  train_loss  train_OA  validation_loss  epoch_seconds  estimated_remaining_seconds  validation_OA  validation_AA  validation_APr  validation_AF1
     1    1.124264  0.593239         0.991940      16.889531                   827.624461       0.606061       0.212283        0.190476        0.176438
     2    0.946680  0.634678         0.831471      16.988703                   815.460553       0.659091       0.278762        0.245455        0.256689
     3    0.792677  0.729553         0.698198      16.988508                   800.009637       0.803030       0.465860        0.499118        0.457014
     4    0.672999  0.800436         0.603848      17.093984                   784.935830       0.810606       0.500797        0.473855        0.480876
     5    0.586003  0.823337         0.592817      17.106627                   769.098761       0.803030       0.524305        0.658333        0.520455
     6    0.533286  0.835333         0.515068      17.164930                   753.241683       0.825758       0.542702        0.683729        0.544755
     7    0.492089  0.851690         0.501647      17.154829                   736.847753       0.825758       0.542702        0.683729        0.544755
     8    0.456632  0.856052         0.510796      17.155850                   719.819792       0.833333       0.556035        0.686564        0.552899
     9    0.429621  0.861505         0.474718      17.104938                   702.955351       0.863636       0.644281        0.711921        0.663318
    10    0.398145  0.873501         0.497105      17.106958                   686.044251       0.833333       0.560472        0.695002        0.580352
    11    0.374625  0.885496         0.467653      17.124604                   668.802103       0.848485       0.587138        0.702251        0.600215
    12    0.336786  0.890949         0.512027      17.099533                   651.499694       0.848485       0.628416        0.700747        0.646946
    13    0.301385  0.901854         0.501442      17.098814                   634.227484       0.856061       0.684077        0.648614        0.662328
    14    0.274024  0.912759         0.520450      17.099771                   616.981453       0.848485       0.640268        0.628365        0.632968
    15    0.234966  0.926936         0.523976      17.101921                   599.759624       0.871212       0.699942        0.662478        0.678406
    16    0.212228  0.933479         0.564778      17.115136                   582.786983       0.848485       0.666308        0.638880        0.650627
    17    0.178005  0.943293         0.550264      17.200433                   565.763368       0.863636       0.697411        0.656996        0.674153
    18    0.154310  0.953108         0.604593      17.079974                   548.505817       0.863636       0.671371        0.646281        0.657252
    19    0.135880  0.955289         0.622828      17.001335                   531.138825       0.863636       0.697411        0.640439        0.661545
    20    0.110305  0.965104         0.675904      17.031039                   513.852812       0.856061       0.684077        0.630249        0.646645
    21    0.092425  0.972737         0.641664      16.997794                   496.545137       0.863636       0.697411        0.646061        0.666506
    22    0.076383  0.982552         0.677786      17.000201                   479.268445       0.871212       0.699942        0.651514        0.670760
    23    0.061503  0.988004         0.732391      17.132476                   462.171067       0.848485       0.655506        0.620015        0.632312
    24    0.047900  0.993457         0.774764      17.063057                   444.995448       0.848485       0.634342        0.605972        0.616044
    25    0.041147  0.993457         0.751277      17.032796                   427.798596       0.840909       0.652974        0.610754        0.624386
    26    0.032986  0.998909         0.782926      17.103047                   410.679177       0.848485       0.655506        0.620015        0.632312
    27    0.026291  0.998909         0.783775      17.095737                   393.554657       0.840909       0.631810        0.596912        0.608772
    28    0.021788  0.998909         0.788361      17.123527                   376.453898       0.848485       0.645144        0.613733        0.626580
    29    0.018003  1.000000         0.829362      17.128728                   359.355294       0.833333       0.618477        0.591352        0.597683
    30    0.015384  1.000000         0.826586      17.178776                   342.288031       0.840909       0.642173        0.607013        0.614245
    31    0.013077  1.000000         0.862145      17.215374                   325.235947       0.833333       0.618477        0.591352        0.597683
    32    0.011406  1.000000         0.859865      17.173948                   308.150331       0.833333       0.618477        0.588357        0.595078
    33    0.010292  1.000000         0.857216      17.141802                   291.042734       0.833333       0.618477        0.591352        0.597683
    34    0.009200  1.000000         0.867014      17.154553                   273.939083       0.833333       0.618477        0.588357        0.595078
    35    0.008405  1.000000         0.879211      17.219552                   256.860371       0.833333       0.618477        0.588357        0.595078
    36    0.007801  1.000000         0.884192      17.128455                   239.738366       0.833333       0.618477        0.588357        0.595078
    37    0.007221  1.000000         0.888195      17.122559                   222.613876       0.833333       0.618477        0.588357        0.595078
    38    0.006798  1.000000         0.887599      17.096590                   205.481801       0.833333       0.618477        0.588357        0.595078
    39    0.006443  1.000000         0.895682      17.065699                   188.342218       0.840909       0.621009        0.593074        0.599179
    40    0.006152  1.000000         0.894016      17.007560                   171.191768       0.840909       0.621009        0.593074        0.599179
    41    0.005915  1.000000         0.898138      17.107116                   154.070102       0.840909       0.621009        0.593074        0.599179
    42    0.005732  1.000000         0.900392      17.584524                   137.040036       0.840909       0.621009        0.593074        0.599179
    43    0.005578  1.000000         0.902589      16.897240                   119.872261       0.840909       0.621009        0.593074        0.599179
    44    0.005469  1.000000         0.902387      16.469382                   102.658396       0.840909       0.621009        0.593074        0.599179
    45    0.005380  1.000000         0.903064      16.446627                    85.475061       0.840909       0.621009        0.593074        0.599179
    46    0.005320  1.000000         0.904274      16.448206                    68.323863       0.840909       0.621009        0.593074        0.599179
    47    0.005277  1.000000         0.904976      16.449476                    51.202658       0.840909       0.621009        0.593074        0.599179
    48    0.005253  1.000000         0.905204      16.433464                    34.108716       0.840909       0.621009        0.593074        0.599179
    49    0.005242  1.000000         0.905254      16.439721                    17.041830       0.840909       0.621009        0.593074        0.599179
    50    0.005240  1.000000         0.905254      16.446248                     0.000000       0.840909       0.621009        0.593074        0.599179
