 epoch  train_loss  train_OA  validation_loss  epoch_seconds  estimated_remaining_seconds  validation_OA  validation_AA  validation_APr  validation_AF1
     1    1.038646  0.484746         1.069670       4.102660                   201.066024       0.388235       0.493659        0.420875        0.382221
     2    0.963317  0.498305         0.977448       4.108215                   198.785693       0.494118       0.574275        0.500389        0.497543
     3    0.902656  0.557627         0.891295       4.102486                   195.174037       0.494118       0.574275        0.493021        0.507023
     4    0.879502  0.579661         0.881572       4.109622                   191.351140       0.529412       0.581522        0.512969        0.524074
     5    0.848730  0.601695         0.868298       4.096737                   187.287376       0.600000       0.646739        0.601416        0.616925
     6    0.840480  0.588136         0.867769       4.117379                   183.330087       0.541176       0.589674        0.533333        0.537023
     7    0.806655  0.638983         0.820561       4.110694                   178.824159       0.576471       0.590580        0.554916        0.568040
     8    0.794879  0.642373         0.825972       4.100946                   174.366141       0.564706       0.589674        0.537594        0.549062
     9    0.776229  0.638983         0.818565       4.117018                   170.061374       0.576471       0.604167        0.566667        0.581180
    10    0.775004  0.625424         0.845898       4.113731                   165.779731       0.588235       0.597826        0.578833        0.567318
    11    0.752449  0.659322         0.807802       4.108849                   161.511641       0.611765       0.618659        0.582362        0.586101
    12    0.738592  0.688136         0.806494       4.107229                   157.264676       0.588235       0.590580        0.554720        0.562554
    13    0.719533  0.684746         0.803666       4.104534                   153.031575       0.600000       0.618659        0.574864        0.586265
    14    0.714233  0.716949         0.790085       4.109388                   148.829125       0.623529       0.646739        0.599724        0.614052
    15    0.713468  0.689831         0.798581       4.108030                   144.635892       0.623529       0.625906        0.597685        0.597619
    16    0.698709  0.693220         0.769545       4.104788                   140.446078       0.647059       0.653986        0.625643        0.631643
    17    0.696757  0.696610         0.794209       4.096070                   136.386113       0.588235       0.604167        0.565359        0.568470
    18    0.684531  0.715254         0.784836       4.111962                   132.217170       0.611765       0.618659        0.582362        0.586101
    19    0.693867  0.683051         0.785289       4.117180                   128.062614       0.611765       0.605072        0.582532        0.589717
    20    0.670763  0.725424         0.800232       4.110946                   123.902373       0.588235       0.597826        0.567407        0.569845
    21    0.670619  0.730508         0.766484       4.112497                   119.748884       0.635294       0.619565        0.605637        0.606265
    22    0.678032  0.720339         0.769902       4.114096                   115.601214       0.600000       0.584239        0.569858        0.572267
    23    0.650258  0.749153         0.761966       4.098099                   111.437611       0.611765       0.591486        0.583821        0.585494
    24    0.644085  0.745763         0.758330       4.109787                   107.292070       0.611765       0.591486        0.581871        0.582816
    25    0.639429  0.737288         0.756639       4.132597                   103.172093       0.600000       0.584239        0.565908        0.569177
    26    0.653174  0.732203         0.762526       4.112720                    99.032730       0.600000       0.584239        0.569858        0.572267
    27    0.651280  0.732203         0.754673       4.091278                    94.877051       0.611765       0.591486        0.581871        0.582816
    28    0.628992  0.749153         0.751142       4.100390                    90.733054       0.600000       0.584239        0.565908        0.569177
    29    0.631824  0.737288         0.754623       4.108426                    86.597911       0.611765       0.591486        0.581871        0.582816
    30    0.621301  0.772881         0.756443       4.111286                    82.466352       0.600000       0.584239        0.569858        0.572267
    31    0.633209  0.730508         0.772070       4.089845                    78.322929       0.611765       0.605072        0.582926        0.585164
    32    0.618410  0.762712         0.754507       4.099608                    74.188329       0.623529       0.598732        0.594860        0.593607
    33    0.623589  0.738983         0.747065       4.125476                    70.069099       0.611765       0.591486        0.581871        0.582816
    34    0.613446  0.761017         0.745029       4.090603                    65.933083       0.623529       0.598732        0.594860        0.593607
    35    0.607828  0.762712         0.756006       4.091696                    61.800061       0.623529       0.598732        0.593943        0.591103
    36    0.615014  0.762712         0.747297       4.127484                    57.683205       0.611765       0.591486        0.581871        0.582816
    37    0.614065  0.764407         0.753436       4.116321                    53.561838       0.635294       0.619565        0.611990        0.607647
    38    0.614508  0.754237         0.744287       4.085291                    49.430920       0.611765       0.591486        0.581871        0.582816
    39    0.605956  0.774576         0.744654       4.086230                    45.302557       0.623529       0.598732        0.593943        0.591103
    40    0.601846  0.762712         0.747437       4.116328                    41.183786       0.600000       0.584239        0.570735        0.574603
    41    0.610459  0.761017         0.743168       4.104912                    37.062595       0.623529       0.598732        0.594860        0.593607
    42    0.600190  0.755932         0.750617       4.094354                    32.940138       0.611765       0.591486        0.581871        0.582816
    43    0.608091  0.759322         0.748308       4.086567                    28.817689       0.623529       0.598732        0.593943        0.591103
    44    0.607638  0.754237         0.739529       4.094639                    24.697939       0.623529       0.598732        0.594860        0.593607
    45    0.605358  0.769492         0.744453       4.090596                    20.578836       0.623529       0.598732        0.594860        0.593607
    46    0.603188  0.755932         0.743513       4.091765                    16.461036       0.623529       0.598732        0.594860        0.593607
    47    0.612763  0.761017         0.748484       4.094458                    12.344491       0.611765       0.591486        0.581871        0.582816
    48    0.602804  0.776271         0.742992       4.084160                     8.228411       0.623529       0.598732        0.594860        0.593607
    49    0.602845  0.757627         0.739647       4.087798                     4.113681       0.611765       0.591486        0.581871        0.582816
    50    0.601720  0.774576         0.739544       4.082404                     0.000000       0.623529       0.598732        0.594860        0.593607
