 epoch  train_loss  train_OA  validation_loss  epoch_seconds  estimated_remaining_seconds  validation_OA  validation_AA  validation_APr  validation_AF1
     1    1.419441  0.555188         1.402579       2.440996                   119.643786       0.709924       0.347940        0.309759        0.316070
     2    0.975612  0.729581         0.868671       2.204223                   113.289971       0.717557       0.343233        0.311111        0.319581
     3    0.862849  0.762693         0.778425       2.195741                   109.487814       0.725191       0.382508        0.364996        0.371305
     4    0.774838  0.800221         0.708836       2.206819                   106.629583       0.763359       0.399410        0.408429        0.397302
     5    0.712128  0.813466         0.678061       2.191833                   103.860357       0.755725       0.397377        0.397349        0.391291
     6    0.670169  0.805740         0.631747       2.198443                   100.753409       0.801527       0.387764        0.388014        0.378854
     7    0.668218  0.817881         0.636667       2.199696                    97.913607       0.793893       0.424169        0.428300        0.422929
     8    0.671585  0.828918         0.597519       2.209094                    95.660042       0.809160       0.417148        0.463547        0.427890
     9    0.604753  0.838852         0.627450       2.192606                    93.332503       0.801527       0.420659        0.440177        0.424000
    10    0.598546  0.839956         0.614306       2.199356                    90.750423       0.778626       0.396735        0.434365        0.407033
    11    0.575503  0.839956         0.596007       2.200595                    88.242244       0.816794       0.423528        0.447466        0.430658
    12    0.597956  0.839956         0.578888       2.190951                    85.992405       0.816794       0.419181        0.457473        0.428896
    13    0.560144  0.842163         0.596191       2.199720                    83.551160       0.809160       0.422691        0.445382        0.427967
    14    0.527321  0.853201         0.603369       2.201387                    81.148670       0.793893       0.407540        0.437182        0.413380
    15    0.568694  0.828918         0.612358       2.197662                    78.764265       0.801527       0.420659        0.436785        0.424058
    16    0.542739  0.830022         0.590372       2.196116                    76.399843       0.809160       0.422691        0.445382        0.427967
    17    0.544752  0.843267         0.579103       2.198988                    74.060682       0.816794       0.424724        0.455165        0.432022
    18    0.512396  0.866446         0.570017       2.195661                    71.861695       0.816794       0.424724        0.455165        0.432022
    19    0.481293  0.871965         0.572206       2.202819                    69.547150       0.816794       0.424724        0.455165        0.432022
    20    0.481587  0.866446         0.582704       2.198404                    67.237090       0.801527       0.412723        0.435563        0.420900
    21    0.464601  0.864238         0.591746       2.199980                    64.939775       0.801527       0.419463        0.424424        0.419542
    22    0.512741  0.880795         0.569508       2.209153                    62.662939       0.816794       0.430267        0.449053        0.434768
    23    0.499988  0.849890         0.588071       2.209057                    60.479108       0.793893       0.416234        0.420065        0.416568
    24    0.475817  0.866446         0.602920       2.202146                    58.198899       0.809160       0.427038        0.430816        0.426126
    25    0.498919  0.856512         0.560544       2.195273                    55.917996       0.809160       0.421495        0.438562        0.426560
    26    0.451169  0.876380         0.587436       2.181918                    53.631318       0.801527       0.418266        0.417130        0.415795
    27    0.456618  0.880795         0.573459       2.179596                    51.350351       0.816794       0.430267        0.449053        0.434768
    28    0.442414  0.881898         0.584523       2.204655                    49.096252       0.816794       0.430267        0.449053        0.434768
    29    0.438446  0.876380         0.559195       2.193704                    46.837586       0.801527       0.412723        0.421895        0.415052
    30    0.471583  0.874172         0.562093       2.191054                    44.581438       0.809160       0.427038        0.435307        0.429087
    31    0.414717  0.878587         0.568970       2.196597                    42.332848       0.824427       0.437843        0.452514        0.441275
    32    0.414742  0.881898         0.581047       2.192012                    40.124862       0.816794       0.435810        0.444655        0.437217
    33    0.421346  0.885210         0.571150       2.187395                    37.874560       0.809160       0.420299        0.425697        0.421491
    34    0.395808  0.897351         0.577002       2.199542                    35.633583       0.801527       0.425006        0.435068        0.428008
    35    0.460016  0.862031         0.584487       2.200946                    33.395545       0.801527       0.425006        0.435068        0.428008
    36    0.415621  0.891832         0.564702       2.198274                    31.158490       0.816794       0.429071        0.442364        0.432999
    37    0.428611  0.878587         0.566089       2.195206                    28.922546       0.816794       0.429071        0.442364        0.432999
    38    0.421746  0.877483         0.561010       2.197209                    26.689221       0.809160       0.420299        0.425697        0.421491
    39    0.400913  0.892936         0.565423       2.185192                    24.454316       0.816794       0.429071        0.442364        0.432999
    40    0.402843  0.895143         0.565372       2.199309                    22.225412       0.816794       0.429071        0.442364        0.432999
    41    0.418118  0.890728         0.574507       2.195793                    19.997138       0.816794       0.429071        0.442364        0.432999
    42    0.398034  0.890728         0.570734       2.186800                    17.768665       0.816794       0.429071        0.442364        0.432999
    43    0.414600  0.894040         0.569618       2.197238                    15.543803       0.816794       0.429071        0.442364        0.432999
    44    0.444183  0.879691         0.558945       2.185630                    13.318589       0.816794       0.429071        0.442364        0.432999
    45    0.402572  0.883002         0.569518       2.203496                    11.097090       0.816794       0.429071        0.442364        0.432999
    46    0.386811  0.894040         0.565825       2.197365                     8.875807       0.816794       0.429071        0.442364        0.432999
    47    0.388621  0.897351         0.561301       2.199576                     6.655659       0.816794       0.429071        0.442364        0.432999
    48    0.442269  0.868653         0.586942       2.201336                     4.436414       0.809160       0.433778        0.437593        0.433293
    49    0.422349  0.883002         0.560636       2.229136                     2.218443       0.809160       0.421495        0.438562        0.426560
    50    0.397434  0.884106         0.573300       2.242246                     0.000000       0.824427       0.437843        0.452514        0.441275
