 epoch  train_loss  train_OA  validation_loss  epoch_seconds  estimated_remaining_seconds  validation_OA  validation_AA  validation_APr  validation_AF1
     1    1.102449  0.602958         1.046938       2.342238                   114.804457       0.677165       0.498775        0.457436        0.462790
     2    0.914603  0.683732         0.986068       2.118823                   109.428441       0.685039       0.520247        0.460730        0.471105
     3    0.818064  0.746303         0.924391       2.128592                   106.364434       0.732283       0.575979        0.546025        0.552737
     4    0.776273  0.763367         0.834983       2.119062                   103.570587       0.748031       0.522625        0.511528        0.512640
     5    0.750690  0.764505         0.831884       2.118815                   100.130161       0.740157       0.521371        0.518950        0.508995
     6    0.702820  0.779295         0.861154       2.130284                    97.214302       0.755906       0.519153        0.534842        0.514595
     7    0.710425  0.781570         0.783995       2.114925                    94.428414       0.779528       0.556833        0.553798        0.543347
     8    0.663259  0.797497         0.738645       2.102763                    91.747869       0.779528       0.536615        0.558785        0.534923
     9    0.628501  0.811149         0.768219       2.105038                    89.204457       0.763780       0.520408        0.539111        0.520242
    10    0.649369  0.799772         0.805577       2.112309                    86.777708       0.771654       0.551990        0.529049        0.532730
    11    0.597502  0.816837         0.778602       2.108196                    84.393558       0.763780       0.520408        0.542955        0.522817
    12    0.594608  0.822526         0.744248       2.098132                    82.023254       0.787402       0.568196        0.546150        0.547701
    13    0.571015  0.814562         0.758658       2.101078                    79.703094       0.763780       0.540626        0.514760        0.521134
    14    0.568898  0.823663         0.737114       2.099068                    77.408972       0.755906       0.517359        0.530605        0.517371
    15    0.570431  0.827076         0.732187       2.098750                    75.140075       0.811024       0.569028        0.585278        0.558170
    16    0.548644  0.835040         0.742850       2.102485                    73.105871       0.755906       0.527468        0.523810        0.519853
    17    0.540452  0.831627         0.773935       2.099264                    70.858056       0.771654       0.576387        0.606962        0.573102
    18    0.536122  0.841866         0.751135       2.107686                    68.806685       0.771654       0.593017        0.603975        0.591775
    19    0.532513  0.836177         0.745497       2.101788                    66.737292       0.779528       0.587751        0.618894        0.588206
    20    0.530943  0.833902         0.761470       2.098286                    64.503623       0.763780       0.530517        0.534681        0.525123
    21    0.525015  0.841866         0.739950       2.101691                    62.287543       0.787402       0.559882        0.542338        0.541286
    22    0.489348  0.854380         0.719255       2.096984                    60.075723       0.795276       0.542712        0.578066        0.543700
    23    0.495025  0.839590         0.731689       2.101019                    57.878680       0.795276       0.542712        0.578066        0.543700
    24    0.503306  0.856655         0.722296       2.104354                    55.693178       0.787402       0.539663        0.561626        0.537864
    25    0.492566  0.844141         0.739010       2.110452                    53.520166       0.763780       0.530517        0.524265        0.521566
    26    0.471606  0.854380         0.710387       2.098497                    51.340896       0.787402       0.539663        0.561626        0.537864
    27    0.514283  0.844141         0.719363       2.099519                    49.168452       0.787402       0.539663        0.561626        0.537864
    28    0.499966  0.831627         0.731148       2.101177                    47.002456       0.803150       0.565979        0.568837        0.552334
    29    0.472239  0.860068         0.713993       2.098918                    44.839266       0.779528       0.536615        0.547465        0.532242
    30    0.485443  0.861206         0.701202       2.099285                    42.680537       0.795276       0.552821        0.565376        0.545264
    31    0.475303  0.865757         0.712513       2.098352                    40.525034       0.803150       0.555870        0.581816        0.551099
    32    0.475975  0.849829         0.739964       2.103600                    38.376015       0.755906       0.527468        0.523810        0.519853
    33    0.488549  0.841866         0.716020       2.094278                    36.224935       0.795276       0.552821        0.565376        0.545264
    34    0.478134  0.847554         0.689951       2.104280                    34.081869       0.795276       0.542712        0.578066        0.543700
    35    0.465812  0.869170         0.715388       2.100645                    31.939397       0.779528       0.536615        0.547465        0.532242
    36    0.448895  0.862344         0.725244       2.113776                    29.804312       0.771654       0.525251        0.535721        0.517961
    37    0.457594  0.873720         0.718752       2.100037                    27.665521       0.787402       0.559882        0.542338        0.541286
    38    0.429036  0.878271         0.712063       2.094809                    25.527093       0.803150       0.555870        0.581816        0.551099
    39    0.486746  0.855518         0.724192       2.101404                    23.392721       0.787402       0.549772        0.551215        0.539642
    40    0.440613  0.871445         0.718905       2.099713                    21.259547       0.795276       0.542712        0.578066        0.543700
    41    0.457141  0.861206         0.703698       2.131464                    19.134947       0.803150       0.555870        0.581816        0.551099
    42    0.463672  0.863481         0.721811       2.100782                    17.004142       0.771654       0.525251        0.535721        0.517961
    43    0.447723  0.872582         0.716784       2.096608                    14.874019       0.779528       0.536615        0.547465        0.532242
    44    0.428404  0.872582         0.724527       2.102338                    12.746176       0.803150       0.555870        0.581816        0.551099
    45    0.438156  0.865757         0.725890       2.098108                    10.618987       0.803150       0.555870        0.581816        0.551099
    46    0.447289  0.866894         0.712536       2.096955                     8.492910       0.795276       0.542712        0.578066        0.543700
    47    0.446613  0.871445         0.712843       2.097158                     6.368058       0.795276       0.542712        0.578066        0.543700
    48    0.456933  0.865757         0.711359       2.086671                     4.243898       0.795276       0.552821        0.565376        0.545264
    49    0.447966  0.857793         0.699480       2.098550                     2.121484       0.795276       0.542712        0.578066        0.543700
    50    0.491439  0.843003         0.711804       2.099361                     0.000000       0.795276       0.542712        0.578066        0.543700
