 epoch  train_loss  train_OA  validation_loss  epoch_seconds  estimated_remaining_seconds  validation_OA  validation_AA  validation_APr  validation_AF1
     1    0.995092  0.438983         1.072917       4.207835                   206.222260       0.317647       0.450181        0.443001        0.322317
     2    0.950989  0.530508         0.995662       4.206609                   204.232463       0.564706       0.646739        0.581058        0.570178
     3    0.927492  0.545763         1.005296       4.209222                   200.755914       0.470588       0.518116        0.463768        0.465150
     4    0.907555  0.576271         0.964654       4.252435                   196.273645       0.505882       0.576087        0.525947        0.507303
     5    0.899289  0.544068         1.018027       4.224284                   191.629718       0.505882       0.589674        0.528043        0.510957
     6    0.889862  0.574576         1.057505       4.207712                   187.004773       0.517647       0.555254        0.507568        0.520874
     7    0.874453  0.588136         1.007306       4.241438                   182.705146       0.517647       0.568841        0.509925        0.525054
     8    0.868582  0.606780         1.063603       4.234532                   178.384379       0.494118       0.486413        0.470325        0.476088
     9    0.859518  0.598305         1.143907       4.223924                   174.033770       0.470588       0.444746        0.445305        0.442176
    10    0.847520  0.608475         0.961805       4.215066                   169.672997       0.482353       0.532609        0.475376        0.488793
    11    0.829245  0.623729         0.968390       4.211861                   165.327471       0.505882       0.540761        0.495276        0.509487
    12    0.822901  0.625424         1.110873       4.220177                   161.030150       0.494118       0.540761        0.495555        0.506684
    13    0.827108  0.627119         0.965670       4.234222                   156.784553       0.517647       0.539855        0.491348        0.500030
    14    0.803061  0.633898         0.960434       4.207260                   152.471212       0.482353       0.525362        0.471185        0.483053
    15    0.804710  0.622034         0.967133       4.217379                   148.195550       0.541176       0.556159        0.528822        0.537815
    16    0.799983  0.669492         0.940903       4.219695                   143.931956       0.505882       0.525362        0.476653        0.487634
    17    0.802435  0.632203         0.941545       4.216329                   139.667385       0.541176       0.533514        0.509630        0.506797
    18    0.774438  0.647458         0.919816       4.219185                   135.413625       0.564706       0.576993        0.549103        0.560094
    19    0.762627  0.677966         0.952657       4.219917                   131.163743       0.529412       0.555254        0.517383        0.530398
    20    0.771639  0.645763         0.948483       4.208996                   126.900629       0.552941       0.570652        0.545679        0.555458
    21    0.779089  0.640678         1.009535       4.225327                   122.665072       0.505882       0.500000        0.493739        0.496102
    22    0.769552  0.652542         0.922272       4.220357                   118.424154       0.552941       0.562500        0.538221        0.548337
    23    0.756533  0.650847         0.905808       4.220233                   114.184723       0.541176       0.548007        0.524968        0.534715
    24    0.745605  0.674576         0.924768       4.215660                   109.941835       0.529412       0.533514        0.509259        0.518211
    25    0.764415  0.622034         0.952588       4.214072                   105.699472       0.541176       0.542572        0.535145        0.538031
    26    0.742222  0.667797         0.918364       4.221116                   101.465791       0.576471       0.548913        0.563914        0.552551
    27    0.734378  0.679661         0.922965       4.222082                    97.233752       0.494118       0.511775        0.478355        0.490959
    28    0.737096  0.650847         0.922232       4.228154                    93.007266       0.541176       0.519928        0.515773        0.514134
    29    0.739898  0.677966         0.947504       4.220753                    88.775220       0.529412       0.542572        0.528526        0.531414
    30    0.726203  0.683051         0.922345       4.236062                    84.554036       0.552941       0.541667        0.537517        0.539101
    31    0.730225  0.683051         0.924931       4.239995                    80.334287       0.529412       0.527174        0.516448        0.520848
    32    0.729752  0.677966         0.918918       4.224815                    76.104661       0.494118       0.499094        0.493496        0.495076
    33    0.726831  0.676271         0.901279       4.216756                    71.871272       0.552941       0.528080        0.534779        0.530544
    34    0.721140  0.686441         0.953002       4.217658                    67.639121       0.564706       0.570652        0.563730        0.566355
    35    0.717801  0.689831         0.914434       4.293188                    63.440110       0.529412       0.520833        0.518981        0.519820
    36    0.720553  0.672881         0.915831       4.245345                    59.217247       0.529412       0.506341        0.520000        0.512024
    37    0.705732  0.701695         0.921607       4.214257                    54.982213       0.541176       0.528080        0.536417        0.532024
    38    0.712150  0.693220         0.899489       4.214437                    50.748297       0.541176       0.520833        0.524802        0.522445
    39    0.705492  0.696610         0.921431       4.234029                    46.521001       0.541176       0.528080        0.528080        0.528080
    40    0.707022  0.700000         0.912688       4.227007                    42.291438       0.529412       0.506341        0.517460        0.511252
    41    0.717655  0.659322         0.916528       4.220433                    38.060520       0.529412       0.506341        0.517460        0.511252
    42    0.711270  0.686441         0.908825       4.208968                    33.827893       0.541176       0.520833        0.530808        0.525463
    43    0.717937  0.684746         0.906813       4.220783                    29.598254       0.529412       0.513587        0.515353        0.514382
    44    0.716074  0.659322         0.911492       4.216746                    25.368443       0.529412       0.520833        0.518981        0.519820
    45    0.705461  0.701695         0.909465       4.217446                    21.139258       0.529412       0.520833        0.518981        0.519820
    46    0.707708  0.693220         0.915741       4.216537                    16.910478       0.529412       0.506341        0.517460        0.511252
    47    0.701910  0.689831         0.909398       4.215369                    12.682115       0.517647       0.499094        0.501984        0.500201
    48    0.713272  0.679661         0.910159       4.213152                     8.454178       0.517647       0.499094        0.501984        0.500201
    49    0.709911  0.674576         0.905587       4.212396                     4.226802       0.541176       0.520833        0.530808        0.525463
    50    0.709938  0.689831         0.911657       4.213269                     0.000000       0.529412       0.506341        0.517460        0.511252
