 epoch  train_loss  train_OA  validation_loss  epoch_seconds  estimated_remaining_seconds  validation_OA  validation_AA  validation_APr  validation_AF1
     1    1.421842  0.587196         1.435893       2.344695                   114.933240       0.656489       0.326973        0.281563        0.295123
     2    0.986677  0.742826         0.987541       2.206377                   111.035569       0.725191       0.340919        0.317398        0.318056
     3    0.799083  0.786976         0.877807       2.210088                   108.263610       0.740458       0.343788        0.333025        0.327980
     4    0.745310  0.785872         0.892654       2.205363                   105.712134       0.725191       0.384900        0.399064        0.382371
     5    0.701473  0.814570         0.829962       2.207284                   103.270162       0.725191       0.364682        0.368915        0.363545
     6    0.695325  0.813466         0.858994       2.203473                   100.309555       0.709924       0.352681        0.362058        0.354272
     7    0.654092  0.817881         0.843443       2.210429                    97.607723       0.740458       0.381029        0.401157        0.387697
     8    0.617085  0.828918         0.812811       2.226545                    95.504486       0.755725       0.386291        0.433942        0.396554
     9    0.601599  0.845475         0.836403       2.225862                    93.349216       0.732824       0.372258        0.384158        0.375402
    10    0.592891  0.842163         0.817415       2.214415                    90.825379       0.740458       0.382226        0.384788        0.380212
    11    0.549479  0.852097         0.806167       2.221155                    88.381476       0.755725       0.391834        0.427757        0.399865
    12    0.532456  0.853201         0.811523       2.224380                    86.219804       0.748092       0.384258        0.433150        0.397212
    13    0.543607  0.852097         0.793029       2.204135                    83.768179       0.740458       0.362007        0.396657        0.373966
    14    0.506642  0.855408         0.815187       2.202792                    81.348429       0.740458       0.375486        0.395243        0.381130
    15    0.474070  0.876380         0.806307       2.191223                    78.930584       0.725191       0.351203        0.379024        0.359551
    16    0.508762  0.858720         0.808178       2.196809                    76.552772       0.740458       0.374290        0.388849        0.379956
    17    0.454735  0.879691         0.829546       2.199401                    74.201233       0.732824       0.385736        0.418925        0.394599
    18    0.483295  0.874172         0.821802       2.198384                    71.864689       0.763359       0.393866        0.441270        0.406985
    19    0.467645  0.862031         0.815375       2.216005                    69.686733       0.763359       0.393866        0.407116        0.397152
    20    0.488257  0.868653         0.806214       2.196276                    67.362183       0.755725       0.371616        0.403469        0.381323
    21    0.440155  0.876380         0.804792       2.198911                    65.053453       0.748092       0.376323        0.394676        0.383080
    22    0.410115  0.886313         0.826732       2.198279                    62.753832       0.725191       0.351203        0.373469        0.355847
    23    0.434739  0.875276         0.809767       2.199333                    60.464227       0.740458       0.368747        0.393145        0.376536
    24    0.416978  0.892936         0.798621       2.199494                    58.182256       0.763359       0.380388        0.414253        0.392037
    25    0.420273  0.888521         0.810087       2.199419                    55.906760       0.763359       0.380388        0.408610        0.390628
    26    0.432483  0.881898         0.789708       2.197578                    53.635400       0.755725       0.372812        0.408207        0.384061
    27    0.425537  0.890728         0.803169       2.182098                    51.356274       0.748092       0.376323        0.399400        0.384374
    28    0.424553  0.879691         0.808368       2.199499                    49.097654       0.755725       0.371616        0.403469        0.381323
    29    0.405003  0.889625         0.806921       2.181249                    46.829895       0.748092       0.370779        0.394467        0.376654
    30    0.381522  0.890728         0.823040       2.182940                    44.568998       0.755725       0.379551        0.404719        0.386258
    31    0.381176  0.896247         0.808019       2.182086                    42.312516       0.755725       0.378355        0.399718        0.385459
    32    0.404999  0.881898         0.812960       2.180976                    40.060016       0.740458       0.360811        0.386987        0.369421
    33    0.359406  0.897351         0.806462       2.172958                    37.807688       0.748092       0.376323        0.394676        0.383080
    34    0.361163  0.908389         0.806150       2.169229                    35.558241       0.740458       0.367551        0.388343        0.373738
    35    0.354167  0.911700         0.821292       2.172175                    33.314602       0.755725       0.385095        0.398673        0.389620
    36    0.366254  0.906181         0.822851       2.169293                    31.073767       0.740458       0.367551        0.383619        0.372444
    37    0.367455  0.906181         0.814206       2.165482                    28.835451       0.740458       0.355268        0.387318        0.364788
    38    0.347005  0.899558         0.803549       2.168887                    26.601991       0.763359       0.380388        0.414253        0.392037
    39    0.383133  0.900662         0.815154       2.169565                    24.371997       0.748092       0.369583        0.396014        0.377998
    40    0.341419  0.908389         0.811090       2.178478                    22.147230       0.740458       0.367551        0.388343        0.373738
    41    0.359005  0.903974         0.811856       2.174097                    19.923721       0.740458       0.360811        0.386987        0.369421
    42    0.379106  0.899558         0.809162       2.179702                    17.703608       0.748092       0.369583        0.396014        0.377998
    43    0.338157  0.912804         0.813202       2.182849                    15.485854       0.732824       0.359975        0.382088        0.365900
    44    0.374205  0.896247         0.806481       2.196060                    13.271462       0.740458       0.355268        0.387318        0.364788
    45    0.355696  0.890728         0.807299       2.195700                    11.057817       0.755725       0.371616        0.403469        0.381323
    46    0.345856  0.911700         0.816208       2.184665                     8.843968       0.748092       0.376323        0.399400        0.384374
    47    0.359719  0.912804         0.811974       2.182102                     6.631172       0.748092       0.369583        0.396014        0.377998
    48    0.370748  0.902870         0.809272       2.183427                     4.419684       0.732824       0.353236        0.380645        0.361714
    49    0.353345  0.900662         0.805706       2.182432                     2.209295       0.740458       0.360811        0.386987        0.369421
    50    0.374743  0.900662         0.808201       2.183944                     0.000000       0.740458       0.355268        0.387318        0.364788
