 epoch  train_loss  train_OA  validation_loss  epoch_seconds  estimated_remaining_seconds  validation_OA  validation_AA  validation_APr  validation_AF1
     1    1.278718  0.613959         1.263269       5.377416                   263.527221       0.727273       0.510230        0.429046        0.453310
     2    0.906163  0.736096         0.814796       5.473927                   262.299895       0.742424       0.536457        0.482262        0.497655
     3    0.785982  0.779716         0.779945       5.466261                   258.062783       0.734848       0.523563        0.426341        0.455255
     4    0.714852  0.815703         0.745289       5.454585                   252.164170       0.765152       0.565655        0.537951        0.514510
     5    0.668799  0.822246         0.673946       5.354756                   246.235536       0.787879       0.552086        0.445455        0.482434
     6    0.633986  0.823337         0.669525       5.333384                   239.752360       0.772727       0.542147        0.443412        0.477242
     7    0.619210  0.828790         0.608740       5.333192                   233.596690       0.810606       0.580845        0.579922        0.551700
     8    0.571946  0.848419         0.651258       5.342881                   228.074141       0.795455       0.575782        0.558902        0.535707
     9    0.567698  0.851690         0.625411       5.390677                   222.466109       0.795455       0.549742        0.460224        0.493227
    10    0.552045  0.839695         0.589323       5.426749                   217.046213       0.833333       0.562400        0.486653        0.517544
    11    0.518041  0.871320         0.594156       5.344948                   211.334399       0.833333       0.588440        0.586538        0.560559
    12    0.509543  0.863686         0.623382       5.356990                   205.947664       0.810606       0.580845        0.574199        0.548547
    13    0.499927  0.868048         0.570767       5.341437                   200.307191       0.840909       0.564932        0.491135        0.522484
    14    0.485123  0.863686         0.588840       5.366694                   194.774251       0.840909       0.617012        0.623246        0.598446
    15    0.474583  0.875682         0.596002       5.342872                   189.383928       0.833333       0.567276        0.485708        0.518621
    16    0.464046  0.868048         0.574489       5.347011                   183.838410       0.840909       0.590972        0.590026        0.564319
    17    0.438327  0.875682         0.575058       5.366301                   178.353638       0.825758       0.559869        0.483913        0.514912
    18    0.441748  0.873501         0.541557       5.355616                   172.862889       0.856061       0.574871        0.502786        0.533306
    19    0.427457  0.886587         0.570619       5.387276                   167.437979       0.833333       0.562400        0.486653        0.517544
    20    0.432038  0.883315         0.545620       5.407633                   162.047312       0.840909       0.564932        0.505038        0.529479
    21    0.426359  0.882225         0.560796       5.392113                   156.633577       0.840909       0.564932        0.496568        0.524636
    22    0.399070  0.888768         0.564896       5.368778                   151.192180       0.833333       0.562400        0.486653        0.517544
    23    0.414103  0.884406         0.558665       5.375918                   145.765281       0.840909       0.564932        0.505038        0.529479
    24    0.410900  0.893130         0.558752       5.377236                   140.344004       0.833333       0.562400        0.493865        0.522022
    25    0.389380  0.897492         0.556365       5.394799                   134.944084       0.840909       0.564932        0.505038        0.529479
    26    0.377863  0.898582         0.528898       5.381596                   129.531978       0.840909       0.564932        0.505921        0.530620
    27    0.367798  0.898582         0.527390       5.402118                   124.139554       0.833333       0.557525        0.494220        0.521932
    28    0.395546  0.890949         0.535825       5.388160                   118.735575       0.848485       0.567464        0.508553        0.533201
    29    0.359347  0.904035         0.547033       5.398720                   113.340178       0.833333       0.562400        0.493865        0.522022
    30    0.357626  0.894220         0.548091       5.393700                   107.941156       0.840909       0.564932        0.497383        0.525762
    31    0.350030  0.899673         0.527260       5.390117                   102.540301       0.848485       0.567464        0.508553        0.533201
    32    0.343472  0.899673         0.531684       5.379807                    97.134258       0.848485       0.567464        0.508553        0.533201
    33    0.356026  0.892039         0.558579       5.393914                    91.737050       0.833333       0.562400        0.493865        0.522022
    34    0.343857  0.906216         0.569949       5.392807                    86.339458       0.833333       0.562400        0.493251        0.520964
    35    0.361801  0.898582         0.523299       5.396656                    80.943706       0.848485       0.567464        0.508553        0.533201
    36    0.366934  0.901854         0.551081       5.386256                    75.543832       0.840909       0.564932        0.505038        0.529479
    37    0.341765  0.902944         0.539472       5.411550                    70.153581       0.848485       0.567464        0.508553        0.533201
    38    0.356578  0.901854         0.546308       5.411430                    64.762090       0.848485       0.567464        0.508553        0.533201
    39    0.339023  0.912759         0.546480       5.393532                    59.364500       0.840909       0.564932        0.497383        0.525762
    40    0.337103  0.909487         0.533426       5.391161                    53.966484       0.848485       0.567464        0.508553        0.533201
    41    0.341161  0.909487         0.547871       5.386182                    48.567676       0.840909       0.564932        0.505038        0.529479
    42    0.329204  0.911668         0.539094       5.407906                    43.173585       0.848485       0.567464        0.508553        0.533201
    43    0.346005  0.905125         0.534392       5.432769                    37.782869       0.848485       0.567464        0.509648        0.534414
    44    0.332667  0.909487         0.547146       5.404370                    32.386339       0.840909       0.564932        0.505038        0.529479
    45    0.336344  0.907306         0.512211       5.397213                    26.988634       0.848485       0.567464        0.509648        0.534414
    46    0.346210  0.898582         0.516722       5.389288                    21.590230       0.848485       0.567464        0.509648        0.534414
    47    0.333684  0.906216         0.541471       5.460309                    16.196724       0.840909       0.564932        0.505038        0.529479
    48    0.325954  0.909487         0.518362       5.477537                    10.801119       0.848485       0.567464        0.509648        0.534414
    49    0.324122  0.918212         0.537537       5.476076                     5.402114       0.848485       0.567464        0.509648        0.534414
    50    0.335784  0.909487         0.534174       5.432222                     0.000000       0.848485       0.567464        0.509648        0.534414
