 epoch  train_loss  train_OA  validation_loss  epoch_seconds  estimated_remaining_seconds  validation_OA  validation_AA  validation_APr  validation_AF1
     1    1.043675  0.459322         1.083703       4.073507                   199.639735       0.352941       0.437500        0.382799        0.346134
     2    0.935530  0.542373         0.994988       4.071357                   197.216622       0.494118       0.560688        0.503108        0.493197
     3    0.879498  0.608475         1.050508       4.075961                   193.730593       0.447059       0.544384        0.450556        0.451423
     4    0.847344  0.606780         1.002640       4.077632                   189.107293       0.470588       0.546196        0.483810        0.472947
     5    0.818073  0.644068         1.037385       4.095610                   184.863298       0.423529       0.529891        0.432325        0.433032
     6    0.801657  0.644068         1.021774       4.082311                   180.571437       0.423529       0.502717        0.429502        0.427238
     7    0.787247  0.666102         0.948249       4.096574                   176.426357       0.458824       0.517210        0.464736        0.449715
     8    0.762906  0.672881         1.018154       4.082809                   172.222013       0.470588       0.558877        0.474452        0.470891
     9    0.750089  0.671186         0.990220       4.099413                   168.119773       0.482353       0.546196        0.486664        0.480423
    10    0.738166  0.669492         0.976256       4.100219                   164.021297       0.494118       0.553442        0.497357        0.490370
    11    0.749034  0.661017         0.905888       4.097517                   159.912417       0.494118       0.559783        0.498020        0.487911
    12    0.704243  0.706780         0.953054       4.108482                   155.840048       0.482353       0.545290        0.484868        0.471974
    13    0.698045  0.727119         0.973642       4.112289                   151.772767       0.470588       0.545290        0.473645        0.468692
    14    0.695858  0.703390         0.916563       4.116857                   147.711226       0.564706       0.596920        0.549206        0.549206
    15    0.696118  0.718644         0.922520       4.103841                   143.779516       0.517647       0.560688        0.510480        0.504440
    16    0.668270  0.728814         0.969142       4.127037                   139.756444       0.494118       0.546196        0.481602        0.494912
    17    0.684756  0.718644         0.866444       4.126322                   135.678287       0.517647       0.533514        0.494388        0.498998
    18    0.666373  0.723729         1.020149       4.101498                   131.550618       0.470588       0.531703        0.462312        0.478449
    19    0.664528  0.720339         0.915317       4.101019                   127.424781       0.552941       0.588768        0.532626        0.532718
    20    0.654473  0.737288         0.957675       4.095669                   123.294027       0.529412       0.554348        0.510000        0.520703
    21    0.638096  0.752542         0.921270       4.090055                   119.157948       0.529412       0.560688        0.507018        0.510512
    22    0.636733  0.740678         0.922082       4.096257                   115.034004       0.541176       0.567935        0.516872        0.521087
    23    0.621554  0.767797         0.945873       4.098322                   110.914662       0.517647       0.553442        0.496983        0.504316
    24    0.620170  0.749153         0.909421       4.095560                   106.794162       0.541176       0.561594        0.518082        0.522156
    25    0.617253  0.757627         0.891665       4.100111                   102.680138       0.552941       0.575181        0.525132        0.530973
    26    0.619452  0.742373         0.894610       4.114442                    98.580207       0.552941       0.588768        0.532626        0.532718
    27    0.602827  0.771186         0.883541       4.111604                    94.476718       0.529412       0.547101        0.500510        0.512053
    28    0.602561  0.761017         0.887478       4.106985                    90.369004       0.541176       0.567935        0.516872        0.521087
    29    0.598608  0.769492         0.914590       4.100944                    86.256909       0.564706       0.596014        0.544253        0.545710
    30    0.600890  0.769492         0.891131       4.106921                    82.149527       0.564706       0.582428        0.536625        0.539605
    31    0.604713  0.752542         0.915768       4.099774                    78.037711       0.552941       0.575181        0.525309        0.533182
    32    0.590226  0.769492         0.899613       4.104035                    73.929022       0.552941       0.588768        0.528366        0.535901
    33    0.599535  0.762712         0.867388       4.090105                    69.813586       0.552941       0.575181        0.525132        0.530973
    34    0.586568  0.777966         0.898417       4.093908                    65.701184       0.552941       0.575181        0.525309        0.533182
    35    0.591251  0.774576         0.893045       4.099106                    61.592041       0.541176       0.567935        0.514411        0.522367
    36    0.583294  0.786441         0.873298       4.112043                    57.488480       0.552941       0.575181        0.525132        0.530973
    37    0.576328  0.776271         0.867348       4.103164                    53.381276       0.552941       0.575181        0.525309        0.533182
    38    0.585039  0.762712         0.892998       4.107145                    49.275500       0.552941       0.575181        0.525309        0.533182
    39    0.582119  0.776271         0.895757       4.111525                    45.170935       0.552941       0.575181        0.525132        0.530973
    40    0.581474  0.776271         0.877149       4.089596                    41.060455       0.552941       0.575181        0.525309        0.533182
    41    0.585333  0.783051         0.878390       4.096381                    36.952440       0.552941       0.588768        0.528490        0.538281
    42    0.587420  0.781356         0.881611       4.098370                    32.845346       0.564706       0.582428        0.536625        0.539605
    43    0.581634  0.777966         0.882742       4.098351                    28.738589       0.576471       0.603261        0.552586        0.553462
    44    0.576197  0.794915         0.881904       4.103073                    24.642723       0.552941       0.575181        0.525132        0.530973
    45    0.581686  0.769492         0.872062       4.101865                    20.535088       0.564706       0.582428        0.536869        0.541780
    46    0.573207  0.793220         0.875087       4.102733                    16.427752       0.564706       0.582428        0.536869        0.541780
    47    0.572405  0.789831         0.883914       4.105012                    12.320732       0.552941       0.575181        0.525132        0.530973
    48    0.583151  0.769492         0.880458       4.103768                     8.213720       0.564706       0.582428        0.536869        0.541780
    49    0.583998  0.759322         0.884313       4.100444                     4.106743       0.564706       0.582428        0.536869        0.541780
    50    0.578218  0.779661         0.883601       4.107287                     0.000000       0.552941       0.575181        0.525132        0.530973
