 epoch  train_loss  train_OA  validation_loss  epoch_seconds  estimated_remaining_seconds  validation_OA  validation_AA  validation_APr  validation_AF1
     1    1.135862  0.634678         0.949811       5.524457                   270.735785       0.734848       0.513812        0.426202        0.454691
     2    0.876442  0.764449         0.814046       5.447631                   265.592804       0.757576       0.511655        0.440000        0.469219
     3    0.807084  0.787350         0.777252       5.538620                   261.612207       0.765152       0.509311        0.434566        0.466278
     4    0.745193  0.802617         0.747070       5.539447                   255.745706       0.772727       0.511842        0.443684        0.473093
     5    0.712518  0.808070         0.749868       5.460267                   250.139142       0.772727       0.537882        0.490797        0.510720
     6    0.683552  0.825518         0.748672       5.466909                   244.595120       0.780303       0.546340        0.501316        0.516289
     7    0.636987  0.828790         0.749164       5.476137                   239.102869       0.795455       0.545477        0.524972        0.524325
     8    0.622531  0.833152         0.747417       5.471825                   233.562079       0.795455       0.540601        0.516921        0.524172
     9    0.646797  0.814613         0.711433       5.469554                   227.587391       0.787879       0.538070        0.519570        0.523953
    10    0.615947  0.832061         0.744632       5.479262                   221.752400       0.795455       0.551403        0.524606        0.532993
    11    0.592787  0.829880         0.725566       5.486484                   216.352184       0.810606       0.556466        0.549641        0.544248
    12    0.580864  0.838604         0.730016       5.558643                   211.148745       0.803030       0.543133        0.529341        0.532440
    13    0.567986  0.847328         0.738529       5.494786                   205.418358       0.795455       0.525363        0.464374        0.492589
    14    0.554733  0.838604         0.712439       5.513617                   199.770099       0.795455       0.540601        0.537879        0.530079
    15    0.557064  0.838604         0.717400       5.553871                   194.233372       0.810606       0.556466        0.549641        0.544248
    16    0.570294  0.836423         0.676946       5.571130                   188.731105       0.803030       0.517093        0.480373        0.498048
    17    0.552905  0.838604         0.716049       5.611951                   183.299930       0.810606       0.556466        0.549641        0.544248
    18    0.526134  0.842966         0.671084       5.556100                   177.749547       0.810606       0.556466        0.547478        0.542931
    19    0.530840  0.838604         0.679822       5.525032                   172.147541       0.803030       0.543133        0.534015        0.535175
    20    0.517221  0.844057         0.709507       5.550494                   166.591856       0.803030       0.543133        0.546084        0.536305
    21    0.505549  0.845147         0.679436       5.519581                   160.993445       0.810606       0.556466        0.552153        0.545666
    22    0.505326  0.856052         0.684690       5.538751                   155.545346       0.803030       0.543133        0.531504        0.533757
    23    0.508804  0.847328         0.658491       5.631647                   150.080658       0.803030       0.543133        0.553571        0.540333
    24    0.505145  0.851690         0.643666       5.509963                   144.470160       0.803030       0.543133        0.534015        0.535175
    25    0.470772  0.865867         0.680573       5.510413                   138.868114       0.803030       0.543133        0.548645        0.537735
    26    0.495073  0.848419         0.671023       5.507562                   133.270439       0.803030       0.543133        0.546084        0.536305
    27    0.475374  0.852781         0.660322       5.532498                   127.700655       0.803030       0.543133        0.529341        0.532440
    28    0.491330  0.863686         0.683263       5.614326                   122.197743       0.803030       0.543133        0.529341        0.532440
    29    0.475831  0.861505         0.658193       5.519231                   116.618580       0.803030       0.543133        0.531504        0.533757
    30    0.492210  0.861505         0.646834       5.498379                   111.029434       0.803030       0.543133        0.546084        0.536305
    31    0.479811  0.863686         0.672841       5.512677                   105.454576       0.803030       0.543133        0.546084        0.536305
    32    0.476659  0.866957         0.646013       5.505194                    99.879458       0.803030       0.543133        0.531504        0.533757
    33    0.464160  0.869138         0.662829       5.511012                    94.311439       0.803030       0.543133        0.546084        0.536305
    34    0.492686  0.856052         0.653265       5.502359                    88.742731       0.803030       0.543133        0.548645        0.537735
    35    0.453668  0.862595         0.671577       5.511945                    83.181796       0.803030       0.543133        0.543870        0.534974
    36    0.456676  0.865867         0.647046       5.509308                    77.622547       0.803030       0.543133        0.546084        0.536305
    37    0.465402  0.865867         0.646774       5.515280                    72.068048       0.803030       0.543133        0.546084        0.536305
    38    0.445476  0.864776         0.658536       5.508817                    66.513537       0.803030       0.543133        0.546084        0.536305
    39    0.445493  0.866957         0.647910       5.531180                    60.967709       0.803030       0.543133        0.546084        0.536305
    40    0.440859  0.866957         0.654882       5.566463                    55.431337       0.803030       0.543133        0.546084        0.536305
    41    0.468833  0.866957         0.647492       5.548580                    49.889544       0.803030       0.543133        0.546084        0.536305
    42    0.433198  0.870229         0.671835       5.553095                    44.348252       0.810606       0.556466        0.578674        0.546273
    43    0.462347  0.874591         0.651759       5.549267                    38.819329       0.803030       0.543133        0.546084        0.536305
    44    0.458144  0.876772         0.652437       5.547237                    33.274019       0.803030       0.543133        0.546084        0.536305
    45    0.436432  0.882225         0.656956       5.535774                    27.727319       0.803030       0.543133        0.546084        0.536305
    46    0.448197  0.865867         0.643429       5.538001                    22.181263       0.803030       0.543133        0.546084        0.536305
    47    0.461596  0.871320         0.657278       5.552718                    16.636458       0.803030       0.543133        0.546084        0.536305
    48    0.432399  0.875682         0.640337       5.555538                    11.091418       0.803030       0.543133        0.548645        0.537735
    49    0.449251  0.868048         0.661546       5.547106                     5.545750       0.803030       0.543133        0.543870        0.534974
    50    0.446970  0.865867         0.662964       5.553737                     0.000000       0.803030       0.543133        0.546084        0.536305
