 epoch  train_loss  train_OA  validation_loss  epoch_seconds  estimated_remaining_seconds  validation_OA  validation_AA  validation_APr  validation_AF1
     1    1.087616  0.617747         0.900157       2.235559                   109.582669       0.724409       0.576519        0.733861        0.583453
     2    0.919773  0.709898         0.796222       2.103893                   106.397286       0.716535       0.514019        0.471792        0.484136
     3    0.808564  0.742890         0.682737       2.098312                   102.337093       0.748031       0.626692        0.737132        0.655929
     4    0.748990  0.784983         0.661131       2.098973                   100.398657       0.787402       0.531348        0.539960        0.527580
     5    0.703258  0.796359         0.659918       2.100590                    97.483831       0.748031       0.524419        0.498110        0.510732
     6    0.700601  0.796359         0.630723       2.099462                    94.832549       0.803150       0.586788        0.669739        0.616035
     7    0.681167  0.796359         0.659672       2.095700                    92.315068       0.771654       0.533566        0.522270        0.527332
     8    0.682986  0.784983         0.622186       2.092112                    89.884022       0.771654       0.584702        0.651583        0.603960
     9    0.665039  0.791809         0.664208       2.092844                    87.531477       0.787402       0.539663        0.546931        0.541667
    10    0.634145  0.798635         0.616880       2.088188                    85.212161       0.803150       0.656348        0.814855        0.709382
    11    0.608462  0.825939         0.643948       2.187305                    83.634999       0.803150       0.596897        0.808197        0.642388
    12    0.586527  0.823663         0.615742       2.169887                    81.573069       0.803150       0.644445        0.695913        0.664837
    13    0.585031  0.817975         0.620880       2.142062                    79.415276       0.795276       0.612272        0.676533        0.632396
    14    0.571884  0.820250         0.626096       2.127844                    77.223048       0.795276       0.552821        0.542433        0.545588
    15    0.590884  0.821388         0.627350       2.124518                    75.031415       0.818898       0.697500        0.742208        0.715884
    16    0.577800  0.829352         0.593801       2.121526                    73.045912       0.818898       0.662446        0.838749        0.721591
    17    0.538568  0.835040         0.599719       2.117652                    71.023620       0.803150       0.596897        0.825233        0.644690
    18    0.578666  0.815700         0.621289       2.129697                    68.832522       0.795276       0.602163        0.640829        0.617590
    19    0.546290  0.830489         0.598736       2.130658                    66.649284       0.795276       0.633081        0.698656        0.657798
    20    0.525847  0.832765         0.621810       2.119629                    64.454847       0.811024       0.610055        0.811538        0.649293
    21    0.519949  0.853242         0.602908       2.117535                    62.264489       0.818898       0.670761        0.745139        0.700976
    22    0.516264  0.843003         0.611485       2.118409                    60.081766       0.811024       0.698630        0.736613        0.695120
    23    0.529923  0.833902         0.611601       2.113732                    57.899203       0.787402       0.570581        0.633749        0.594870
    24    0.515542  0.843003         0.601230       2.116126                    55.724799       0.779528       0.569327        0.627157        0.590120
    25    0.512635  0.844141         0.595195       2.129430                    53.568360       0.803150       0.595103        0.655983        0.618296
    26    0.518560  0.837315         0.608994       2.118653                    51.404005       0.803150       0.590377        0.814265        0.626088
    27    0.500210  0.846416         0.601876       2.117969                    49.242379       0.811024       0.610055        0.812729        0.647543
    28    0.491199  0.852105         0.574815       2.118705                    47.084405       0.818898       0.652337        0.766388        0.694592
    29    0.479635  0.844141         0.589894       2.115448                    44.926788       0.795276       0.577219        0.790780        0.616840
    30    0.507773  0.838453         0.577249       2.117375                    42.773205       0.826772       0.665495        0.770438        0.704194
    31    0.513363  0.848692         0.576316       2.111101                    40.618064       0.811024       0.589837        0.711854        0.629513
    32    0.475268  0.857793         0.583355       2.117014                    38.468979       0.795276       0.577219        0.801854        0.618707
    33    0.476420  0.850967         0.587370       2.115334                    36.320912       0.795276       0.585534        0.686156        0.613288
    34    0.478601  0.853242         0.578789       2.116349                    34.175217       0.811024       0.659397        0.744953        0.691824
    35    0.463225  0.866894         0.580080       2.115013                    32.030570       0.803150       0.596897        0.694816        0.625477
    36    0.460796  0.868032         0.580056       2.107193                    29.884502       0.818898       0.662446        0.757754        0.696988
    37    0.490191  0.833902         0.583091       2.114789                    27.743166       0.795276       0.575424        0.689265        0.605624
    38    0.485818  0.847554         0.580936       2.111116                    25.602027       0.795276       0.575424        0.691374        0.610509
    39    0.468087  0.853242         0.587276       2.114141                    23.463254       0.803150       0.596897        0.684753        0.623184
    40    0.483644  0.841866         0.585423       2.099202                    21.321938       0.803150       0.596897        0.683907        0.624867
    41    0.493394  0.844141         0.595591       2.100312                    19.182878       0.795276       0.585534        0.668956        0.607662
    42    0.492037  0.844141         0.585850       2.099813                    17.045560       0.803150       0.596897        0.684753        0.623184
    43    0.490722  0.853242         0.582312       2.144579                    14.917232       0.803150       0.596897        0.684753        0.623184
    44    0.479669  0.855518         0.585288       2.097204                    12.781670       0.811024       0.599946        0.709677        0.630851
    45    0.457909  0.860068         0.576682       2.081372                    10.646026       0.811024       0.589837        0.711854        0.629513
    46    0.451085  0.863481         0.582799       2.089104                     8.513389       0.803150       0.596897        0.684753        0.623184
    47    0.490450  0.861206         0.578595       2.097248                     6.383098       0.787402       0.572376        0.670046        0.601830
    48    0.495421  0.849829         0.592821       2.081141                     4.253486       0.795276       0.585534        0.679477        0.609745
    49    0.468312  0.869170         0.596090       2.077918                     2.125760       0.795276       0.585534        0.668956        0.607662
    50    0.485435  0.852105         0.598260       2.087154                     0.000000       0.803150       0.596897        0.678175        0.619671
