 epoch  train_loss  train_OA  validation_loss  epoch_seconds  estimated_remaining_seconds  validation_OA  validation_AA  validation_APr  validation_AF1
     1    1.350486  0.481236         1.090262       7.490090                   367.057498       0.625954       0.166667        0.104326        0.128326
     2    0.991092  0.645695         0.933557       7.353963                   358.548109       0.679389       0.234810        0.233712        0.222552
     3    0.842111  0.698675         0.812585       7.356442                   350.758164       0.709924       0.275441        0.384229        0.254109
     4    0.736323  0.746137         0.747615       7.372595                   343.323460       0.717557       0.289756        0.330711        0.270661
     5    0.663043  0.764901         0.725331       7.373531                   335.907427       0.732824       0.299364        0.350469        0.286755
     6    0.608519  0.783664         0.697792       7.384328                   328.536041       0.770992       0.349525        0.361866        0.345414
     7    0.582220  0.785872         0.708801       7.344973                   321.056374       0.755725       0.328831        0.358116        0.322466
     8    0.527463  0.811258         0.681849       7.282718                   312.629153       0.786260       0.361526        0.374494        0.350628
     9    0.490140  0.831126         0.669586       7.334223                   305.117994       0.786260       0.359134        0.360568        0.353325
    10    0.446703  0.845475         0.669230       7.425247                   297.997718       0.770992       0.341590        0.366802        0.346578
    11    0.400063  0.863135         0.703100       7.454613                   290.567031       0.786260       0.372613        0.366036        0.357938
    12    0.361617  0.868653         0.722933       7.303623                   282.957444       0.786260       0.353590        0.387504        0.353009
    13    0.298665  0.907285         0.725936       7.341964                   275.216452       0.786260       0.393225        0.466547        0.410245
    14    0.258199  0.915011         0.748918       7.474020                   268.115828       0.793893       0.411887        0.534142        0.431403
    15    0.205876  0.939294         0.804155       7.644229                   261.355140       0.801527       0.419463        0.465836        0.431774
    16    0.175599  0.949227         0.886205       7.594315                   254.361988       0.778626       0.397931        0.453554        0.408672
    17    0.149566  0.953642         0.881346       7.452529                   246.826332       0.801527       0.420659        0.466388        0.431074
    18    0.128239  0.960265         0.994196       7.385491                   239.180912       0.786260       0.398768        0.468750        0.416329
    19    0.120121  0.961369         1.040387       7.531682                   231.801165       0.786260       0.398768        0.442398        0.409218
    20    0.103106  0.965784         1.062100       7.470157                   224.314228       0.755725       0.442589        0.499104        0.461167
    21    0.092834  0.973510         1.072168       7.558093                   217.081599       0.755725       0.370420        0.396023        0.375433
    22    0.081535  0.977925         1.089407       7.589113                   209.728671       0.763359       0.377995        0.407103        0.386676
    23    0.070247  0.977925         1.127170       7.533188                   202.289470       0.770992       0.387963        0.435789        0.403559
    24    0.058203  0.984547         1.182295       7.554125                   194.865498       0.763359       0.377995        0.423727        0.394114
    25    0.049721  0.987859         1.177058       7.541003                   187.417568       0.778626       0.395539        0.438536        0.410173
    26    0.046067  0.990066         1.206395       7.589740                   180.007368       0.770992       0.386767        0.442148        0.407249
    27    0.035807  0.993377         1.195450       7.366476                   172.393746       0.793893       0.410691        0.446033        0.424051
    28    0.029501  0.996689         1.258262       7.350632                   164.785463       0.770992       0.387963        0.434321        0.402726
    29    0.025384  0.996689         1.251772       7.379664                   157.215694       0.778626       0.394343        0.425604        0.405392
    30    0.022156  0.996689         1.309681       7.428184                   149.690863       0.763359       0.377995        0.423727        0.394114
    31    0.018461  0.997792         1.312539       7.553170                   142.248839       0.778626       0.394343        0.437993        0.410502
    32    0.016327  0.998896         1.317992       7.404730                   134.716318       0.793893       0.486448        0.525750        0.491875
    33    0.014679  1.000000         1.349825       7.354087                   127.208499       0.778626       0.470101        0.517477        0.478016
    34    0.013331  1.000000         1.351499       7.346936                   119.662034       0.786260       0.478872        0.521869        0.484776
    35    0.012391  1.000000         1.356478       7.383227                   112.142442       0.786260       0.478872        0.521869        0.484776
    36    0.011262  1.000000         1.373092       7.512196                   104.680578       0.786260       0.478872        0.521869        0.484776
    37    0.010634  1.000000         1.386976       7.569100                    97.235928       0.786260       0.478872        0.521869        0.484776
    38    0.009935  1.000000         1.396374       7.615062                    89.799330       0.786260       0.478872        0.521869        0.484776
    39    0.009403  1.000000         1.397465       7.526736                    82.328518       0.786260       0.478872        0.521869        0.484776
    40    0.008999  1.000000         1.405168       7.443572                    74.834093       0.786260       0.478872        0.521869        0.484776
    41    0.008673  1.000000         1.412101       7.629691                    67.382957       0.786260       0.478872        0.521869        0.484776
    42    0.008365  1.000000         1.415684       7.622705                    59.921956       0.786260       0.478872        0.521869        0.484776
    43    0.008209  1.000000         1.417298       7.545645                    52.440858       0.786260       0.478872        0.521869        0.484776
    44    0.007980  1.000000         1.420807       7.496285                    44.950071       0.786260       0.478872        0.521869        0.484776
    45    0.007853  1.000000         1.422081       7.597650                    37.470250       0.786260       0.478872        0.521869        0.484776
    46    0.007761  1.000000         1.423178       7.327332                    29.961770       0.786260       0.478872        0.521869        0.484776
    47    0.007695  1.000000         1.423814       7.310794                    22.459908       0.786260       0.478872        0.521869        0.484776
    48    0.007658  1.000000         1.424289       7.364038                    14.968195       0.786260       0.478872        0.521869        0.484776
    49    0.007640  1.000000         1.424327       7.400984                     7.482415       0.786260       0.478872        0.521869        0.484776
    50    0.007636  1.000000         1.424327       7.289889                     0.000000       0.786260       0.478872        0.521869        0.484776
