 epoch  train_loss  train_OA  validation_loss  epoch_seconds  estimated_remaining_seconds  validation_OA  validation_AA  validation_APr  validation_AF1
     1    1.531638  0.370774         1.186675      16.938187                   830.010074       0.598485       0.200000        0.119697        0.149763
     2    1.040948  0.598691         0.957351      17.004860                   816.968268       0.621212       0.222222        0.322481        0.191923
     3    0.871749  0.692475         0.814971      17.176455                   803.916580       0.757576       0.422466        0.480565        0.435511
     4    0.742116  0.767721         0.698109      17.161416                   788.544213       0.780303       0.479194        0.469661        0.473164
     5    0.642296  0.811341         0.625303      17.241851                   773.178607       0.772727       0.496165        0.455912        0.473794
     6    0.570159  0.824427         0.591261      17.236144                   757.104381       0.787879       0.512030        0.470732        0.490151
     7    0.524511  0.839695         0.572317      17.253870                   740.761737       0.795455       0.514562        0.473080        0.492809
     8    0.489060  0.848419         0.572993      17.251298                   724.175668       0.795455       0.504810        0.489045        0.495631
     9    0.454192  0.852781         0.565690      17.325892                   707.756242       0.803030       0.512218        0.486426        0.498658
    10    0.421659  0.864776         0.567394      17.283151                   690.910815       0.803030       0.526845        0.479412        0.501008
    11    0.384566  0.878953         0.576444      17.361454                   674.282456       0.825758       0.539316        0.493705        0.513936
    12    0.350516  0.886587         0.580968      17.393595                   657.623308       0.825758       0.560480        0.568611        0.555819
    13    0.322654  0.889858         0.610480      17.365296                   640.756807       0.818182       0.536784        0.489771        0.509097
    14    0.279530  0.908397         0.620120      17.348876                   623.520822       0.810606       0.524501        0.491411        0.506817
    15    0.241939  0.929117         0.613160      17.363469                   606.303887       0.810606       0.550540        0.551975        0.547899
    16    0.204754  0.933479         0.666604      17.415950                   589.179913       0.787879       0.507154        0.487497        0.496970
    17    0.174860  0.947655         0.696482      17.426301                   572.041733       0.795455       0.530850        0.536557        0.532536
    18    0.141554  0.959651         0.714094      17.560829                   555.110602       0.803030       0.543133        0.557024        0.547101
    19    0.114278  0.971647         0.760303      17.584235                   538.151271       0.810606       0.550540        0.556803        0.550530
    20    0.093247  0.977099         0.815518      17.505761                   521.011600       0.803030       0.548009        0.595132        0.550699
    21    0.070793  0.985823         0.866451      17.382587                   503.667146       0.810606       0.550540        0.589248        0.548611
    22    0.055966  0.992366         0.921810      17.337859                   486.262033       0.818182       0.557948        0.593578        0.553990
    23    0.042745  0.993457         0.956787      17.350288                   468.877373       0.803030       0.548009        0.595132        0.550699
    24    0.032089  0.996728         0.997504      17.356116                   451.501703       0.803030       0.548009        0.595132        0.550699
    25    0.025712  0.998909         1.042805      17.402359                   434.173862       0.795455       0.519437        0.488939        0.502767
    26    0.020583  1.000000         1.087238      17.409214                   416.846583       0.795455       0.519437        0.488939        0.502767
    27    0.016902  1.000000         1.098667      17.391988                   399.498528       0.803030       0.548009        0.591155        0.548326
    28    0.014025  1.000000         1.138717      17.257520                   382.041575       0.795455       0.519437        0.488939        0.502767
    29    0.012035  1.000000         1.177825      17.253090                   364.595145       0.803030       0.548009        0.591155        0.548326
    30    0.010488  1.000000         1.202902      17.267255                   347.170963       0.795455       0.519437        0.488939        0.502767
    31    0.009167  1.000000         1.225451      17.285533                   329.768257       0.795455       0.519437        0.488939        0.502767
    32    0.008109  1.000000         1.244975      17.269260                   312.363512       0.795455       0.519437        0.488939        0.502767
    33    0.007387  1.000000         1.267877      17.331554                   294.999057       0.795455       0.519437        0.488939        0.502767
    34    0.006736  1.000000         1.279603      17.384658                   277.661608       0.795455       0.519437        0.488939        0.502767
    35    0.006190  1.000000         1.292871      17.386953                   260.322279       0.795455       0.519437        0.488939        0.502767
    36    0.005761  1.000000         1.300902      17.377356                   242.976652       0.795455       0.519437        0.488939        0.502767
    37    0.005413  1.000000         1.309458      17.385707                   225.632053       0.795455       0.519437        0.488939        0.502767
    38    0.005115  1.000000         1.320831      17.475885                   208.313707       0.795455       0.519437        0.488939        0.502767
    39    0.004867  1.000000         1.328779      17.579942                   191.016600       0.795455       0.519437        0.488939        0.502767
    40    0.004662  1.000000         1.337628      17.789676                   173.757779       0.795455       0.519437        0.488939        0.502767
    41    0.004499  1.000000         1.342344      17.431758                   156.394452       0.795455       0.519437        0.488939        0.502767
    42    0.004366  1.000000         1.348998      17.206690                   138.984947       0.795455       0.519437        0.488939        0.502767
    43    0.004261  1.000000         1.351969      17.220969                   121.587190       0.795455       0.519437        0.488939        0.502767
    44    0.004176  1.000000         1.355512      17.249057                   104.201254       0.795455       0.519437        0.488939        0.502767
    45    0.004114  1.000000         1.356747      17.234574                    86.819750       0.795455       0.519437        0.488939        0.502767
    46    0.004070  1.000000         1.358386      17.420985                    69.460822       0.795455       0.519437        0.488939        0.502767
    47    0.004041  1.000000         1.359294      17.185583                    52.084196       0.795455       0.519437        0.488939        0.502767
    48    0.004024  1.000000         1.359672      17.041370                    34.709492       0.795455       0.519437        0.488939        0.502767
    49    0.004016  1.000000         1.359720      17.129462                    17.350162       0.795455       0.519437        0.488939        0.502767
    50    0.004015  1.000000         1.359720      17.069551                     0.000000       0.795455       0.519437        0.488939        0.502767
