 epoch  train_loss  train_OA  validation_loss  epoch_seconds  estimated_remaining_seconds  validation_OA  validation_AA  validation_APr  validation_AF1
     1    1.284414  0.368601         1.163221       9.651050                   472.937130       0.669291       0.325665        0.313211        0.308547
     2    1.006011  0.656428         0.904291       9.227383                   454.895669       0.653543       0.261364        0.412698        0.218855
     3    0.802124  0.650739         0.734417       9.261935                   442.061019       0.653543       0.261364        0.412698        0.218855
     4    0.655529  0.749716         0.607992       9.250164                   430.876146       0.818898       0.537023        0.615859        0.541667
     5    0.560563  0.807736         0.549895       9.190754                   420.596454       0.818898       0.561968        0.571429        0.560569
     6    0.511256  0.820250         0.519096       9.252067                   411.098804       0.818898       0.570282        0.568533        0.566172
     7    0.470266  0.838453         0.493986       9.302433                   401.971470       0.826772       0.573331        0.588095        0.574082
     8    0.429607  0.848692         0.485023       9.353902                   393.186550       0.850394       0.592587        0.622112        0.594345
     9    0.386216  0.875995         0.450014       9.307381                   383.923249       0.858268       0.612265        0.618217        0.609364
    10    0.344306  0.888510         0.445111       9.365367                   374.868714       0.858268       0.612265        0.615468        0.610161
    11    0.309408  0.895336         0.440359       9.242975                   365.314155       0.874016       0.626678        0.632982        0.625905
    12    0.270239  0.912400         0.460956       9.311525                   356.011727       0.850394       0.617531        0.595464        0.603652
    13    0.236381  0.926052         0.474220       9.445255                   346.862861       0.858268       0.628895        0.607423        0.617458
    14    0.209304  0.931741         0.479306       9.515818                   337.852979       0.866142       0.623629        0.621257        0.619853
    15    0.179261  0.941980         0.523161       9.478182                   328.687707       0.858268       0.628895        0.600920        0.613663
    16    0.154138  0.941980         0.527592       9.352953                   319.216984       0.866142       0.631944        0.610094        0.619421
    17    0.129544  0.952218         0.584676       9.502722                   310.051002       0.850394       0.625846        0.592552        0.608075
    18    0.113760  0.956769         0.663771       9.759208                   301.303494       0.842520       0.622797        0.584884        0.602642
    19    0.099616  0.957907         0.606410       9.600121                   292.189791       0.874016       0.626678        0.620550        0.618555
    20    0.086730  0.963595         0.626540       9.645377                   283.095213       0.858268       0.612265        0.602971        0.602775
    21    0.075210  0.963595         0.678396       9.524907                   273.781756       0.866142       0.631944        0.610094        0.619421
    22    0.064924  0.968146         0.695750       9.517358                   264.439363       0.866142       0.681286        0.857983        0.713080
    23    0.059472  0.980660         0.712648       9.362935                   254.987052       0.866142       0.681286        0.857983        0.713080
    24    0.050473  0.980660         0.760306       9.499389                   245.603990       0.850394       0.683503        0.841481        0.705402
    25    0.044820  0.988623         0.783132       9.497787                   236.209860       0.858268       0.686552        0.856109        0.714742
    26    0.038844  0.989761         0.789584       9.473086                   226.854600       0.866142       0.672971        0.861222        0.709588
    27    0.034119  0.989761         0.797762       9.362126                   217.326081       0.874016       0.684335        0.867151        0.718819
    28    0.029630  0.992036         0.806379       9.378822                   207.881099       0.874016       0.684335        0.867151        0.718819
    29    0.025593  0.990899         0.840881       9.301373                   198.325505       0.874016       0.684335        0.867151        0.718819
    30    0.023010  0.992036         0.841895       9.369423                   188.832150       0.874016       0.684335        0.867151        0.718819
    31    0.019876  0.993174         0.882141       9.295001                   179.301152       0.850394       0.675188        0.841959        0.702098
    32    0.017176  0.996587         0.896942       9.355931                   169.819114       0.850394       0.675188        0.841959        0.702098
    33    0.014598  0.996587         0.889869       9.482843                   160.410050       0.874016       0.684335        0.867151        0.718819
    34    0.012496  0.996587         0.913787       9.506904                   151.007932       0.858268       0.678237        0.849621        0.707510
    35    0.010661  0.997725         0.916269       9.427351                   141.565692       0.874016       0.684335        0.867151        0.718819
    36    0.009300  0.997725         0.937527       9.377779                   132.104959       0.858268       0.678237        0.849621        0.707510
    37    0.007957  0.998862         0.933757       9.430205                   122.667095       0.866142       0.681286        0.857983        0.713080
    38    0.006799  0.998862         0.953870       9.355714                   113.206098       0.858268       0.686552        0.848374        0.710749
    39    0.005934  0.998862         0.954404       9.440126                   103.774227       0.866142       0.689601        0.855841        0.716239
    40    0.005422  0.998862         0.959892       9.409065                    94.334151       0.866142       0.689601        0.855841        0.716239
    41    0.004918  0.998862         0.965765       9.365913                    84.886083       0.866142       0.689601        0.855841        0.716239
    42    0.004435  0.998862         0.967722       9.410454                    75.450378       0.866142       0.689601        0.855841        0.716239
    43    0.004120  0.998862         0.973144       9.387261                    66.012029       0.866142       0.689601        0.855841        0.716239
    44    0.003891  0.998862         0.976010       9.406749                    56.578631       0.866142       0.689601        0.855841        0.716239
    45    0.003757  0.998862         0.974951       9.502332                    47.157003       0.866142       0.689601        0.855841        0.716239
    46    0.003597  0.998862         0.976607       9.525489                    37.733846       0.866142       0.689601        0.855841        0.716239
    47    0.003524  0.998862         0.977586       9.474758                    28.303083       0.866142       0.689601        0.855841        0.716239
    48    0.003480  0.998862         0.977777       9.326147                    18.864245       0.866142       0.689601        0.855841        0.716239
    49    0.003464  0.998862         0.977858       9.393928                     9.431358       0.866142       0.689601        0.855841        0.716239
    50    0.003462  0.998862         0.977858       9.407344                     0.000000       0.866142       0.689601        0.855841        0.716239
