 epoch  train_loss  train_OA  validation_loss  epoch_seconds  estimated_remaining_seconds  validation_OA  validation_AA  validation_APr  validation_AF1
     1    1.142053  0.668484         0.976001       5.533067                   271.157540       0.719697       0.502822        0.405517        0.436239
     2    0.892517  0.758997         0.722435       5.515713                   267.552954       0.795455       0.523263        0.451305        0.480808
     3    0.788425  0.785169         0.694527       5.526696                   262.709341       0.795455       0.518387        0.458844        0.484315
     4    0.755070  0.799346         0.688080       5.536202                   257.611479       0.803030       0.542083        0.520032        0.525528
     5    0.728915  0.799346         0.631181       5.555743                   252.458150       0.810606       0.528326        0.470634        0.494921
     6    0.683959  0.802617         0.618824       5.551929                   246.425459       0.810606       0.534252        0.473241        0.499395
     7    0.685067  0.817884         0.600495       5.550357                   240.520275       0.795455       0.529189        0.460392        0.489013
     8    0.647171  0.814613         0.620485       5.540775                   234.653712       0.810606       0.539128        0.472601        0.500757
     9    0.624130  0.817884         0.608827       5.531617                   228.817495       0.803030       0.557760        0.530330        0.531225
    10    0.626792  0.822246         0.583163       5.583839                   223.638697       0.818182       0.588863        0.588008        0.579824
    11    0.610476  0.827699         0.557898       5.565291                   218.291336       0.810606       0.534252        0.483535        0.505040
    12    0.593452  0.825518         0.598078       5.556035                   212.565964       0.803030       0.531721        0.469759        0.495759
    13    0.584019  0.828790         0.559280       5.553126                   206.858368       0.803030       0.531721        0.470609        0.496815
    14    0.575408  0.833152         0.577109       5.547784                   201.158766       0.803030       0.546959        0.530332        0.532652
    15    0.558824  0.832061         0.587340       5.553551                   195.492758       0.795455       0.529189        0.473784        0.495736
    16    0.550190  0.830971         0.553795       5.561457                   189.857554       0.803030       0.531721        0.480903        0.502460
    17    0.543744  0.832061         0.563497       5.592160                   184.290525       0.818182       0.562824        0.543361        0.541677
    18    0.531267  0.834242         0.551897       5.577333                   178.694248       0.803030       0.520919        0.469765        0.492118
    19    0.535182  0.825518         0.554803       5.563100                   173.076672       0.810606       0.560292        0.540729        0.539096
    20    0.526061  0.839695         0.536375       5.567674                   167.471899       0.833333       0.567887        0.565726        0.556138
    21    0.534806  0.844057         0.544206       5.566635                   161.869388       0.818182       0.541660        0.476254        0.504487
    22    0.492102  0.841876         0.546258       5.564060                   156.266167       0.818182       0.546535        0.481579        0.507963
    23    0.510479  0.846238         0.527355       5.549369                   150.648989       0.818182       0.562824        0.551263        0.546164
    24    0.509348  0.844057         0.552551       5.554521                   145.042912       0.818182       0.541660        0.490877        0.510595
    25    0.494988  0.846238         0.532628       5.556624                   139.443008       0.818182       0.562824        0.550202        0.545040
    26    0.487509  0.858233         0.524953       5.540924                   133.831902       0.818182       0.562824        0.558596        0.548850
    27    0.472037  0.848419         0.535537       5.581566                   128.260626       0.818182       0.562824        0.553655        0.547322
    28    0.503519  0.851690         0.520946       5.540931                   122.656592       0.825758       0.544191        0.497398        0.516410
    29    0.467076  0.846238         0.544291       5.542487                   117.057973       0.803030       0.531721        0.476949        0.499260
    30    0.472741  0.847328         0.537272       5.577263                   111.486268       0.825758       0.549067        0.484211        0.510544
    31    0.454602  0.856052         0.517038       5.569097                   105.909154       0.818182       0.562824        0.553655        0.547322
    32    0.444999  0.860414         0.519924       5.527803                   100.309281       0.825758       0.544191        0.494159        0.514172
    33    0.460265  0.849509         0.538633       5.527208                    94.713418       0.810606       0.560292        0.549991        0.543616
    34    0.451198  0.854962         0.547208       5.544261                    89.129592       0.810606       0.534252        0.488826        0.506706
    35    0.469811  0.845147         0.511143       5.535385                    83.544167       0.818182       0.536784        0.492135        0.510256
    36    0.461077  0.852781         0.547698       5.541098                    77.963728       0.810606       0.534252        0.488826        0.506706
    37    0.453086  0.846238         0.523565       5.541872                    72.385644       0.825758       0.565355        0.562073        0.552468
    38    0.462773  0.863686         0.533902       5.532088                    66.806342       0.825758       0.565355        0.562073        0.552468
    39    0.445702  0.858233         0.538950       5.587458                    61.245047       0.810606       0.560292        0.546719        0.541404
    40    0.434010  0.857143         0.525814       5.539091                    55.670321       0.825758       0.565355        0.562073        0.552468
    41    0.440062  0.861505         0.548760       5.532976                    50.095953       0.810606       0.534252        0.488826        0.506706
    42    0.436175  0.860414         0.532422       5.587479                    44.533909       0.818182       0.562824        0.558596        0.548850
    43    0.445329  0.857143         0.519701       5.556291                    38.965577       0.825758       0.565355        0.562073        0.552468
    44    0.436082  0.862595         0.530536       5.592942                    33.402754       0.810606       0.534252        0.488826        0.506706
    45    0.428491  0.864776         0.505351       5.648103                    27.844700       0.818182       0.536784        0.492135        0.510256
    46    0.436520  0.860414         0.518257       5.529259                    22.272368       0.825758       0.565355        0.562073        0.552468
    47    0.433619  0.860414         0.537244       5.533593                    16.702123       0.818182       0.562824        0.558596        0.548850
    48    0.435354  0.869138         0.518271       5.523996                    11.132968       0.825758       0.565355        0.562073        0.552468
    49    0.419166  0.871320         0.524996       5.540282                     5.565962       0.810606       0.534252        0.488826        0.506706
    50    0.439520  0.864776         0.523009       5.565455                     0.000000       0.810606       0.534252        0.488826        0.506706
