 epoch  train_loss  train_OA  validation_loss  epoch_seconds  estimated_remaining_seconds  validation_OA  validation_AA  validation_APr  validation_AF1
     1    1.074939  0.635950         1.063308       2.261067                   110.829059       0.748031       0.517899        0.479119        0.494531
     2    0.782468  0.761092         0.756081       2.114168                   106.812465       0.771654       0.527045        0.500116        0.507319
     3    0.675211  0.799772         0.636114       2.092323                   103.617426       0.779528       0.530094        0.515925        0.513518
     4    0.611471  0.816837         0.598237       2.075955                   100.809240       0.779528       0.521779        0.516944        0.505690
     5    0.568086  0.846416         0.578853       2.069827                    97.528224       0.811024       0.558919        0.557321        0.547178
     6    0.573731  0.835040         0.532864       2.072390                    95.224124       0.818898       0.561968        0.571409        0.552746
     7    0.534349  0.850967         0.537884       2.070738                    92.950143       0.811024       0.533974        0.591516        0.525758
     8    0.544471  0.846416         0.541713       2.070762                    90.314718       0.803150       0.555870        0.545057        0.541805
     9    0.547548  0.848692         0.525060       2.070646                    87.804713       0.858268       0.602156        0.628278        0.603590
    10    0.508614  0.856655         0.520008       2.084930                    85.743917       0.818898       0.570282        0.573539        0.564271
    11    0.470649  0.868032         0.494988       2.077378                    83.367773       0.850394       0.590792        0.619658        0.590033
    12    0.457099  0.866894         0.498071       2.093616                    81.092650       0.842520       0.638880        0.861102        0.684917
    13    0.436778  0.873720         0.486863       2.083792                    79.035546       0.866142       0.672971        0.881678        0.712018
    14    0.440845  0.871445         0.507142       2.091332                    76.979758       0.826772       0.649412        0.825057        0.677527
    15    0.457088  0.878271         0.490759       2.080790                    74.708643       0.842520       0.672139        0.842532        0.699597
    16    0.441517  0.860068         0.476540       2.083801                    72.467581       0.850394       0.607422        0.614254        0.604098
    17    0.391750  0.888510         0.473309       2.082307                    70.242270       0.842520       0.647195        0.850919        0.685354
    18    0.441169  0.875995         0.492525       2.110346                    68.082493       0.850394       0.666873        0.858965        0.702420
    19    0.425083  0.878271         0.469516       2.110895                    65.928711       0.850394       0.666873        0.850100        0.699289
    20    0.379562  0.886234         0.466012       2.102680                    63.766818       0.866142       0.672971        0.887062        0.715305
    21    0.385873  0.889647         0.470338       2.103658                    61.716599       0.850394       0.658558        0.862702        0.699123
    22    0.394985  0.894198         0.471167       2.095919                    59.548212       0.842520       0.647195        0.857143        0.688906
    23    0.374794  0.881684         0.464312       2.094883                    57.384826       0.866142       0.664656        0.883432        0.712793
    24    0.369922  0.890785         0.463350       2.104304                    55.237337       0.866142       0.681286        0.872947        0.718269
    25    0.364813  0.894198         0.472672       2.101122                    53.163198       0.842520       0.655510        0.850403        0.693137
    26    0.374350  0.889647         0.469995       2.109822                    51.021844       0.866142       0.672971        0.881678        0.712018
    27    0.363424  0.893060         0.464918       2.099364                    48.873862       0.866142       0.681286        0.872947        0.718269
    28    0.360724  0.893060         0.460513       2.104295                    46.733210       0.866142       0.664656        0.886447        0.712018
    29    0.343747  0.897611         0.457774       2.099076                    44.591223       0.866142       0.664656        0.886447        0.712018
    30    0.373582  0.886234         0.457240       2.112061                    42.475333       0.850394       0.658558        0.862702        0.699123
    31    0.378676  0.889647         0.444347       2.114246                    40.346102       0.866142       0.664656        0.886447        0.712018
    32    0.348957  0.888510         0.463480       2.099787                    38.209678       0.850394       0.666873        0.856185        0.702811
    33    0.352937  0.903299         0.468338       2.098736                    36.074889       0.842520       0.655510        0.850403        0.693137
    34    0.342725  0.898749         0.459701       2.091516                    33.938752       0.850394       0.666873        0.856185        0.702811
    35    0.340000  0.901024         0.459844       2.073132                    31.797267       0.842520       0.655510        0.850403        0.693137
    36    0.340841  0.910125         0.449395       2.075564                    29.660524       0.866142       0.664656        0.886447        0.712018
    37    0.353976  0.898749         0.456609       2.078063                    27.527884       0.858268       0.661607        0.876587        0.705327
    38    0.346776  0.904437         0.450123       2.073170                    25.396538       0.858268       0.661607        0.872569        0.705832
    39    0.332216  0.911263         0.457432       2.090573                    23.273082       0.842520       0.655510        0.850403        0.693137
    40    0.346982  0.907850         0.459254       2.085392                    21.149920       0.842520       0.655510        0.850403        0.693137
    41    0.363866  0.886234         0.464323       2.086593                    19.028824       0.858268       0.678237        0.861682        0.712093
    42    0.363777  0.886234         0.456865       2.086592                    16.909391       0.850394       0.666873        0.856185        0.702811
    43    0.357474  0.886234         0.462783       2.087945                    14.791632       0.850394       0.666873        0.850100        0.699289
    44    0.357380  0.890785         0.461165       2.072107                    12.673035       0.850394       0.666873        0.856185        0.702811
    45    0.334258  0.906712         0.450720       2.079835                    10.557341       0.866142       0.664656        0.886447        0.712018
    46    0.321382  0.911263         0.460529       2.078104                     8.443027       0.850394       0.666873        0.856185        0.702811
    47    0.357962  0.897611         0.454880       2.086867                     6.330790       0.842520       0.655510        0.850403        0.693137
    48    0.365031  0.896473         0.462843       2.088769                     4.219667       0.850394       0.666873        0.850100        0.699289
    49    0.345282  0.908987         0.466923       2.089390                     2.109430       0.850394       0.666873        0.850100        0.699289
    50    0.339194  0.910125         0.467687       2.079952                     0.000000       0.858268       0.678237        0.855657        0.708588
