 epoch  train_loss  train_OA  validation_loss  epoch_seconds  estimated_remaining_seconds  validation_OA  validation_AA  validation_APr  validation_AF1
     1    1.041233  0.427119         1.034129       4.067599                   199.351660       0.529412       0.538949        0.496261        0.500749
     2    0.959453  0.500000         0.929622       4.073428                   197.208420       0.529412       0.617754        0.541870        0.548792
     3    0.913885  0.525424         0.922067       4.080974                   193.781771       0.517647       0.596920        0.524276        0.528655
     4    0.867935  0.584746         0.892154       4.086241                   189.244347       0.517647       0.596920        0.527687        0.535660
     5    0.848923  0.593220         0.857077       4.080574                   184.837174       0.564706       0.618659        0.560053        0.574543
     6    0.829154  0.616949         0.843428       4.085150                   181.095846       0.576471       0.633152        0.579362        0.588243
     7    0.805154  0.637288         0.850541       4.090550                   177.266172       0.552941       0.597826        0.548485        0.559702
     8    0.782781  0.649153         0.844441       4.090849                   172.982378       0.588235       0.633152        0.583333        0.599291
     9    0.771079  0.664407         0.829763       4.087559                   169.050257       0.588235       0.633152        0.577471        0.593086
    10    0.764127  0.657627         0.845596       4.096085                   164.822143       0.611765       0.640399        0.595883        0.611286
    11    0.752300  0.671186         0.835095       4.088452                   160.843847       0.552941       0.597826        0.546930        0.560526
    12    0.757136  0.679661         0.821603       4.084936                   156.597558       0.576471       0.612319        0.567460        0.581273
    13    0.733154  0.691525         0.832037       4.086157                   152.379415       0.588235       0.619565        0.579792        0.593968
    14    0.712188  0.698305         0.807873       4.085446                   148.178450       0.611765       0.626812        0.596135        0.608256
    15    0.721810  0.688136         0.794772       4.085252                   143.991962       0.635294       0.634058        0.612963        0.619871
    16    0.710630  0.703390         0.810549       4.092549                   139.992492       0.635294       0.641304        0.619617        0.628571
    17    0.703915  0.706780         0.802849       4.091615                   136.003551       0.623529       0.647645        0.606349        0.621501
    18    0.699713  0.706780         0.817897       4.098203                   131.842295       0.611765       0.634058        0.608401        0.619061
    19    0.678175  0.715254         0.804579       4.095241                   127.682845       0.623529       0.619565        0.605823        0.609524
    20    0.688566  0.705085         0.813720       4.104501                   123.543949       0.588235       0.612319        0.581039        0.593387
    21    0.666691  0.716949         0.815538       4.086708                   119.383333       0.623529       0.627717        0.620640        0.623266
    22    0.672983  0.716949         0.811909       4.093915                   115.238560       0.623529       0.634058        0.609246        0.619713
    23    0.657788  0.738983         0.796387       4.083648                   111.086168       0.635294       0.641304        0.616997        0.627204
    24    0.644916  0.723729         0.790926       4.086567                   106.942547       0.623529       0.634058        0.620100        0.626319
    25    0.648927  0.732203         0.788602       4.091671                   102.808525       0.647059       0.641304        0.636848        0.638482
    26    0.650235  0.744068         0.797331       4.106897                    98.760525       0.611765       0.605978        0.592593        0.598429
    27    0.652345  0.742373         0.785118       4.090835                    94.625477       0.658824       0.648551        0.653770        0.650709
    28    0.642594  0.750847         0.783384       4.085363                    90.546250       0.635294       0.626812        0.628420        0.625716
    29    0.631854  0.740678         0.798235       4.082318                    86.406801       0.611765       0.619565        0.596890        0.606349
    30    0.634591  0.747458         0.792060       4.084789                    82.273014       0.623529       0.626812        0.625000        0.625809
    31    0.631764  0.749153         0.784842       4.084910                    78.142170       0.623529       0.626812        0.616937        0.621625
    32    0.621234  0.754237         0.785696       4.076114                    74.009196       0.623529       0.626812        0.616937        0.621625
    33    0.621556  0.754237         0.798267       4.089399                    69.886464       0.635294       0.634058        0.626598        0.630025
    34    0.621900  0.742373         0.789088       4.082513                    65.762402       0.635294       0.626812        0.624183        0.624413
    35    0.618343  0.755932         0.788204       4.088123                    61.643092       0.647059       0.634058        0.635223        0.632733
    36    0.605134  0.769492         0.801796       4.091849                    57.526924       0.658824       0.648551        0.647794        0.647009
    37    0.605245  0.764407         0.806796       4.076930                    53.406833       0.635294       0.634058        0.626598        0.630025
    38    0.617217  0.749153         0.794141       4.080190                    49.289988       0.623529       0.626812        0.616937        0.621625
    39    0.607102  0.767797         0.787235       4.092457                    45.178435       0.635294       0.634058        0.634058        0.634058
    40    0.609494  0.754237         0.795869       4.101845                    41.070165       0.623529       0.626812        0.616937        0.621625
    41    0.606092  0.749153         0.792566       4.102772                    36.962364       0.635294       0.626812        0.624183        0.624413
    42    0.592640  0.772881         0.790793       4.098228                    32.853901       0.635294       0.626812        0.624183        0.624413
    43    0.619062  0.745763         0.793160       4.107286                    28.747372       0.611765       0.612319        0.604201        0.607964
    44    0.606851  0.762712         0.786564       4.111514                    24.641343       0.623529       0.613225        0.613225        0.613225
    45    0.603776  0.762712         0.791466       4.117340                    20.535687       0.623529       0.626812        0.616937        0.621625
    46    0.604131  0.772881         0.788497       4.110532                    16.428899       0.635294       0.626812        0.624183        0.624413
    47    0.606158  0.762712         0.794210       4.123156                    12.322733       0.623529       0.626812        0.616937        0.621625
    48    0.598239  0.766102         0.791984       4.111647                     8.215355       0.623529       0.626812        0.616937        0.621625
    49    0.618796  0.764407         0.788654       4.102346                     4.107585       0.611765       0.612319        0.604201        0.607964
    50    0.603800  0.769492         0.787174       4.104803                     0.000000       0.635294       0.634058        0.626598        0.630025
