 epoch  train_loss  train_OA  validation_loss  epoch_seconds  estimated_remaining_seconds  validation_OA  validation_AA  validation_APr  validation_AF1
     1    1.021689  0.544068         1.005879      11.762133                   576.377986       0.541176       0.333333        0.180392        0.234097
     2    0.995085  0.544068         0.982199      11.819620                   568.242913       0.541176       0.333333        0.180392        0.234097
     3    0.960738  0.545763         0.958755      11.845691                   556.529107       0.588235       0.405797        0.440476        0.367515
     4    0.926610  0.545763         0.911958      11.815257                   545.522803       0.552941       0.367754        0.405149        0.304550
     5    0.866834  0.583051         0.895263      11.781609                   532.971310       0.529412       0.487319        0.571429        0.506949
     6    0.851235  0.564407         0.891685      11.791541                   521.450635       0.494118       0.397645        0.483131        0.380872
     7    0.821446  0.591525         0.900998      11.944001                   510.174173       0.529412       0.326087        0.178571        0.230769
     8    0.808658  0.600000         0.854089      11.820640                   498.082710       0.564706       0.443841        0.548905        0.440564
     9    0.779780  0.640678         0.857671      11.801803                   485.967726       0.611765       0.527174        0.590909        0.502532
    10    0.767866  0.622034         0.905479      11.809425                   473.943838       0.552941       0.367754        0.405149        0.304550
    11    0.751013  0.649153         0.847653      11.792172                   461.897625       0.576471       0.570652        0.576296        0.572960
    12    0.719796  0.677966         0.844451      11.801392                   450.229402       0.552941       0.450181        0.514846        0.446154
    13    0.711718  0.679661         0.825713      11.808590                   438.271288       0.564706       0.505435        0.523449        0.501172
    14    0.683724  0.688136         0.836498      11.776714                   426.251895       0.552941       0.466486        0.607018        0.492336
    15    0.670229  0.689831         0.868836      11.929491                   414.621193       0.541176       0.382246        0.547302        0.362737
    16    0.656552  0.711864         0.803480      11.764927                   402.603457       0.623529       0.556159        0.627378        0.565463
    17    0.640672  0.706780         0.810184      11.767529                   390.620475       0.600000       0.568841        0.567019        0.543893
    18    0.634284  0.723729         0.791294      11.772798                   378.670871       0.647059       0.597826        0.631356        0.592280
    19    0.592114  0.742373         0.814878      11.766494                   366.866923       0.576471       0.459239        0.595938        0.474008
    20    0.571758  0.749153         0.791799      11.754648                   354.913932       0.588235       0.585145        0.599349        0.590616
    21    0.561896  0.764407         0.794389      11.702382                   342.907623       0.600000       0.561594        0.565476        0.530996
    22    0.539564  0.764407         0.801125      11.875356                   331.148997       0.600000       0.554348        0.549754        0.519658
    23    0.514317  0.786441         0.798822      11.883049                   319.389196       0.635294       0.563406        0.650794        0.577637
    24    0.487027  0.794915         0.793154      11.882416                   307.618353       0.588235       0.583333        0.560914        0.567357
    25    0.457903  0.830508         0.793500      11.856363                   295.812501       0.600000       0.562500        0.585394        0.562500
    26    0.455684  0.820339         0.804915      11.670946                   283.831757       0.623529       0.576993        0.622647        0.586325
    27    0.425035  0.837288         0.856905      11.685004                   271.885813       0.623529       0.545290        0.675944        0.575225
    28    0.393946  0.852542         0.855366      11.643428                   259.925630       0.600000       0.523551        0.626588        0.549756
    29    0.370463  0.881356         0.851380      11.794146                   248.096616       0.600000       0.619565        0.585000        0.598191
    30    0.347634  0.874576         0.864219      11.825505                   236.354397       0.658824       0.628623        0.681818        0.649550
    31    0.326072  0.883051         0.883451      11.914868                   224.653481       0.623529       0.592391        0.634615        0.609414
    32    0.313181  0.893220         0.887647      11.929806                   212.889639       0.635294       0.598732        0.622994        0.602851
    33    0.295740  0.903390         0.922886      11.955929                   201.129134       0.623529       0.557971        0.650034        0.585897
    34    0.276400  0.906780         0.921920      11.793535                   189.280678       0.623529       0.619565        0.605823        0.609524
    35    0.266091  0.918644         0.971787      11.770781                   177.425553       0.611765       0.544384        0.639376        0.571934
    36    0.245896  0.918644         0.948699      11.765646                   165.573057       0.635294       0.598732        0.622994        0.602851
    37    0.235067  0.933898         0.968448      11.971517                   153.797569       0.635294       0.599638        0.658281        0.622090
    38    0.228593  0.933898         0.980714      12.002459                   142.021511       0.635294       0.585145        0.654971        0.607857
    39    0.216995  0.933898         1.000454      11.876035                   130.198123       0.623529       0.564312        0.646290        0.589744
    40    0.209051  0.938983         1.013179      11.786073                   118.349587       0.623529       0.564312        0.646290        0.589744
    41    0.202908  0.940678         1.015522      11.942000                   106.538278       0.647059       0.592391        0.655867        0.607550
    42    0.198498  0.945763         1.014828      11.970886                    94.726238       0.635294       0.585145        0.644714        0.603246
    43    0.194652  0.947458         1.022595      11.936681                    82.901193       0.635294       0.585145        0.654971        0.607857
    44    0.191270  0.947458         1.027237      11.765944                    71.047759       0.635294       0.585145        0.644714        0.603246
    45    0.188932  0.947458         1.030403      11.808125                    59.202859       0.635294       0.585145        0.654971        0.607857
    46    0.187282  0.949153         1.031109      11.915652                    47.368882       0.635294       0.585145        0.644714        0.603246
    47    0.186209  0.950847         1.031371      11.925587                    35.532032       0.635294       0.585145        0.644714        0.603246
    48    0.185507  0.950847         1.032082      11.922486                    23.691325       0.635294       0.585145        0.644714        0.603246
    49    0.185128  0.949153         1.032154      11.780528                    11.844356       0.635294       0.585145        0.644714        0.603246
    50    0.185065  0.949153         1.032154      11.716454                     0.000000       0.635294       0.585145        0.644714        0.603246
