 epoch  train_loss  train_OA  validation_loss  epoch_seconds  estimated_remaining_seconds  validation_OA  validation_AA  validation_APr  validation_AF1
     1    1.096582  0.598407         1.042704       2.244690                   110.027886       0.677165       0.523719        0.451357        0.473559
     2    0.903835  0.692833         0.942683       2.102742                   106.706077       0.716535       0.550866        0.489419        0.503958
     3    0.806510  0.756542         0.863823       2.098999                   104.021565       0.724409       0.572930        0.580978        0.568332
     4    0.762321  0.765643         0.845424       2.070026                   101.260771       0.692913       0.608283        0.551364        0.574228
     5    0.709984  0.774744         0.830680       2.090681                    98.935598       0.716535       0.510430        0.484028        0.490140
     6    0.698905  0.777019         0.753750       2.084249                    95.903238       0.787402       0.665086        0.711765        0.683426
     7    0.702154  0.781570         0.834056       2.078007                    93.699741       0.740157       0.529685        0.504167        0.510420
     8    0.672088  0.780432         0.768300       2.084439                    91.027767       0.748031       0.658157        0.636934        0.646426
     9    0.636677  0.804323         0.770596       2.071237                    88.425573       0.779528       0.660243        0.641463        0.649003
    10    0.604455  0.815700         0.762114       2.076836                    85.951727       0.771654       0.607852        0.657272        0.621617
    11    0.619503  0.799772         0.747641       2.089456                    83.594985       0.779528       0.660243        0.663855        0.661580
    12    0.587410  0.819113         0.711795       2.101957                    81.322118       0.779528       0.670352        0.707272        0.685628
    13    0.600853  0.807736         0.764540       2.082137                    79.290924       0.787402       0.632374        0.666667        0.636592
    14    0.578070  0.820250         0.715354       2.079834                    76.987124       0.779528       0.666764        0.645760        0.654664
    15    0.577937  0.828214         0.709878       2.083471                    74.721541       0.755906       0.575016        0.644301        0.597559
    16    0.529505  0.830489         0.694863       2.078504                    72.468143       0.803150       0.696128        0.728585        0.709262
    17    0.560558  0.836177         0.701153       2.089060                    70.445232       0.771654       0.685728        0.699982        0.688668
    18    0.536485  0.833902         0.700136       2.087788                    68.228258       0.763780       0.633928        0.633088        0.631226
    19    0.541223  0.831627         0.653874       2.094942                    66.036494       0.787402       0.671607        0.715695        0.690556
    20    0.523383  0.835040         0.657664       2.085098                    63.839527       0.779528       0.654861        0.629960        0.637098
    21    0.517792  0.836177         0.679329       2.082560                    61.649630       0.811024       0.699177        0.737106        0.714945
    22    0.534751  0.835040         0.651685       2.083570                    59.591985       0.779528       0.662038        0.708385        0.681261
    23    0.546943  0.806598         0.648974       2.088983                    57.418293       0.787402       0.671607        0.676575        0.673995
    24    0.500731  0.839590         0.657558       2.084540                    55.246796       0.795276       0.674656        0.685338        0.679587
    25    0.509143  0.837315         0.652297       2.097109                    53.094837       0.779528       0.658449        0.647189        0.651215
    26    0.486571  0.852105         0.687691       2.082504                    50.933520       0.803150       0.696128        0.728585        0.709262
    27    0.518575  0.822526         0.634930       2.083325                    48.778704       0.795276       0.674656        0.799484        0.716079
    28    0.478411  0.846416         0.647848       2.087565                    46.706768       0.811024       0.709286        0.734828        0.718603
    29    0.490655  0.844141         0.650040       2.093157                    44.633025       0.795276       0.674656        0.724484        0.696145
    30    0.477774  0.863481         0.655620       2.090661                    42.484908       0.795276       0.676450        0.724484        0.696450
    31    0.467558  0.855518         0.639881       2.085126                    40.337073       0.803150       0.687814        0.805952        0.725812
    32    0.480688  0.854380         0.635735       2.089384                    38.250325       0.811024       0.689068        0.814330        0.730701
    33    0.477468  0.847554         0.621441       2.087712                    36.156263       0.795276       0.674656        0.724484        0.696145
    34    0.480641  0.855518         0.635281       2.092744                    34.013684       0.779528       0.648340        0.648529        0.646124
    35    0.474013  0.852105         0.656256       2.101825                    31.877801       0.811024       0.699177        0.737106        0.714945
    36    0.489802  0.847554         0.658903       2.086762                    29.737908       0.787402       0.690031        0.713542        0.698351
    37    0.474958  0.831627         0.661660       2.110356                    27.609152       0.803150       0.696128        0.728585        0.709262
    38    0.468453  0.856655         0.664652       2.100669                    25.478279       0.787402       0.671607        0.676575        0.673995
    39    0.477246  0.853242         0.622256       2.099030                    23.348452       0.803150       0.677705        0.808262        0.721648
    40    0.488127  0.845279         0.629587       2.093728                    21.227953       0.795276       0.674656        0.799484        0.716079
    41    0.464563  0.865757         0.635664       2.085571                    19.097133       0.787402       0.671607        0.791453        0.710666
    42    0.444663  0.869170         0.634553       2.084591                    16.968241       0.811024       0.690862        0.814706        0.731383
    43    0.482710  0.841866         0.683666       2.125426                    14.862168       0.803150       0.714552        0.726392        0.716195
    44    0.470949  0.856655         0.619500       2.116633                    12.738198       0.803150       0.677705        0.808262        0.721648
    45    0.455215  0.857793         0.630097       2.103779                    10.613093       0.803150       0.677705        0.808262        0.721648
    46    0.477606  0.841866         0.616974       2.104288                     8.488938       0.803150       0.677705        0.808262        0.721648
    47    0.488308  0.846416         0.637147       2.110631                     6.366003       0.811024       0.690862        0.814706        0.731383
    48    0.446390  0.864619         0.653119       2.104094                     4.243283       0.803150       0.687814        0.730952        0.705878
    49    0.451029  0.866894         0.621239       2.112863                     2.121476       0.803150       0.677705        0.808262        0.721648
    50    0.446735  0.863481         0.642725       2.114480                     0.000000       0.795276       0.684765        0.722189        0.700287
