 epoch  train_loss  train_OA  validation_loss  epoch_seconds  estimated_remaining_seconds  validation_OA  validation_AA  validation_APr  validation_AF1
     1    1.163499  0.648464         1.086961       9.469792                   464.057819       0.645669       0.250000        0.161417        0.196172
     2    0.974996  0.649602         0.910953       9.283538                   451.845603       0.645669       0.250000        0.161417        0.196172
     3    0.825396  0.650739         0.783396       9.220044                   439.413655       0.653543       0.263158        0.412698        0.222115
     4    0.689132  0.747440         0.662516       9.296378                   430.306186       0.748031       0.451380        0.369913        0.406352
     5    0.581414  0.774744         0.597253       9.237333                   420.586765       0.779528       0.506944        0.581752        0.491925
     6    0.518582  0.815700         0.560851       9.280433                   411.303373       0.779528       0.528300        0.549827        0.531593
     7    0.474689  0.838453         0.516866       9.257385                   401.866134       0.826772       0.583440        0.601149        0.582638
     8    0.427222  0.854380         0.478636       9.204589                   392.165642       0.834646       0.603119        0.586268        0.591071
     9    0.380500  0.871445         0.450061       9.200776                   382.549021       0.858268       0.637210        0.604174        0.618730
    10    0.335418  0.887372         0.453865       9.354880                   373.615356       0.834646       0.576380        0.608031        0.579276
    11    0.296710  0.902162         0.409875       9.516187                   364.900972       0.842520       0.596058        0.604044        0.594245
    12    0.253646  0.913538         0.410415       9.426870                   355.769963       0.842520       0.612688        0.592848        0.601238
    13    0.218270  0.927190         0.404036       9.433129                   346.611192       0.818898       0.601748        0.563880        0.581639
    14    0.187192  0.936291         0.422107       9.452706                   337.463421       0.826772       0.631535        0.568180        0.595160
    15    0.161710  0.946530         0.480301       9.343195                   328.019245       0.834646       0.566271        0.611804        0.576723
    16    0.135309  0.952218         0.452681       9.387178                   318.681128       0.826772       0.604796        0.575376        0.589520
    17    0.116800  0.955631         0.493447       9.344048                   309.253468       0.842520       0.621003        0.590293        0.603795
    18    0.098810  0.962457         0.474794       9.425249                   299.979611       0.818898       0.585118        0.570468        0.575207
    19    0.081974  0.968146         0.510472       9.374874                   290.607346       0.818898       0.585118        0.570468        0.575207
    20    0.070032  0.973834         0.559689       9.245599                   281.040877       0.826772       0.645824        0.714734        0.669330
    21    0.062285  0.977247         0.629180       9.416719                   271.842102       0.850394       0.698338        0.720238        0.696875
    22    0.050562  0.985210         0.678364       9.215086                   262.362509       0.834646       0.675611        0.826696        0.693660
    23    0.042940  0.989761         0.728321       9.179095                   252.768962       0.858268       0.752524        0.772917        0.759212
    24    0.035979  0.989761         0.757436       9.186282                   243.296422       0.826772       0.715384        0.823104        0.748202
    25    0.029835  0.990899         0.780497       9.229016                   233.811055       0.834646       0.726748        0.753388        0.736869
    26    0.023380  0.993174         0.844961       9.350819                   224.457709       0.826772       0.705275        0.827726        0.745414
    27    0.018008  0.992036         0.780448       9.320272                   215.078568       0.842520       0.738111        0.720596        0.728798
    28    0.013828  0.997725         0.819870       9.105597                   205.534895       0.858268       0.754318        0.775000        0.761163
    29    0.010578  0.997725         0.855142       9.218728                   196.156874       0.858268       0.754318        0.775000        0.761163
    30    0.007651  0.998862         0.902466       9.456209                   186.893470       0.858268       0.754318        0.775000        0.761163
    31    0.006568  0.998862         0.925270       9.344696                   177.549249       0.858268       0.754318        0.775000        0.761163
    32    0.004950  0.998862         0.947707       9.344225                   168.204706       0.858268       0.754318        0.775000        0.761163
    33    0.003841  0.998862         0.972615       9.463468                   158.921556       0.858268       0.754318        0.775000        0.761163
    34    0.003648  0.998862         1.024254       9.475832                   149.633579       0.842520       0.738111        0.758509        0.744017
    35    0.002692  0.998862         1.012835       9.346459                   140.279394       0.850394       0.742954        0.768975        0.752757
    36    0.002274  0.998862         1.035355       9.313688                   130.912828       0.850394       0.742954        0.768975        0.752757
    37    0.001759  0.998862         1.055487       9.637005                   121.662668       0.850394       0.751269        0.767679        0.755544
    38    0.001610  0.998862         1.064176       9.474349                   112.340765       0.850394       0.742954        0.768975        0.752757
    39    0.001286  0.998862         1.073769       9.528933                   103.026406       0.850394       0.742954        0.768975        0.752757
    40    0.001076  0.998862         1.090295       9.291087                    93.641813       0.842520       0.739905        0.761458        0.747207
    41    0.000936  1.000000         1.091045       9.241341                    84.250831       0.842520       0.739905        0.761458        0.747207
    42    0.000825  1.000000         1.100410       9.289727                    74.876150       0.842520       0.739905        0.761458        0.747207
    43    0.000750  1.000000         1.098824       9.461521                    65.533396       0.842520       0.739905        0.761458        0.747207
    44    0.000706  1.000000         1.104155       9.549655                    56.197186       0.842520       0.739905        0.761458        0.747207
    45    0.000671  1.000000         1.107789       9.588942                    46.855821       0.842520       0.739905        0.761458        0.747207
    46    0.000639  1.000000         1.109023       9.336883                    37.481748       0.842520       0.739905        0.761458        0.747207
    47    0.000623  1.000000         1.110538       9.510134                    28.120277       0.842520       0.739905        0.761458        0.747207
    48    0.000613  1.000000         1.111166       9.596420                    18.756172       0.842520       0.739905        0.761458        0.747207
    49    0.000609  1.000000         1.111177       9.580201                     9.382226       0.842520       0.739905        0.761458        0.747207
    50    0.000609  1.000000         1.111177       9.562879                     0.000000       0.842520       0.739905        0.761458        0.747207
