 epoch  train_loss  train_OA  validation_loss  epoch_seconds  estimated_remaining_seconds  validation_OA  validation_AA  validation_APr  validation_AF1
     1    1.055339  0.442373         1.066212       4.083678                   200.142918       0.494118       0.566123        0.488232        0.486179
     2    0.953668  0.527119         0.950848       4.091316                   197.999621       0.588235       0.660326        0.591488        0.587087
     3    0.923738  0.508475         0.909349       4.076495                   194.274857       0.564706       0.645833        0.574592        0.566138
     4    0.870886  0.564407         0.949468       4.065589                   189.367461       0.517647       0.616848        0.528499        0.526397
     5    0.848732  0.608475         0.932882       4.075579                   184.886665       0.529412       0.637681        0.546699        0.536588
     6    0.825203  0.620339         0.904390       4.089652                   180.643903       0.541176       0.631341        0.543651        0.551710
     7    0.809868  0.630508         0.908820       4.086826                   176.427431       0.541176       0.631341        0.544006        0.550483
     8    0.797416  0.635593         0.911533       4.070449                   172.157185       0.494118       0.587862        0.498854        0.500926
     9    0.769210  0.664407         0.867765       4.064704                   167.905019       0.647059       0.703804        0.634421        0.647981
    10    0.756211  0.661017         0.903768       4.073752                   164.012983       0.529412       0.616848        0.538992        0.534375
    11    0.752510  0.672881         0.905616       4.076661                   159.831065       0.517647       0.596014        0.517434        0.525248
    12    0.749425  0.674576         0.837455       4.061901                   155.620673       0.658824       0.697464        0.641141        0.656814
    13    0.725748  0.683051         0.856590       4.094080                   151.726883       0.623529       0.682065        0.612075        0.624012
    14    0.719456  0.698305         0.854238       4.070217                   147.549301       0.611765       0.653986        0.595540        0.608835
    15    0.708965  0.705085         0.846096       4.104893                   143.467932       0.623529       0.682065        0.618114        0.622694
    16    0.708653  0.686441         0.863948       4.059150                   139.285417       0.576471       0.653080        0.573029        0.583607
    17    0.688742  0.693220         0.833469       4.066726                   135.132326       0.658824       0.703804        0.645113        0.664424
    18    0.684023  0.740678         0.846918       4.044244                   131.077597       0.576471       0.645833        0.568247        0.580469
    19    0.678884  0.715254         0.807990       4.080946                   126.957765       0.682353       0.718297        0.664361        0.681561
    20    0.670732  0.723729         0.849712       4.069991                   122.932944       0.564706       0.617754        0.552469        0.567009
    21    0.667919  0.725424         0.847182       4.100072                   118.839248       0.552941       0.617754        0.555060        0.555750
    22    0.654433  0.722034         0.809085       4.083801                   114.724230       0.658824       0.676630        0.641414        0.654100
    23    0.645507  0.740678         0.819259       4.089597                   110.618666       0.658824       0.690217        0.646400        0.662880
    24    0.638533  0.750847         0.810968       4.107659                   106.534258       0.635294       0.647645        0.622222        0.631064
    25    0.643617  0.732203         0.826010       4.105868                   102.445843       0.611765       0.661232        0.601457        0.620675
    26    0.634466  0.742373         0.811302       4.095522                    98.346482       0.647059       0.654891        0.628961        0.635944
    27    0.623939  0.750847         0.825086       4.103602                    94.254243       0.600000       0.646739        0.588863        0.607942
    28    0.621442  0.735593         0.790358       4.109652                    90.165896       0.658824       0.682971        0.644679        0.656380
    29    0.626416  0.730508         0.815079       4.191672                    86.135428       0.647059       0.675725        0.632756        0.647129
    30    0.624224  0.744068         0.804854       4.111325                    82.040618       0.647059       0.668478        0.632376        0.642439
    31    0.616517  0.747458         0.801863       4.111169                    77.944661       0.647059       0.654891        0.629630        0.638390
    32    0.613940  0.761017         0.822581       4.119886                    73.852540       0.576471       0.611413        0.559274        0.574500
    33    0.605651  0.764407         0.809741       4.108749                    69.752941       0.611765       0.633152        0.595238        0.609318
    34    0.619614  0.759322         0.828336       4.105627                    65.651340       0.588235       0.625906        0.574371        0.590848
    35    0.603546  0.761017         0.806430       4.106498                    61.549839       0.611765       0.640399        0.601667        0.616710
    36    0.608116  0.762712         0.803406       4.111649                    57.449995       0.658824       0.675725        0.644834        0.653962
    37    0.610965  0.757627         0.809728       4.103955                    53.346841       0.611765       0.640399        0.595883        0.611286
    38    0.597530  0.762712         0.800749       4.139089                    49.254647       0.647059       0.654891        0.629630        0.638390
    39    0.614624  0.762712         0.805278       4.172654                    45.169480       0.647059       0.654891        0.629630        0.638390
    40    0.605039  0.771186         0.805616       4.115545                    41.065630       0.623529       0.640399        0.608140        0.620932
    41    0.607413  0.766102         0.817082       4.106803                    36.959257       0.588235       0.618659        0.571739        0.586736
    42    0.607544  0.747458         0.810104       4.159860                    32.862941       0.600000       0.625906        0.583149        0.597930
    43    0.599478  0.772881         0.801622       4.110656                    28.755650       0.611765       0.640399        0.601667        0.616710
    44    0.591768  0.759322         0.806952       4.125886                    24.650234       0.611765       0.633152        0.598309        0.612282
    45    0.602312  0.764407         0.803151       4.136296                    20.545037       0.623529       0.640399        0.608140        0.620932
    46    0.595618  0.755932         0.804989       4.100455                    16.435340       0.611765       0.633152        0.598309        0.612282
    47    0.599328  0.774576         0.805034       4.108009                    12.326498       0.623529       0.640399        0.608140        0.620932
    48    0.588910  0.779661         0.804398       4.158634                     8.219773       0.635294       0.647645        0.618543        0.629630
    49    0.608547  0.764407         0.795804       4.111965                     4.109942       0.635294       0.647645        0.627434        0.636544
    50    0.602211  0.771186         0.804401       4.103999                     0.000000       0.623529       0.640399        0.605109        0.615841
