 epoch  train_loss  train_OA  validation_loss  epoch_seconds  estimated_remaining_seconds  validation_OA  validation_AA  validation_APr  validation_AF1
     1    0.941788  0.649602         0.898354       7.192046                   352.444972       0.645669       0.250000        0.161417        0.196172
     2    0.824059  0.665529         0.789416       6.980399                   342.440876       0.732283       0.394737        0.407428        0.385541
     3    0.716516  0.724687         0.700886       7.028633                   335.153256       0.740157       0.426319        0.492471        0.408149
     4    0.636016  0.753129         0.669058       7.009053                   327.696221       0.763780       0.452095        0.579877        0.457692
     5    0.578004  0.778157         0.632519       7.020828                   320.479351       0.787402       0.487980        0.563277        0.491729
     6    0.533907  0.805461         0.626279       7.142808                   314.192988       0.779528       0.476616        0.615196        0.472032
     7    0.490652  0.830489         0.613816       7.289532                   307.970716       0.787402       0.531348        0.537363        0.528775
     8    0.445464  0.853242         0.603041       7.096247                   300.962289       0.771654       0.463458        0.623413        0.469176
     9    0.396369  0.865757         0.605859       7.121675                   293.599131       0.787402       0.487980        0.630812        0.495722
    10    0.340052  0.888510         0.582469       7.107845                   286.228481       0.755906       0.517359        0.513756        0.515023
    11    0.316198  0.880546         0.587761       7.122900                   278.959249       0.787402       0.521239        0.559919        0.530296
    12    0.252601  0.927190         0.540625       7.100132                   271.933743       0.779528       0.584162        0.663904        0.612488
    13    0.205025  0.937429         0.558654       7.128116                   264.967771       0.803150       0.605212        0.820557        0.650894
    14    0.151035  0.961320         0.617421       7.083263                   257.917855       0.779528       0.575848        0.807168        0.630462
    15    0.121101  0.972696         0.599238       7.105121                   250.616955       0.795276       0.581945        0.814162        0.636043
    16    0.092432  0.974972         0.637055       7.123996                   243.380574       0.811024       0.612987        0.826736        0.661406
    17    0.072521  0.982935         0.612056       7.202306                   236.483079       0.803150       0.603418        0.824169        0.653861
    18    0.057770  0.984073         0.636021       7.174553                   229.333836       0.834646       0.700009        0.770474        0.730500
    19    0.045043  0.988623         0.680846       7.086274                   222.187210       0.811024       0.674233        0.748485        0.706303
    20    0.032509  0.993174         0.709153       7.204739                   215.077091       0.818898       0.626145        0.709291        0.656069
    21    0.025916  0.996587         0.759936       7.213395                   207.969749       0.811024       0.665918        0.749306        0.701287
    22    0.019788  0.995449         0.771297       7.187213                   200.819483       0.818898       0.660652        0.761761        0.700849
    23    0.015485  0.998862         0.817655       7.098949                   193.562211       0.811024       0.598152        0.707226        0.635770
    24    0.012155  0.998862         0.840783       7.076751                   186.294125       0.803150       0.644445        0.746573        0.685613
    25    0.010474  0.998862         0.849669       7.098915                   179.063529       0.811024       0.598152        0.707226        0.635770
    26    0.008271  1.000000         0.874104       7.122789                   171.864958       0.811024       0.598152        0.707226        0.635770
    27    0.007010  1.000000         0.887580       7.041685                   164.602911       0.811024       0.598152        0.707226        0.635770
    28    0.006138  1.000000         0.908715       7.119873                   157.417921       0.803150       0.584994        0.662802        0.615135
    29    0.005298  1.000000         0.915502       7.235122                   150.320839       0.803150       0.584994        0.662802        0.615135
    30    0.004715  1.000000         0.933366       7.265761                   143.235060       0.787402       0.568787        0.646573        0.599478
    31    0.004280  1.000000         0.936310       7.244408                   136.124391       0.795276       0.581945        0.651947        0.609986
    32    0.003852  1.000000         0.947440       7.201360                   128.981118       0.803150       0.584994        0.662802        0.615135
    33    0.003520  1.000000         0.954028       7.187713                   121.827209       0.803150       0.584994        0.662802        0.615135
    34    0.003262  1.000000         0.960765       7.168734                   114.662397       0.803150       0.584994        0.662802        0.615135
    35    0.003046  1.000000         0.967274       7.096691                   107.466442       0.803150       0.584994        0.662802        0.615135
    36    0.002851  1.000000         0.973847       7.091404                   100.273880       0.803150       0.584994        0.662802        0.615135
    37    0.002705  1.000000         0.979501       7.020966                    93.062014       0.803150       0.584994        0.662802        0.615135
    38    0.002575  1.000000         0.981808       7.019083                    85.859556       0.803150       0.584994        0.662802        0.615135
    39    0.002458  1.000000         0.987966       7.100562                    78.689435       0.803150       0.584994        0.662802        0.615135
    40    0.002370  1.000000         0.992881       7.186652                    71.544272       0.803150       0.584994        0.662802        0.615135
    41    0.002298  1.000000         0.994783       7.217835                    64.403900       0.803150       0.584994        0.662802        0.615135
    42    0.002239  1.000000         0.996809       7.046290                    57.227148       0.803150       0.584994        0.662802        0.615135
    43    0.002191  1.000000         0.998444       7.061263                    50.058858       0.803150       0.584994        0.662802        0.615135
    44    0.002149  1.000000         1.000030       7.040751                    42.892620       0.803150       0.584994        0.662802        0.615135
    45    0.002119  1.000000         1.001342       7.045102                    35.732416       0.803150       0.584994        0.662802        0.615135
    46    0.002101  1.000000         1.002124       7.195050                    28.590211       0.803150       0.584994        0.662802        0.615135
    47    0.002085  1.000000         1.002668       7.243067                    21.448801       0.803150       0.584994        0.662802        0.615135
    48    0.002077  1.000000         1.002854       7.207192                    14.301632       0.803150       0.584994        0.662802        0.615135
    49    0.002074  1.000000         1.002880       7.106419                     7.149927       0.803150       0.584994        0.662802        0.615135
    50    0.002073  1.000000         1.002880       7.109883                     0.000000       0.803150       0.584994        0.662802        0.615135
