 epoch  train_loss  train_OA  validation_loss  epoch_seconds  estimated_remaining_seconds  validation_OA  validation_AA  validation_APr  validation_AF1
     1    1.192731  0.335593         0.989028      11.714169                   574.035230       0.541176       0.333333        0.180392        0.234097
     2    0.966714  0.544068         0.958451      11.742206                   565.265537       0.541176       0.333333        0.180392        0.234097
     3    0.935069  0.544068         0.927906      11.743769                   552.993389       0.541176       0.333333        0.180392        0.234097
     4    0.894512  0.544068         0.887838      11.789019                   541.504506       0.529412       0.355072        0.327973        0.307377
     5    0.855580  0.593220         0.869885      11.809582                   530.948264       0.635294       0.513587        0.475430        0.472222
     6    0.837933  0.596610         0.849176      11.830401                   520.096230       0.588235       0.452899        0.692488        0.467962
     7    0.804784  0.611864         0.827040      11.778600                   508.023989       0.635294       0.513587        0.500000        0.478703
     8    0.796726  0.616949         0.814787      11.732143                   496.286251       0.658824       0.607790        0.673746        0.631313
     9    0.773342  0.620339         0.792261      11.720398                   484.479397       0.647059       0.627717        0.643537        0.634805
    10    0.752049  0.635593         0.765083      11.800187                   472.974736       0.647059       0.613225        0.641041        0.622249
    11    0.732461  0.666102         0.755637      11.721229                   460.787216       0.647059       0.605978        0.637825        0.610935
    12    0.705026  0.676271         0.716471      11.701261                   448.613862       0.694118       0.634964        0.713168        0.654990
    13    0.682827  0.684746         0.707438      11.682955                   436.736506       0.694118       0.656703        0.698313        0.672464
    14    0.666229  0.691525         0.683118      11.733875                   425.000975       0.705882       0.642210        0.751821        0.669737
    15    0.642547  0.728814         0.696379      11.724677                   413.008350       0.658824       0.634964        0.648816        0.639881
    16    0.612219  0.735593         0.670579      11.654143                   400.899252       0.682353       0.649457        0.696154        0.668314
    17    0.582245  0.745763         0.695079      11.664064                   388.863149       0.705882       0.620471        0.782051        0.629721
    18    0.563002  0.767797         0.735714      11.662858                   376.865992       0.647059       0.576993        0.748677        0.559100
    19    0.538072  0.769492         0.676777      11.792826                   365.116047       0.717647       0.642210        0.768824        0.661704
    20    0.499456  0.786441         0.650455      11.701176                   353.224093       0.717647       0.642210        0.788773        0.668344
    21    0.464098  0.801695         0.635488      11.796248                   341.481448       0.717647       0.671196        0.727435        0.689904
    22    0.430642  0.833898         0.678415      11.835444                   329.905811       0.658824       0.648551        0.643397        0.641476
    23    0.383559  0.861017         0.685859      11.731504                   318.064580       0.670588       0.640399        0.681642        0.630863
    24    0.342338  0.871186         0.692801      11.745899                   306.248269       0.682353       0.669384        0.672222        0.659235
    25    0.308421  0.891525         0.687515      11.707517                   294.399000       0.705882       0.649457        0.737893        0.669841
    26    0.269991  0.915254         0.704440      11.815449                   282.660179       0.694118       0.670290        0.695230        0.675356
    27    0.234842  0.928814         0.742516      11.929781                   271.013024       0.670588       0.640399        0.681642        0.630863
    28    0.205546  0.950847         0.813122      11.810585                   259.251960       0.670588       0.633152        0.681354        0.623492
    29    0.178146  0.959322         0.780632      11.785898                   247.469610       0.682353       0.647645        0.696296        0.642271
    30    0.151200  0.961017         0.757329      11.846870                   235.727555       0.694118       0.669384        0.687731        0.666222
    31    0.134436  0.971186         0.775206      11.791668                   223.944863       0.694118       0.662138        0.693266        0.658108
    32    0.119009  0.979661         0.802355      11.804270                   212.168631       0.694118       0.682971        0.680908        0.671984
    33    0.103846  0.977966         0.856927      11.742993                   200.359119       0.705882       0.676630        0.706078        0.674902
    34    0.091907  0.983051         0.797053      11.799990                   188.580298       0.729412       0.733696        0.715904        0.721840
    35    0.084388  0.988136         0.871547      11.751316                   176.816423       0.705882       0.676630        0.706078        0.674902
    36    0.074324  0.988136         0.866887      11.776283                   165.024488       0.705882       0.676630        0.706078        0.674902
    37    0.068714  0.989831         0.828662      11.659696                   153.192377       0.670588       0.662138        0.657218        0.656100
    38    0.063993  0.989831         0.880599      11.704412                   141.383426       0.694118       0.669384        0.687731        0.666222
    39    0.061237  0.993220         0.852410      11.788536                   129.603534       0.694118       0.697464        0.679731        0.684997
    40    0.056963  0.993220         0.870691      11.773556                   117.819430       0.682353       0.682971        0.666910        0.670403
    41    0.054311  0.994915         0.896968      11.707975                   106.021447       0.694118       0.690217        0.679788        0.678947
    42    0.052644  0.993220         0.904807      11.675316                    94.221456       0.694118       0.690217        0.679788        0.678947
    43    0.050719  0.994915         0.905770      11.678143                    82.427698       0.694118       0.690217        0.679788        0.678947
    44    0.049558  0.994915         0.898964      11.675098                    70.638747       0.682353       0.682971        0.666910        0.670403
    45    0.048455  0.994915         0.905041      11.694453                    58.856960       0.694118       0.690217        0.679788        0.678947
    46    0.047903  0.994915         0.905262      11.865481                    47.093814       0.694118       0.690217        0.679788        0.678947
    47    0.047446  0.994915         0.908252      11.905882                    35.328858       0.694118       0.690217        0.679788        0.678947
    48    0.047183  0.994915         0.909296      11.905452                    23.557984       0.694118       0.690217        0.679788        0.678947
    49    0.047058  0.994915         0.909385      11.912337                    11.781728       0.694118       0.690217        0.679788        0.678947
    50    0.047030  0.994915         0.909385      11.839077                     0.000000       0.694118       0.690217        0.679788        0.678947
