 epoch  train_loss  train_OA  validation_loss  epoch_seconds  estimated_remaining_seconds  validation_OA  validation_AA  validation_APr  validation_AF1
     1    1.046344  0.400000         0.993319       4.214910                   206.577623       0.623529       0.494565        0.722884        0.513645
     2    0.960418  0.540678         0.937576       4.209410                   204.570619       0.505882       0.552536        0.482456        0.497835
     3    0.951175  0.544068         1.004351       4.140313                   198.414523       0.458824       0.573370        0.469697        0.477896
     4    0.903493  0.579661         0.932676       4.147096                   193.343169       0.494118       0.595109        0.496905        0.510126
     5    0.898096  0.562712         0.929681       4.164937                   188.801933       0.423529       0.537138        0.426781        0.440400
     6    0.898793  0.569492         0.921911       4.168489                   184.412802       0.458824       0.545290        0.458128        0.476173
     7    0.870617  0.593220         0.926517       4.164042                   180.058667       0.447059       0.558877        0.453664        0.469841
     8    0.893148  0.581356         0.875914       4.172902                   175.798431       0.517647       0.587862        0.505602        0.520422
     9    0.851910  0.594915         0.910250       4.174047                   171.984299       0.447059       0.545290        0.452532        0.465276
    10    0.840757  0.603390         0.876219       4.219495                   167.891343       0.517647       0.587862        0.504856        0.522222
    11    0.842082  0.608475         0.867528       4.195398                   164.020611       0.576471       0.616848        0.570062        0.554575
    12    0.838415  0.601695         0.920330       4.200781                   160.098841       0.529412       0.602355        0.521719        0.543651
    13    0.834553  0.625424         0.851954       4.211587                   155.883038       0.588235       0.624094        0.577176        0.570912
    14    0.808588  0.622034         0.873220       4.216901                   151.919331       0.517647       0.546196        0.496803        0.503027
    15    0.811378  0.628814         0.854267       4.209968                   147.677551       0.529412       0.587862        0.512274        0.533911
    16    0.801083  0.615254         0.838412       4.195488                   143.408768       0.564706       0.596920        0.551737        0.567789
    17    0.806701  0.632203         0.840852       4.202574                   139.162594       0.564706       0.609601        0.543708        0.559747
    18    0.794539  0.650847         0.838365       4.199520                   134.915489       0.482353       0.538043        0.464131        0.483757
    19    0.764878  0.669492         0.824178       4.222427                   130.710720       0.529412       0.581522        0.517862        0.538371
    20    0.790180  0.644068         0.854340       4.196343                   126.464988       0.552941       0.581522        0.527256        0.545184
    21    0.762925  0.659322         0.845146       4.254805                   122.304643       0.505882       0.553442        0.495201        0.513768
    22    0.784578  0.638983         0.884914       4.221683                   118.093472       0.541176       0.568841        0.533333        0.547158
    23    0.775167  0.657627         0.844246       4.210557                   113.868673       0.494118       0.546196        0.488586        0.507865
    24    0.749609  0.662712         0.810630       4.222254                   109.657326       0.564706       0.575181        0.541385        0.548445
    25    0.760961  0.661017         0.808541       4.220825                   105.443602       0.552941       0.567935        0.531763        0.535126
    26    0.757665  0.654237         0.829425       4.219011                   101.227594       0.529412       0.574275        0.515777        0.536129
    27    0.753880  0.684746         0.804979       4.222024                    97.013887       0.588235       0.603261        0.577429        0.560533
    28    0.761235  0.645763         0.820085       4.212699                    92.792494       0.576471       0.588768        0.547145        0.553098
    29    0.739751  0.664407         0.827346       4.200214                    88.562396       0.564706       0.589674        0.554581        0.568831
    30    0.749410  0.650847         0.821245       4.222438                    84.349031       0.552941       0.581522        0.528669        0.542593
    31    0.742391  0.650847         0.803687       4.237383                    80.144194       0.600000       0.596920        0.578889        0.578826
    32    0.741740  0.677966         0.808076       4.214930                    75.971550       0.529412       0.560688        0.518038        0.534571
    33    0.730648  0.674576         0.806397       4.216724                    71.749221       0.541176       0.574275        0.519504        0.537693
    34    0.727239  0.652542         0.814617       4.212625                    67.525291       0.576471       0.603261        0.555592        0.569398
    35    0.734314  0.667797         0.800833       4.218174                    63.304305       0.588235       0.589674        0.565986        0.567568
    36    0.717189  0.679661         0.805263       4.220197                    59.084250       0.541176       0.574275        0.519504        0.537693
    37    0.718238  0.684746         0.809060       4.220977                    54.864442       0.529412       0.553442        0.509171        0.524366
    38    0.730692  0.693220         0.802709       4.217988                    50.643558       0.588235       0.603261        0.564128        0.570009
    39    0.724359  0.672881         0.791179       4.215050                    46.421966       0.552941       0.567935        0.531631        0.543708
    40    0.721893  0.683051         0.799668       4.212307                    42.199981       0.564706       0.575181        0.541385        0.548445
    41    0.719077  0.674576         0.802607       4.207729                    37.977446       0.552941       0.567935        0.529891        0.537533
    42    0.705738  0.676271         0.796060       4.215461                    33.757040       0.552941       0.567935        0.529877        0.540389
    43    0.721217  0.674576         0.803873       4.220002                    29.537588       0.541176       0.560688        0.519192        0.532368
    44    0.723654  0.686441         0.794120       4.214128                    25.317266       0.541176       0.560688        0.521749        0.535822
    45    0.712071  0.674576         0.797644       4.233574                    21.099360       0.552941       0.567935        0.529877        0.540389
    46    0.721659  0.681356         0.795957       4.244532                    16.881686       0.564706       0.575181        0.541385        0.548445
    47    0.716737  0.686441         0.801499       4.219274                    12.661233       0.564706       0.575181        0.541385        0.548445
    48    0.713528  0.671186         0.798332       4.218951                     8.440788       0.529412       0.553442        0.509171        0.524366
    49    0.724686  0.669492         0.798440       4.222437                     4.220449       0.552941       0.567935        0.529877        0.540389
    50    0.706332  0.700000         0.796352       4.223452                     0.000000       0.552941       0.567935        0.531631        0.543708
