 epoch  train_loss  train_OA  validation_loss  epoch_seconds  estimated_remaining_seconds  validation_OA  validation_AA  validation_APr  validation_AF1
     1    1.025482  0.433898         1.022000       4.212977                   206.476925       0.564706       0.446558        0.599571        0.457576
     2    0.979569  0.518644         0.958305       4.204041                   204.271871       0.541176       0.568841        0.523310        0.536383
     3    0.935684  0.554237         0.878145       4.199316                   200.605690       0.564706       0.605072        0.553519        0.566511
     4    0.922199  0.547458         0.870893       4.208221                   196.714825       0.564706       0.612319        0.555556        0.568661
     5    0.899977  0.572881         0.870067       4.204633                   192.636237       0.588235       0.619565        0.576441        0.591500
     6    0.880001  0.574576         0.871061       4.207748                   188.506249       0.564706       0.584239        0.549603        0.562209
     7    0.874718  0.589831         0.841810       4.203144                   183.728362       0.635294       0.647645        0.615891        0.628423
     8    0.865134  0.588136         0.879129       4.200881                   179.571265       0.611765       0.620471        0.611571        0.613661
     9    0.858460  0.618644         0.839700       4.197247                   174.942540       0.623529       0.641304        0.616049        0.625682
    10    0.838478  0.605085         0.827329       4.219004                   170.487017       0.600000       0.612319        0.581871        0.586724
    11    0.828888  0.633898         0.823260       4.202164                   166.014742       0.576471       0.597826        0.557937        0.568217
    12    0.841865  0.601695         0.815764       4.214031                   161.624522       0.600000       0.625906        0.580072        0.594488
    13    0.842222  0.625424         0.825742       4.198933                   157.218368       0.576471       0.590580        0.557787        0.567812
    14    0.816801  0.635593         0.794492       4.216557                   152.887092       0.623529       0.634058        0.607352        0.618481
    15    0.801276  0.635593         0.826751       4.217496                   148.573121       0.588235       0.597826        0.569378        0.576664
    16    0.802496  0.628814         0.792954       4.210728                   144.256788       0.611765       0.612319        0.594584        0.601001
    17    0.788130  0.630508         0.791488       4.214882                   139.960903       0.564706       0.589674        0.541938        0.555435
    18    0.800192  0.649153         0.793487       4.220006                   135.683061       0.623529       0.619565        0.605043        0.607046
    19    0.815118  0.623729         0.781920       4.217658                   131.407404       0.623529       0.619565        0.596296        0.604367
    20    0.775778  0.655932         0.782398       4.217603                   127.137404       0.623529       0.625906        0.608264        0.602339
    21    0.773279  0.664407         0.789857       4.223909                   122.881015       0.611765       0.619565        0.593506        0.601574
    22    0.764886  0.657627         0.800319       4.206144                   118.604997       0.588235       0.597826        0.569264        0.578662
    23    0.762639  0.664407         0.756478       4.213585                   114.343681       0.670588       0.662138        0.661633        0.659953
    24    0.756122  0.669492         0.770714       4.207767                   110.181055       0.588235       0.584239        0.572579        0.577346
    25    0.744485  0.686441         0.772798       4.215359                   105.921595       0.635294       0.627717        0.627717        0.627717
    26    0.758863  0.649153         0.779536       4.232115                   101.680915       0.635294       0.627717        0.627717        0.627717
    27    0.763304  0.672881         0.756942       4.231767                    97.440552       0.647059       0.613225        0.636792        0.618703
    28    0.742115  0.681356         0.767246       4.228782                    93.198409       0.623529       0.619565        0.605823        0.609524
    29    0.746765  0.661017         0.763198       4.232138                    88.959543       0.635294       0.613225        0.624605        0.617063
    30    0.736691  0.683051         0.763984       4.221109                    84.713770       0.635294       0.613225        0.624605        0.617063
    31    0.755857  0.667797         0.778064       4.209315                    80.462282       0.576471       0.590580        0.557787        0.567812
    32    0.732434  0.679661         0.765477       4.218116                    76.218387       0.600000       0.591486        0.583136        0.585779
    33    0.732933  0.694915         0.757859       4.217873                    71.975857       0.611765       0.598732        0.594420        0.594275
    34    0.727456  0.691525         0.754936       4.219994                    67.735750       0.635294       0.613225        0.624605        0.617063
    35    0.718258  0.686441         0.761053       4.220032                    63.496770       0.647059       0.647645        0.630459        0.635740
    36    0.725143  0.684746         0.760489       4.211741                    59.255596       0.623529       0.605978        0.608812        0.605514
    37    0.725446  0.689831         0.765254       4.221819                    55.019515       0.647059       0.634058        0.635223        0.632733
    38    0.724181  0.694915         0.753319       4.224024                    50.796373       0.611765       0.591486        0.595686        0.590786
    39    0.722333  0.688136         0.758610       4.211948                    46.557690       0.635294       0.626812        0.619883        0.620975
    40    0.716269  0.684746         0.751335       4.220303                    42.322278       0.623529       0.605978        0.608812        0.605514
    41    0.717785  0.686441         0.751628       4.221116                    38.087756       0.635294       0.613225        0.624605        0.617063
    42    0.710826  0.710169         0.754436       4.233474                    33.856185       0.611765       0.598732        0.597631        0.597119
    43    0.725318  0.698305         0.752646       4.229414                    29.623837       0.635294       0.613225        0.624605        0.617063
    44    0.714237  0.686441         0.748272       4.220079                    25.390321       0.635294       0.613225        0.624605        0.617063
    45    0.710008  0.696610         0.750073       4.208885                    21.156134       0.635294       0.626812        0.619883        0.620975
    46    0.709133  0.683051         0.751766       4.217888                    16.923803       0.623529       0.605978        0.613520        0.608767
    47    0.716045  0.701695         0.754795       4.230273                    12.692849       0.647059       0.647645        0.630459        0.635740
    48    0.715157  0.689831         0.754807       4.226319                     8.461735       0.635294       0.626812        0.619883        0.620975
    49    0.722394  0.694915         0.751846       4.226479                     4.230791       0.635294       0.613225        0.624605        0.617063
    50    0.710951  0.689831         0.751969       4.215479                     0.000000       0.635294       0.613225        0.624605        0.617063
