 epoch  train_loss  train_OA  validation_loss  epoch_seconds  estimated_remaining_seconds  validation_OA  validation_AA  validation_APr  validation_AF1
     1    1.057892  0.641638         1.089713       2.232765                   109.438662       0.740157       0.549904        0.491790        0.512537
     2    0.794361  0.758817         0.825128       2.091204                   105.549734       0.763780       0.575680        0.515395        0.540624
     3    0.677101  0.792947         0.715340       2.084531                   102.735422       0.779528       0.573462        0.525114        0.545595
     4    0.633898  0.794084         0.678437       2.080702                   100.213663       0.818898       0.615445        0.566667        0.584541
     5    0.580860  0.830489         0.665295       2.088079                    97.911184       0.826772       0.667836        0.704519        0.671173
     6    0.579097  0.823663         0.596895       2.091354                    95.678135       0.818898       0.636254        0.644267        0.639248
     7    0.576514  0.835040         0.648088       2.079567                    92.924190       0.834646       0.685720        0.668918        0.673817
     8    0.531424  0.847554         0.613598       2.096679                    90.825639       0.834646       0.667296        0.654140        0.660213
     9    0.521421  0.853242         0.634286       2.081940                    88.299074       0.850394       0.691818        0.684111        0.685253
    10    0.473318  0.862344         0.563197       2.088372                    86.191367       0.834646       0.658982        0.669946        0.662849
    11    0.485449  0.853242         0.581638       2.085857                    83.794412       0.850394       0.675188        0.691436        0.679780
    12    0.464047  0.857793         0.549766       2.089316                    81.460239       0.834646       0.647078        0.653789        0.650297
    13    0.476734  0.856655         0.604108       2.083875                    79.148134       0.826772       0.674357        0.661929        0.664683
    14    0.439824  0.874858         0.570003       2.091280                    76.887514       0.818898       0.671308        0.691184        0.668392
    15    0.431439  0.870307         0.561746       2.086263                    74.637822       0.850394       0.695406        0.850610        0.713484
    16    0.406719  0.880546         0.570205       2.089811                    72.576424       0.842520       0.680454        0.678973        0.677601
    17    0.436358  0.874858         0.565847       2.088948                    70.354431       0.826772       0.676151        0.705237        0.678391
    18    0.404674  0.878271         0.533250       2.091959                    68.152530       0.826772       0.645824        0.669330        0.655961
    19    0.409748  0.883959         0.536381       2.094982                    65.967035       0.826772       0.645824        0.676937        0.659587
    20    0.385445  0.897611         0.541130       2.087009                    63.778596       0.818898       0.652884        0.669284        0.659367
    21    0.389881  0.895336         0.534817       2.099042                    61.616362       0.826772       0.654138        0.674582        0.662638
    22    0.406274  0.894198         0.520894       2.095006                    59.454672       0.842520       0.662030        0.691731        0.674208
    23    0.403523  0.874858         0.527992       2.087224                    57.289593       0.826772       0.635714        0.654085        0.644292
    24    0.380125  0.883959         0.534560       2.083925                    55.127389       0.811024       0.629617        0.636402        0.632873
    25    0.372727  0.889647         0.548866       2.079135                    52.966603       0.811024       0.648041        0.650000        0.647051
    26    0.358264  0.902162         0.550342       2.104350                    50.835306       0.803150       0.646786        0.642838        0.642469
    27    0.390349  0.894198         0.515694       2.090985                    48.694595       0.818898       0.632666        0.652836        0.642025
    28    0.358676  0.895336         0.535647       2.089830                    46.556463       0.826772       0.645824        0.657425        0.651186
    29    0.353445  0.901024         0.524092       2.101017                    44.429729       0.826772       0.645824        0.676937        0.659587
    30    0.345553  0.901024         0.535011       2.094515                    42.300321       0.818898       0.640981        0.642578        0.641563
    31    0.349790  0.905575         0.543223       2.087607                    40.168901       0.826772       0.664248        0.670055        0.665440
    32    0.364605  0.894198         0.513002       2.086269                    38.039425       0.834646       0.657187        0.682810        0.668340
    33    0.346899  0.895336         0.510847       2.108820                    35.924160       0.826772       0.635714        0.662107        0.647817
    34    0.357315  0.899886         0.521084       2.095691                    33.803054       0.834646       0.648872        0.678573        0.661755
    35    0.345785  0.899886         0.550633       2.089977                    31.680944       0.818898       0.651090        0.657555        0.652620
    36    0.353702  0.910125         0.549130       2.094849                    29.562436       0.803150       0.636677        0.643599        0.638441
    37    0.355712  0.898749         0.553750       2.096919                    27.445896       0.795276       0.652052        0.637027        0.640548
    38    0.349255  0.893060         0.541415       2.088029                    25.327551       0.818898       0.651090        0.659519        0.653479
    39    0.350698  0.894198         0.509567       2.096047                    23.212989       0.826772       0.645824        0.676937        0.659587
    40    0.356996  0.893060         0.521171       2.095543                    21.099197       0.834646       0.648872        0.678573        0.661755
    41    0.338936  0.903299         0.524886       2.089437                    18.984916       0.826772       0.644029        0.650777        0.647267
    42    0.320393  0.910125         0.543999       2.098321                    16.873487       0.826772       0.664248        0.669032        0.664673
    43    0.361081  0.897611         0.592963       2.097350                    14.762476       0.803150       0.673525        0.626697        0.645800
    44    0.341308  0.903299         0.517016       2.096040                    12.651882       0.826772       0.644029        0.658709        0.650777
    45    0.338220  0.913538         0.530070       2.090327                    10.541265       0.826772       0.654138        0.667067        0.659027
    46    0.355440  0.899886         0.511573       2.099210                     8.432280       0.818898       0.632666        0.652836        0.642025
    47    0.350669  0.906712         0.528250       2.099201                     6.323685       0.818898       0.640981        0.642578        0.641563
    48    0.322077  0.908987         0.553394       2.090509                     4.215094       0.826772       0.674357        0.653984        0.663043
    49    0.324484  0.904437         0.516556       2.093434                     2.107272       0.834646       0.647078        0.659722        0.653138
    50    0.322418  0.904437         0.539973       2.099130                     0.000000       0.803150       0.634883        0.625219        0.629688
