 epoch  train_loss  train_OA  validation_loss  epoch_seconds  estimated_remaining_seconds  validation_OA  validation_AA  validation_APr  validation_AF1
     1    1.244969  0.617230         1.282835       5.296991                   259.592269       0.712121       0.510653        0.519773        0.484738
     2    0.913626  0.744820         0.862345       5.314787                   256.396724       0.750000       0.560153        0.492982        0.515289
     3    0.805954  0.778626         0.802202       5.320786                   251.829648       0.757576       0.526893        0.503509        0.502160
     4    0.707359  0.806979         0.783971       5.321773                   246.061489       0.757576       0.557809        0.541139        0.537253
     5    0.679310  0.809160         0.793219       5.339338                   241.260057       0.750000       0.534113        0.492570        0.502984
     6    0.634667  0.820065         0.770404       5.337714                   235.730456       0.780303       0.565404        0.537084        0.548424
     7    0.580998  0.854962         0.773089       5.344814                   230.733264       0.780303       0.539364        0.662824        0.532921
     8    0.565229  0.854962         0.725801       5.361097                   225.345521       0.795455       0.544427        0.574417        0.537365
     9    0.553738  0.847328         0.708686       5.359644                   219.957544       0.803030       0.583800        0.584772        0.576563
    10    0.530234  0.862595         0.775671       5.358644                   214.863931       0.787879       0.541895        0.659386        0.532558
    11    0.522135  0.868048         0.744120       5.362241                   209.461664       0.787879       0.541895        0.561800        0.528140
    12    0.487542  0.873501         0.744242       5.361548                   204.063449       0.787879       0.547821        0.567556        0.534834
    13    0.474673  0.873501         0.722792       5.377522                   198.716427       0.787879       0.547821        0.567556        0.534834
    14    0.464892  0.871320         0.702253       5.360669                   193.321437       0.795455       0.555229        0.569516        0.538987
    15    0.455442  0.876772         0.711210       5.366201                   187.943925       0.780303       0.534488        0.558669        0.524110
    16    0.461172  0.875682         0.648005       5.370006                   182.575841       0.810606       0.549490        0.588115        0.546941
    17    0.443280  0.885496         0.699754       5.413566                   177.292088       0.795455       0.555229        0.569516        0.538987
    18    0.420199  0.890949         0.685492       5.475211                   172.103433       0.795455       0.555229        0.569516        0.538987
    19    0.414968  0.892039         0.674344       5.359661                   166.696044       0.803030       0.546959        0.547781        0.537998
    20    0.416232  0.883315         0.684323       5.357689                   161.290330       0.803030       0.557760        0.578947        0.545748
    21    0.405713  0.890949         0.673389       5.360276                   155.892680       0.795455       0.555229        0.540283        0.537056
    22    0.392609  0.902944         0.667468       5.350089                   150.485451       0.795455       0.550353        0.545496        0.538512
    23    0.394907  0.895311         0.627732       5.341113                   145.072559       0.818182       0.557948        0.570891        0.556404
    24    0.387879  0.892039         0.624498       5.403290                   139.732923       0.810606       0.555416        0.589715        0.551457
    25    0.360150  0.904035         0.662551       5.346299                   134.331145       0.795455       0.550353        0.574663        0.540470
    26    0.382482  0.886587         0.660269       5.337463                   128.925545       0.803030       0.557760        0.578947        0.545748
    27    0.365336  0.899673         0.645050       5.338335                   123.525557       0.803030       0.557760        0.578947        0.545748
    28    0.386931  0.898582         0.659391       5.367808                   118.153253       0.803030       0.557760        0.578947        0.545748
    29    0.365148  0.895311         0.641822       5.336228                   112.758291       0.803030       0.557760        0.675082        0.548871
    30    0.366202  0.899673         0.635138       5.342173                   107.371266       0.803030       0.552885        0.579129        0.544393
    31    0.356904  0.905125         0.657097       5.316040                   101.970907       0.803030       0.557760        0.675082        0.548871
    32    0.353407  0.910578         0.633567       5.324276                    96.580405       0.795455       0.550353        0.545496        0.538512
    33    0.346215  0.910578         0.648480       5.316149                    91.189672       0.803030       0.557760        0.549714        0.543817
    34    0.369575  0.902944         0.637752       5.316402                    85.803433       0.810606       0.560292        0.589515        0.552832
    35    0.342945  0.909487         0.649499       5.320173                    80.422796       0.803030       0.557760        0.549714        0.543817
    36    0.332593  0.910578         0.634791       5.305821                    75.039870       0.803030       0.557760        0.549714        0.543817
    37    0.344573  0.908397         0.647503       5.312726                    69.663488       0.803030       0.557760        0.549714        0.543817
    38    0.335917  0.912759         0.647317       5.323478                    64.293824       0.803030       0.557760        0.578947        0.545748
    39    0.342380  0.910578         0.632199       5.333711                    58.929388       0.810606       0.560292        0.589515        0.552832
    40    0.324506  0.914940         0.631513       5.381684                    53.578437       0.803030       0.557760        0.549714        0.543817
    41    0.354282  0.905125         0.634251       5.332114                    48.215081       0.803030       0.557760        0.549714        0.543817
    42    0.328090  0.911668         0.646721       5.339738                    42.854639       0.803030       0.557760        0.549714        0.543817
    43    0.343710  0.912759         0.638191       5.351609                    37.497061       0.803030       0.557760        0.549714        0.543817
    44    0.344583  0.912759         0.637865       5.338916                    32.138024       0.795455       0.550353        0.545496        0.538512
    45    0.316313  0.919302         0.632188       5.350130                    26.781070       0.803030       0.557760        0.549714        0.543817
    46    0.336004  0.907306         0.631196       5.411328                    21.429705       0.803030       0.557760        0.578947        0.545748
    47    0.350369  0.906216         0.646147       5.359113                    16.072430       0.803030       0.557760        0.549714        0.543817
    48    0.315191  0.921483         0.619099       5.384241                    10.716095       0.810606       0.555416        0.589715        0.551457
    49    0.336042  0.916031         0.648119       5.377619                     5.358462       0.803030       0.557760        0.578947        0.545748
    50    0.327749  0.913850         0.636675       5.363922                     0.000000       0.803030       0.557760        0.578947        0.545748
