 epoch  train_loss  train_OA  validation_loss  epoch_seconds  estimated_remaining_seconds  validation_OA  validation_AA  validation_APr  validation_AF1
     1    1.386079  0.546358         1.108016       2.326836                   114.049013       0.679389       0.342961        0.302562        0.316521
     2    1.134233  0.678808         0.990888       2.176724                   110.402255       0.717557       0.414931        0.405747        0.395919
     3    1.011956  0.700883         0.901889       2.159179                   107.420549       0.740458       0.462695        0.394578        0.420555
     4    0.962799  0.715232         0.925117       2.143212                   104.606981       0.763359       0.492162        0.511905        0.478230
     5    0.914982  0.741722         0.889239       2.134564                   101.914273       0.717557       0.380840        0.321759        0.343825
     6    0.908248  0.740618         0.899337       2.133867                    98.693975       0.778626       0.490683        0.523897        0.486265
     7    0.841601  0.759382         0.794252       2.135340                    96.382009       0.778626       0.505752        0.568750        0.522592
     8    0.824366  0.761589         0.788074       2.136112                    94.094459       0.801527       0.490042        0.527540        0.491871
     9    0.785187  0.766004         0.817822       2.136022                    91.381574       0.778626       0.554158        0.685179        0.589812
    10    0.754566  0.791391         0.804897       2.137707                    89.162237       0.793893       0.555831        0.584769        0.542152
    11    0.752250  0.789183         0.781923       2.141437                    86.624684       0.793893       0.563767        0.693956        0.598974
    12    0.718999  0.792494         0.761155       2.142613                    84.462441       0.824427       0.490596        0.546837        0.503118
    13    0.707018  0.800221         0.776263       2.134826                    81.991281       0.786260       0.528037        0.579935        0.515614
    14    0.699487  0.803532         0.736679       2.151083                    79.609911       0.824427       0.565157        0.636898        0.587011
    15    0.683194  0.805740         0.785061       2.155379                    77.269233       0.809160       0.580114        0.696892        0.606557
    16    0.660215  0.806843         0.725693       2.163006                    75.175678       0.824427       0.559614        0.603650        0.560395
    17    0.671430  0.807947         0.718694       2.172260                    72.890543       0.847328       0.583538        0.726738        0.626654
    18    0.682139  0.793598         0.694220       2.159725                    70.780097       0.847328       0.576798        0.734354        0.627663
    19    0.638790  0.814570         0.747807       2.164948                    68.651784       0.816794       0.569864        0.716917        0.615236
    20    0.630832  0.815673         0.710028       2.167225                    66.367098       0.832061       0.579473        0.712742        0.617180
    21    0.648548  0.807947         0.743312       2.167057                    64.093308       0.816794       0.569864        0.703547        0.607618
    22    0.668202  0.793598         0.699123       2.170299                    61.833259       0.839695       0.533099        0.607107        0.556129
    23    0.659134  0.805740         0.716432       2.167507                    59.577689       0.816794       0.548450        0.594419        0.536100
    24    0.639542  0.806843         0.715540       2.164896                    57.326614       0.824427       0.604791        0.771815        0.659235
    25    0.590815  0.828918         0.750202       2.170904                    55.186133       0.816794       0.642393        0.777269        0.678696
    26    0.636518  0.803532         0.697436       2.162814                    53.031454       0.809160       0.553157        0.596130        0.538663
    27    0.568812  0.831126         0.693905       2.168988                    50.787672       0.824427       0.565157        0.633402        0.585232
    28    0.637481  0.812362         0.736178       2.180433                    48.558217       0.839695       0.588244        0.716930        0.623148
    29    0.571167  0.833333         0.714025       2.162645                    46.319219       0.832061       0.612367        0.721913        0.645813
    30    0.566800  0.836645         0.696119       2.155416                    44.080446       0.847328       0.583538        0.732149        0.629703
    31    0.590859  0.826711         0.698997       2.168201                    41.854834       0.832061       0.572733        0.637333        0.590826
    32    0.566778  0.834437         0.691929       2.163969                    39.630417       0.839695       0.614400        0.705851        0.636183
    33    0.574008  0.828918         0.679277       2.158129                    37.406621       0.839695       0.574766        0.646435        0.596583
    34    0.562399  0.832230         0.681815       2.167427                    35.191011       0.832061       0.612367        0.721913        0.645813
    35    0.558152  0.828918         0.688992       2.168726                    32.978671       0.839695       0.574766        0.642633        0.594647
    36    0.565668  0.837748         0.666491       2.169315                    30.768955       0.832061       0.561647        0.645973        0.588995
    37    0.574692  0.820088         0.682080       2.173097                    28.562705       0.824427       0.565157        0.633402        0.585232
    38    0.550088  0.837748         0.681628       2.167943                    26.356556       0.816794       0.568668        0.627904        0.583487
    39    0.565190  0.837748         0.727753       2.148428                    24.146825       0.824427       0.577440        0.633088        0.590172
    40    0.547052  0.842163         0.698583       2.166871                    21.944740       0.824427       0.570701        0.632439        0.587109
    41    0.549551  0.841060         0.677155       2.169452                    19.744906       0.839695       0.569222        0.644814        0.592895
    42    0.595632  0.834437         0.665355       2.170906                    17.546799       0.832061       0.561647        0.645973        0.588995
    43    0.536960  0.850993         0.693359       2.216751                    15.357360       0.839695       0.574766        0.642633        0.594647
    44    0.560707  0.838852         0.684665       2.188013                    13.162731       0.832061       0.572733        0.637333        0.590826
    45    0.599031  0.815673         0.673753       2.178317                    10.967294       0.847328       0.576798        0.648396        0.598579
    46    0.534444  0.844371         0.689735       2.185328                     8.773183       0.824427       0.570701        0.632439        0.587109
    47    0.578944  0.831126         0.692844       2.181771                     6.579192       0.824427       0.570701        0.632439        0.587109
    48    0.520496  0.846578         0.692052       2.182860                     4.385729       0.832061       0.572733        0.637333        0.590826
    49    0.553986  0.843267         0.709114       2.182492                     2.192666       0.816794       0.568668        0.627904        0.583487
    50    0.544415  0.838852         0.699492       2.188206                     0.000000       0.839695       0.574766        0.642633        0.594647
