 epoch  train_loss  train_OA  validation_loss  epoch_seconds  estimated_remaining_seconds  validation_OA  validation_AA  validation_APr  validation_AF1
     1    1.903049  0.141280         1.716499       9.894660                   484.875836       0.167939       0.172764        0.191406        0.054849
     2    1.398415  0.623620         1.125524       9.781741                   474.083509       0.625954       0.166667        0.104326        0.128326
     3    0.945721  0.645695         0.854643       9.752465                   463.410844       0.656489       0.201754        0.186096        0.181606
     4    0.768542  0.720751         0.728206       9.760371                   453.271869       0.740458       0.303789        0.398192        0.274389
     5    0.683303  0.754967         0.693414       9.600425                   441.801229       0.770992       0.347571        0.400107        0.326898
     6    0.633188  0.781457         0.653475       9.577481                   430.771624       0.778626       0.371776        0.363442        0.353578
     7    0.596166  0.795806         0.626770       9.541055                   419.911588       0.778626       0.377319        0.358794        0.357707
     8    0.556809  0.809051         0.594599       9.570116                   409.513311       0.793893       0.386928        0.372593        0.368927
     9    0.514706  0.827815         0.580456       9.519523                   399.048163       0.793893       0.392471        0.361398        0.371998
    10    0.468056  0.846578         0.553076       9.611567                   389.126608       0.809160       0.396536        0.375772        0.379432
    11    0.418799  0.864238         0.557894       9.836464                   380.055225       0.824427       0.400601        0.401333        0.387954
    12    0.380176  0.873068         0.516877       9.801042                   370.730775       0.816794       0.409655        0.383976        0.389410
    13    0.343919  0.891832         0.521722       9.763695                   361.208439       0.801527       0.405590        0.369103        0.381372
    14    0.305586  0.899558         0.581423       9.878025                   351.745289       0.847328       0.412242        0.425161        0.406883
    15    0.277026  0.909492         0.613121       9.660428                   341.886618       0.816794       0.404112        0.384979        0.389996
    16    0.251936  0.913907         0.520898       9.834205                   332.260522       0.854962       0.441991        0.402475        0.419770
    17    0.225766  0.920530         0.557667       9.857549                   322.802837       0.832061       0.408177        0.398161        0.398034
    18    0.209179  0.926049         0.620760       9.857993                   313.157567       0.854962       0.414274        0.430112        0.410895
    19    0.190302  0.930464         0.593634       9.874071                   303.515962       0.847328       0.434415        0.397824        0.414263
    20    0.173131  0.932671         0.776280       9.870024                   293.844977       0.832061       0.387959        0.408234        0.390595
    21    0.156834  0.937086         0.659490       9.838906                   284.112112       0.839695       0.414556        0.395461        0.402931
    22    0.141122  0.943709         0.668237       9.598376                   274.063328       0.854962       0.419818        0.420350        0.413081
    23    0.127662  0.948124         0.647695       9.784899                   264.272501       0.847328       0.416589        0.411149        0.410228
    24    0.116200  0.954746         0.823171       9.759701                   254.454917       0.839695       0.403470        0.405548        0.398387
    25    0.105940  0.964680         0.756264       9.634792                   244.516999       0.832061       0.400241        0.395819        0.394866
    26    0.097099  0.963576         0.944584       9.749451                   234.708161       0.832061       0.394698        0.401698        0.392477
    27    0.087826  0.971302         0.861774       9.848564                   224.988019       0.832061       0.394698        0.401698        0.392477
    28    0.078155  0.975717         0.950256       9.860922                   215.268483       0.832061       0.394698        0.401698        0.392477
    29    0.071176  0.975717         0.911163       9.750309                   205.458998       0.824427       0.385926        0.399173        0.387193
    30    0.064132  0.982340         1.001698       9.814468                   195.696182       0.839695       0.436365        0.573776        0.462193
    31    0.057908  0.977925         0.968039       9.830148                   185.986414       0.832061       0.427593        0.488061        0.445740
    32    0.052655  0.983444         1.031951       9.754309                   176.178660       0.824427       0.418821        0.483918        0.439250
    33    0.046400  0.983444         1.054830       9.705207                   166.348807       0.824427       0.418821        0.483918        0.439250
    34    0.041031  0.986755         1.095858       9.811822                   156.576436       0.824427       0.418821        0.483918        0.439250
    35    0.037673  0.985651         1.046886       9.658801                   146.736189       0.824427       0.418821        0.483918        0.439250
    36    0.033368  0.988962         1.062429       9.809010                   136.964381       0.824427       0.418821        0.483918        0.439250
    37    0.029619  0.990066         1.109569      10.053332                   127.276448       0.824427       0.418821        0.483918        0.439250
    38    0.027489  0.992274         1.068982       9.949045                   117.536236       0.824427       0.418821        0.483918        0.439250
    39    0.024713  0.992274         1.112942       9.709543                   107.717715       0.824427       0.418821        0.483918        0.439250
    40    0.022757  0.994481         1.120569       9.718208                    97.906801       0.824427       0.418821        0.483918        0.439250
    41    0.021238  0.995585         1.139472       9.728301                    88.102592       0.816794       0.411245        0.480851        0.432387
    42    0.020020  0.996689         1.116667       9.755983                    78.307225       0.824427       0.418821        0.483918        0.439250
    43    0.019117  0.996689         1.121216       9.835852                    68.526668       0.824427       0.418821        0.483918        0.439250
    44    0.018420  0.996689         1.134810       9.939276                    58.757658       0.816794       0.411245        0.480851        0.432387
    45    0.017880  0.996689         1.133802      10.012958                    48.989264       0.824427       0.418821        0.483918        0.439250
    46    0.017546  0.996689         1.133772       9.942458                    39.204053       0.824427       0.418821        0.483918        0.439250
    47    0.017316  0.996689         1.132828       9.931368                    29.411410       0.824427       0.418821        0.483918        0.439250
    48    0.017193  0.996689         1.133266       9.981404                    19.615038       0.824427       0.418821        0.483918        0.439250
    49    0.017129  0.996689         1.133367      10.011580                     9.811700       0.824427       0.418821        0.483918        0.439250
    50    0.017120  0.996689         1.133367      10.020924                     0.000000       0.824427       0.418821        0.483918        0.439250
