 epoch  train_loss  train_OA  validation_loss  epoch_seconds  estimated_remaining_seconds  validation_OA  validation_AA  validation_APr  validation_AF1
     1    1.746818  0.064340         1.596067      14.244157                   698.000978       0.204545       0.242593        0.056749        0.091529
     2    1.332493  0.573610         1.104940      14.269461                   686.133027       0.598485       0.200000        0.120611        0.150476
     3    0.984104  0.605234         0.862779      14.323615                   673.456153       0.666667       0.271542        0.275061        0.255937
     4    0.790252  0.735005         0.668552      14.304185                   659.733632       0.803030       0.465860        0.501694        0.459432
     5    0.624274  0.836423         0.553681      14.389833                   646.499293       0.833333       0.519194        0.509892        0.505793
     6    0.531051  0.850600         0.497650      14.309932                   632.279295       0.833333       0.519194        0.509892        0.505793
     7    0.474376  0.858233         0.467655      14.330015                   617.667899       0.840909       0.532527        0.512067        0.515475
     8    0.446106  0.861505         0.451583      14.350881                   603.618879       0.840909       0.532527        0.512067        0.515475
     9    0.408262  0.872410         0.452028      14.403850                   589.396191       0.840909       0.532527        0.512067        0.515475
    10    0.380658  0.882225         0.463477      14.508873                   575.556680       0.840909       0.532527        0.515623        0.517879
    11    0.363330  0.887677         0.479958      14.315679                   561.174071       0.833333       0.529995        0.511826        0.514124
    12    0.337941  0.895311         0.474339      14.166810                   546.083511       0.856061       0.589670        0.654938        0.601508
    13    0.313091  0.900763         0.445538      14.286398                   531.686958       0.856061       0.642800        0.618143        0.626046
    14    0.308994  0.904035         0.441822      14.244157                   517.192921       0.856061       0.642800        0.616158        0.623699
    15    0.274176  0.913850         0.470269      14.210131                   502.463447       0.848485       0.629466        0.615833        0.616947
    16    0.253156  0.923664         0.484968      14.282862                   487.953525       0.848485       0.629466        0.615833        0.616947
    17    0.226693  0.932388         0.487536      14.308069                   473.518906       0.848485       0.629466        0.615833        0.616947
    18    0.208364  0.938931         0.513959      14.304487                   459.091885       0.848485       0.629466        0.613848        0.614600
    19    0.188623  0.948746         0.534771      14.174198                   444.465139       0.848485       0.629466        0.613848        0.614600
    20    0.163954  0.954198         0.569966      14.286958                   430.052684       0.840909       0.637736        0.610476        0.618058
    21    0.140409  0.961832         0.550037      14.300968                   415.671473       0.863636       0.634530        0.639344        0.633915
    22    0.124775  0.964013         0.592152      14.169207                   401.225245       0.856061       0.653601        0.621628        0.632705
    23    0.104632  0.971647         0.603390      14.122756                   386.653988       0.856061       0.658477        0.623509        0.639271
    24    0.092370  0.978190         0.597306      14.106900                   372.184067       0.871212       0.663540        0.636068        0.647512
    25    0.076080  0.979280         0.611291      14.168131                   357.796888       0.863636       0.661009        0.644615        0.651631
    26    0.060952  0.982552         0.643786      14.095740                   343.353771       0.848485       0.608302        0.630247        0.615297
    27    0.051109  0.982552         0.651315      14.142114                   328.908024       0.863636       0.661009        0.644615        0.651631
    28    0.040304  0.988004         0.672164      14.096036                   314.447731       0.856061       0.658477        0.631082        0.643806
    29    0.032266  0.988004         0.733209      14.091608                   300.009288       0.856061       0.658477        0.639254        0.647339
    30    0.025717  0.995638         0.772659      14.087856                   285.591516       0.856061       0.658477        0.639254        0.647339
    31    0.020231  0.997819         0.773138      14.132733                   271.222346       0.848485       0.655945        0.625716        0.639496
    32    0.015480  0.998909         0.832990      14.193446                   256.902118       0.856061       0.658477        0.639254        0.647339
    33    0.012228  1.000000         0.850157      14.192875                   242.589214       0.856061       0.658477        0.639254        0.647339
    34    0.009580  0.998909         0.869725      14.278895                   228.323842       0.856061       0.658477        0.639254        0.647339
    35    0.007544  0.998909         0.899778      14.333314                   214.080934       0.856061       0.658477        0.639254        0.647339
    36    0.006216  1.000000         0.915703      14.531118                   199.909892       0.856061       0.658477        0.639254        0.647339
    37    0.004906  1.000000         0.938217      14.463723                   185.695673       0.856061       0.658477        0.639254        0.647339
    38    0.004261  1.000000         0.918669      14.526635                   171.493939       0.856061       0.658477        0.639254        0.647339
    39    0.003704  1.000000         0.961976      14.516816                   157.266605       0.856061       0.658477        0.639254        0.647339
    40    0.003262  1.000000         0.969525      14.534408                   143.029191       0.856061       0.658477        0.639254        0.647339
    41    0.002801  1.000000         0.973377      14.495891                   128.768792       0.856061       0.658477        0.639254        0.647339
    42    0.002605  1.000000         0.982166      14.457276                   114.489781       0.856061       0.658477        0.639254        0.647339
    43    0.002382  1.000000         0.987842      14.446578                   100.200711       0.856061       0.658477        0.639254        0.647339
    44    0.002217  1.000000         0.997091      14.419700                    85.900791       0.856061       0.658477        0.639254        0.647339
    45    0.002139  1.000000         0.997061      14.425897                    71.596197       0.856061       0.658477        0.639254        0.647339
    46    0.002054  1.000000         0.998616      14.516909                    57.294219       0.856061       0.658477        0.639254        0.647339
    47    0.002008  1.000000         1.000732      14.509057                    42.982553       0.856061       0.658477        0.639254        0.647339
    48    0.001981  1.000000         1.000787      14.443253                    28.659887       0.856061       0.658477        0.639254        0.647339
    49    0.001965  1.000000         1.001026      14.343359                    14.330232       0.856061       0.658477        0.639254        0.647339
    50    0.001963  1.000000         1.001026      14.330796                     0.000000       0.856061       0.658477        0.639254        0.647339
