 epoch  train_loss  train_OA  validation_loss  epoch_seconds  estimated_remaining_seconds  validation_OA  validation_AA  validation_APr  validation_AF1
     1    1.821383  0.169978         1.666732      10.081936                   494.052189       0.175573       0.175439        0.194872        0.064912
     2    1.389157  0.463576         1.162322       9.989408                   483.539005       0.625954       0.166667        0.104326        0.128326
     3    0.971982  0.631347         0.890675       9.924810                   472.331520       0.648855       0.192982        0.273438        0.175613
     4    0.789263  0.708609         0.754299      10.033540                   462.983427       0.740458       0.316071        0.397062        0.288639
     5    0.680908  0.768212         0.700448      10.022582                   453.224389       0.770992       0.357461        0.370985        0.346861
     6    0.623011  0.786976         0.656466       9.991886                   443.125487       0.786260       0.368265        0.387636        0.354316
     7    0.574633  0.804636         0.630203       9.821322                   431.990442       0.793893       0.392471        0.364186        0.371941
     8    0.535197  0.822296         0.610030       9.882618                   421.480387       0.816794       0.398568        0.384339        0.383343
     9    0.480626  0.847682         0.593697       9.851213                   410.963102       0.816794       0.398568        0.377666        0.381393
    10    0.439402  0.854305         0.561544       9.849621                   400.247043       0.809160       0.413166        0.364199        0.382492
    11    0.390291  0.871965         0.567243       9.889960                   389.831358       0.816794       0.426285        0.369896        0.393327
    12    0.352547  0.884106         0.609512       9.961291                   379.969516       0.793893       0.425730        0.359247        0.384783
    13    0.318785  0.894040         0.552143       9.881405                   369.637278       0.839695       0.426839        0.384679        0.401102
    14    0.285549  0.901766         0.585314       9.874574                   359.544281       0.793893       0.420187        0.355220        0.379704
    15    0.255414  0.909492         0.623997       9.980189                   349.542016       0.801527       0.422220        0.358802        0.383098
    16    0.230327  0.921634         0.599721       9.843167                   339.251174       0.832061       0.430350        0.381351        0.402489
    17    0.211297  0.922737         0.617017       9.922482                   329.311846       0.847328       0.427675        0.392840        0.408508
    18    0.190631  0.930464         0.654149       9.594980                   318.789058       0.816794       0.419545        0.372349        0.393416
    19    0.173713  0.933775         0.667631       9.786225                   308.541034       0.832061       0.419263        0.377881        0.392158
    20    0.156759  0.938190         0.680879       9.660119                   298.149962       0.847328       0.466113        0.555717        0.472222
    21    0.141848  0.944812         0.661373       9.899806                   288.263772       0.847328       0.467309        0.553026        0.470309
    22    0.127463  0.948124         0.744867       9.850529                   278.210523       0.778626       0.437930        0.429099        0.420406
    23    0.113849  0.962472         0.705898       9.647225                   267.936078       0.824427       0.443386        0.453474        0.439332
    24    0.098359  0.964680         0.724365       9.759653                   257.835788       0.816794       0.480988        0.446131        0.460953
    25    0.086105  0.970199         0.735780       9.840476                   247.843441       0.816794       0.452440        0.438643        0.443347
    26    0.077161  0.971302         0.790812       9.949262                   237.963234       0.816794       0.485335        0.449231        0.465475
    27    0.064723  0.980132         0.795629       9.955327                   228.082955       0.824427       0.495303        0.469332        0.479924
    28    0.057072  0.982340         0.848793       9.829320                   218.157933       0.824427       0.494107        0.454195        0.471415
    29    0.048032  0.982340         0.839943       9.988232                   208.294309       0.816794       0.485335        0.446234        0.463599
    30    0.040334  0.984547         0.922534       9.835501                   198.320536       0.824427       0.494107        0.453591        0.471446
    31    0.034635  0.987859         0.923804       9.882427                   188.384414       0.824427       0.494107        0.453591        0.471446
    32    0.029638  0.990066         0.946788      10.034605                   178.537120       0.809160       0.483302        0.441789        0.459959
    33    0.024612  0.990066         0.933451       9.851954                   168.584361       0.824427       0.487367        0.451368        0.467558
    34    0.020731  0.994481         1.012210       9.894496                   158.657508       0.816794       0.492074        0.448783        0.467698
    35    0.017707  0.998896         1.044983       9.906137                   148.737469       0.816794       0.492074        0.448783        0.467698
    36    0.015113  1.000000         1.039298       9.993066                   138.851971       0.832061       0.496139        0.458615        0.475464
    37    0.013092  1.000000         1.092322      10.028627                   128.973084       0.824427       0.494107        0.453591        0.471446
    38    0.011479  1.000000         1.066213       9.999989                   119.077259       0.832061       0.496139        0.458615        0.475464
    39    0.010096  1.000000         1.115499      10.016699                   109.180746       0.824427       0.494107        0.453591        0.471446
    40    0.009047  1.000000         1.109004       9.821185                    99.229340       0.832061       0.496139        0.458615        0.475464
    41    0.008139  1.000000         1.133908       9.778140                    89.274794       0.832061       0.496139        0.458615        0.475464
    42    0.007544  1.000000         1.134546       9.897825                    79.351407       0.832061       0.496139        0.458615        0.475464
    43    0.006979  1.000000         1.148485       9.956723                    69.438765       0.832061       0.496139        0.458615        0.475464
    44    0.006584  1.000000         1.154969       9.771516                    59.498937       0.832061       0.496139        0.458615        0.475464
    45    0.006309  1.000000         1.157581       9.789591                    49.568427       0.832061       0.496139        0.458615        0.475464
    46    0.006108  1.000000         1.157490       9.640697                    39.631068       0.832061       0.496139        0.458615        0.475464
    47    0.005999  1.000000         1.158956       9.617614                    29.704828       0.832061       0.496139        0.458615        0.475464
    48    0.005932  1.000000         1.159487       9.655128                    19.792978       0.832061       0.496139        0.458615        0.475464
    49    0.005902  1.000000         1.159676       9.652068                     9.891515       0.832061       0.496139        0.458615        0.475464
    50    0.005898  1.000000         1.159676       9.805692                     0.000000       0.832061       0.496139        0.458615        0.475464
