 epoch  train_loss  train_OA  validation_loss  epoch_seconds  estimated_remaining_seconds  validation_OA  validation_AA  validation_APr  validation_AF1
     1    1.001885  0.544068         0.996278      11.599253                   568.402918       0.541176       0.333333        0.180392        0.234097
     2    0.987257  0.544068         0.982608      11.642705                   560.093538       0.541176       0.333333        0.180392        0.234097
     3    0.958754  0.544068         0.930566      11.630211                   547.834482       0.541176       0.333333        0.180392        0.234097
     4    0.918030  0.535593         0.875988      11.745766                   537.218380       0.541176       0.340580        0.347390        0.259225
     5    0.863819  0.581356         0.819980      11.837270                   527.756670       0.600000       0.492754        0.639683        0.477390
     6    0.835877  0.606780         0.811982      11.757592                   516.923898       0.588235       0.471014        0.414003        0.425770
     7    0.812047  0.623729         0.789458      11.801628                   505.508031       0.623529       0.514493        0.692424        0.512984
     8    0.796221  0.616949         0.777628      11.847058                   494.735941       0.600000       0.500000        0.618301        0.495823
     9    0.783785  0.632203         0.771805      11.795328                   483.032271       0.611765       0.520833        0.663291        0.510062
    10    0.764441  0.627119         0.784154      11.793222                   471.301675       0.541176       0.480072        0.604028        0.508968
    11    0.742946  0.652542         0.770067      11.755043                   459.424305       0.611765       0.548007        0.654762        0.522176
    12    0.730693  0.661017         0.746014      11.733897                   447.809127       0.600000       0.578804        0.634907        0.598253
    13    0.720036  0.666102         0.725325      11.749671                   436.195340       0.670588       0.586051        0.719602        0.612121
    14    0.705532  0.672881         0.733996      11.839513                   424.788651       0.670588       0.572464        0.741751        0.604747
    15    0.676864  0.679661         0.719096      11.905234                   413.236980       0.694118       0.600543        0.781566        0.628712
    16    0.653828  0.688136         0.714235      11.671020                   401.347178       0.670588       0.599638        0.704797        0.618213
    17    0.643168  0.701695         0.765025      11.874268                   389.680104       0.670588       0.611413        0.778335        0.575307
    18    0.630062  0.703390         0.717185      11.691823                   377.665431       0.705882       0.662138        0.740150        0.662428
    19    0.585518  0.732203         0.722999      11.712859                   365.878251       0.694118       0.627717        0.756541        0.640183
    20    0.565760  0.762712         0.743563      11.622237                   353.806426       0.694118       0.634058        0.756144        0.636420
    21    0.552356  0.755932         0.769131      11.805559                   342.030466       0.564706       0.605072        0.592624        0.592315
    22    0.540012  0.771186         0.758907      11.659507                   330.065900       0.647059       0.605978        0.653968        0.620089
    23    0.507898  0.783051         0.775198      11.700081                   318.175362       0.682353       0.599638        0.743162        0.619380
    24    0.488829  0.781356         0.783347      11.760662                   306.366239       0.658824       0.633152        0.651010        0.617996
    25    0.479949  0.781356         0.786255      11.902311                   294.702656       0.670588       0.626812        0.680512        0.630845
    26    0.449539  0.806780         0.820364      11.750899                   282.880992       0.647059       0.625906        0.631237        0.609764
    27    0.444785  0.830508         0.815898      11.757381                   271.069936       0.647059       0.612319        0.643773        0.614924
    28    0.420653  0.816949         0.851246      11.755878                   259.261433       0.588235       0.618659        0.593210        0.603119
    29    0.401022  0.844068         0.847416      11.735990                   247.442175       0.647059       0.625906        0.627683        0.612939
    30    0.391161  0.845763         0.855693      11.738018                   235.629737       0.658824       0.619565        0.660819        0.622816
    31    0.373070  0.861017         0.872334      11.745155                   223.826446       0.611765       0.549819        0.620056        0.568983
    32    0.354548  0.871186         0.889797      11.772847                   212.042294       0.611765       0.605072        0.610884        0.607079
    33    0.338821  0.883051         0.897460      11.758548                   200.251434       0.623529       0.612319        0.630000        0.619822
    34    0.329311  0.886441         0.908201      11.753313                   188.460028       0.635294       0.619565        0.640248        0.627726
    35    0.319307  0.893220         0.921834      11.727673                   176.659702       0.623529       0.605072        0.626353        0.612636
    36    0.307353  0.898305         0.929743      11.704361                   164.854303       0.647059       0.619565        0.636792        0.622442
    37    0.297498  0.903390         0.942803      11.788131                   153.083760       0.635294       0.597826        0.616246        0.592004
    38    0.293435  0.896610         0.944719      11.866206                   141.336902       0.623529       0.605072        0.613834        0.606885
    39    0.284249  0.910169         0.954982      11.668103                   129.527994       0.623529       0.612319        0.617687        0.614096
    40    0.277838  0.913559         0.961006      11.639801                   117.719117       0.635294       0.605072        0.621605        0.606140
    41    0.271608  0.915254         0.965528      11.644686                   105.919432       0.623529       0.605072        0.613834        0.606885
    42    0.268107  0.913559         0.970388      11.636395                    94.125522       0.623529       0.605072        0.613834        0.606885
    43    0.264388  0.916949         0.973561      11.650573                    82.341212       0.623529       0.605072        0.613834        0.606885
    44    0.261930  0.916949         0.976475      11.631105                    70.560297       0.635294       0.612319        0.624811        0.614626
    45    0.260768  0.922034         0.977996      11.668406                    58.790146       0.623529       0.605072        0.613834        0.606885
    46    0.258569  0.922034         0.980039      11.748747                    47.031379       0.623529       0.605072        0.613834        0.606885
    47    0.257032  0.918644         0.980563      11.707401                    35.270363       0.623529       0.605072        0.613834        0.606885
    48    0.256529  0.922034         0.980903      11.710862                    23.511693       0.623529       0.605072        0.613834        0.606885
    49    0.256108  0.922034         0.981002      11.721327                    11.755160       0.623529       0.605072        0.613834        0.606885
    50    0.256037  0.922034         0.981002      11.730403                     0.000000       0.623529       0.605072        0.613834        0.606885
