 epoch  train_loss  train_OA  validation_loss  epoch_seconds  estimated_remaining_seconds  validation_OA  validation_AA  validation_APr  validation_AF1
     1    1.365204  0.399317         0.985888       7.271151                   356.322067       0.645669       0.250000        0.161417        0.196172
     2    0.882016  0.656428         0.857483       7.169566                   348.909813       0.653543       0.263158        0.248656        0.221756
     3    0.770626  0.706485         0.766167       7.258637                   342.905289       0.700787       0.342105        0.335815        0.323737
     4    0.679083  0.745165         0.667285       7.175210                   335.279545       0.708661       0.408741        0.490022        0.411969
     5    0.611633  0.775882         0.627731       7.540788                   331.091901       0.732283       0.476748        0.485125        0.459671
     6    0.557639  0.794084         0.610402       7.336240                   324.358120       0.755906       0.516221        0.502381        0.484344
     7    0.516075  0.808874         0.587556       7.177408                   316.372705       0.755906       0.507906        0.504658        0.473099
     8    0.465363  0.844141         0.572016       6.997890                   307.130796       0.771654       0.498512        0.559565        0.502987
     9    0.420456  0.853242         0.567969       7.131068                   299.412128       0.771654       0.572208        0.521132        0.535459
    10    0.380388  0.868032         0.532686       6.998109                   291.279867       0.787402       0.541458        0.548077        0.532641
    11    0.339815  0.888510         0.581542       7.271884                   283.964369       0.795276       0.529671        0.589549        0.516969
    12    0.290040  0.899886         0.543754       7.266453                   276.638989       0.811024       0.560713        0.586084        0.552089
    13    0.243003  0.921502         0.570329       7.266637                   269.600775       0.803150       0.590924        0.554026        0.566938
    14    0.202591  0.937429         0.574082       7.143694                   262.196152       0.803150       0.557664        0.579118        0.546183
    15    0.162051  0.960182         0.628779       7.185444                   254.687068       0.787402       0.523034        0.551851        0.519784
    16    0.135096  0.961320         0.660984       7.171131                   247.187531       0.803150       0.551144        0.572650        0.531099
    17    0.116450  0.970421         0.745239       7.088994                   239.566958       0.811024       0.562507        0.584615        0.547543
    18    0.092139  0.974972         0.730812       7.143747                   232.102654       0.803150       0.567773        0.588185        0.543839
    19    0.075007  0.985210         0.762872       7.165846                   224.708051       0.811024       0.560713        0.586084        0.552089
    20    0.061529  0.986348         0.783728       7.168708                   217.340660       0.811024       0.608261        0.676010        0.625251
    21    0.053693  0.985210         0.812044       7.152844                   210.090544       0.811024       0.569028        0.581650        0.555371
    22    0.044621  0.989761         0.842433       7.146225                   202.721892       0.795276       0.546301        0.572253        0.533542
    23    0.037929  0.993174         0.837549       7.263766                   195.510539       0.811024       0.569028        0.585278        0.558170
    24    0.033276  0.993174         0.945864       7.198187                   188.224015       0.795276       0.546301        0.588421        0.533468
    25    0.028768  0.996587         0.922538       7.226338                   180.972317       0.787402       0.533143        0.557276        0.526912
    26    0.025228  0.995449         0.917413       7.309793                   173.799611       0.803150       0.707485        0.737363        0.698820
    27    0.021467  0.996587         0.944433       7.033954                   166.460663       0.787402       0.533143        0.568791        0.526471
    28    0.018112  0.996587         0.970573       7.117817                   159.129822       0.795276       0.546301        0.572253        0.533542
    29    0.015521  0.996587         1.004574       7.057752                   151.770148       0.787402       0.533143        0.568791        0.526471
    30    0.013373  0.997725         1.011454       7.212318                   144.533644       0.787402       0.533143        0.568791        0.526471
    31    0.011034  0.998862         1.031234       7.191904                   137.286079       0.795276       0.546301        0.572253        0.533542
    32    0.009747  0.997725         1.035753       7.150677                   130.018800       0.787402       0.533143        0.568791        0.526471
    33    0.008489  1.000000         1.080022       7.022828                   122.692642       0.795276       0.546301        0.588421        0.533468
    34    0.007730  0.998862         1.054271       7.193001                   115.464390       0.779528       0.530094        0.550152        0.521054
    35    0.006787  1.000000         1.074696       7.225267                   108.251924       0.779528       0.530094        0.562179        0.520801
    36    0.006187  1.000000         1.089103       7.076993                   100.981140       0.779528       0.530094        0.578704        0.520969
    37    0.005694  1.000000         1.106108       7.066296                    93.716908       0.779528       0.530094        0.578704        0.520969
    38    0.005228  1.000000         1.104566       7.056036                    86.459839       0.779528       0.530094        0.550152        0.521054
    39    0.004984  1.000000         1.115308       7.039379                    79.208319       0.779528       0.530094        0.562179        0.520801
    40    0.004693  1.000000         1.121773       7.047482                    71.969429       0.779528       0.530094        0.562179        0.520801
    41    0.004523  1.000000         1.116522       7.070144                    64.744812       0.779528       0.530094        0.550152        0.521054
    42    0.004318  1.000000         1.124877       7.015279                    57.517061       0.779528       0.530094        0.550152        0.521054
    43    0.004207  1.000000         1.128698       7.183282                    50.326513       0.779528       0.530094        0.550152        0.521054
    44    0.004100  1.000000         1.128330       7.243031                    43.144412       0.779528       0.530094        0.550152        0.521054
    45    0.004008  1.000000         1.131594       7.243848                    35.959655       0.779528       0.530094        0.550152        0.521054
    46    0.003969  1.000000         1.133118       7.330452                    28.779836       0.779528       0.530094        0.550152        0.521054
    47    0.003928  1.000000         1.133048       7.071170                    21.577041       0.779528       0.530094        0.550152        0.521054
    48    0.003904  1.000000         1.133280       7.073697                    14.379782       0.779528       0.530094        0.550152        0.521054
    49    0.003894  1.000000         1.133250       7.267028                     7.191479       0.779528       0.530094        0.550152        0.521054
    50    0.003892  1.000000         1.133250       7.175133                     0.000000       0.779528       0.530094        0.550152        0.521054
