 epoch  train_loss  train_OA  validation_loss  epoch_seconds  estimated_remaining_seconds  validation_OA  validation_AA  validation_APr  validation_AF1
     1    1.071394  0.622298         1.070222       2.266230                   111.092006       0.716535       0.517607        0.456083        0.476142
     2    0.812541  0.732651         0.751981       2.113255                   106.916190       0.748031       0.556541        0.488468        0.513260
     3    0.714046  0.791809         0.645921       2.109291                   104.018149       0.779528       0.566942        0.523792        0.539743
     4    0.649569  0.808874         0.629966       2.095570                   101.314028       0.803150       0.594512        0.542885        0.561527
     5    0.626576  0.813424         0.589738       2.082963                    98.730969       0.787402       0.566402        0.541543        0.552839
     6    0.597701  0.819113         0.554754       2.080927                    95.712008       0.818898       0.598815        0.574405        0.582194
     7    0.583432  0.824801         0.553586       2.083161                    93.441766       0.803150       0.586197        0.551765        0.562677
     8    0.536941  0.840728         0.581265       2.079816                    90.782488       0.779528       0.565148        0.538746        0.549797
     9    0.539202  0.833902         0.559771       2.084139                    88.271519       0.803150       0.590924        0.554732        0.570967
    10    0.500610  0.856655         0.549614       2.054686                    85.728063       0.811024       0.605876        0.559512        0.578278
    11    0.510877  0.856655         0.562669       2.056149                    83.278406       0.803150       0.590924        0.561767        0.574403
    12    0.518089  0.841866         0.580449       2.073195                    80.948237       0.763780       0.545352        0.531936        0.538183
    13    0.467301  0.865757         0.581015       2.079774                    78.676191       0.826772       0.626809        0.578392        0.599571
    14    0.459043  0.862344         0.567290       2.075260                    76.614508       0.818898       0.598815        0.574405        0.582194
    15    0.463123  0.858931         0.578243       2.068213                    74.347861       0.818898       0.615445        0.571591        0.590615
    16    0.449807  0.856655         0.539667       2.080254                    72.131518       0.826772       0.610179        0.581444        0.592081
    17    0.434369  0.872582         0.546450       2.082339                    69.935132       0.818898       0.607130        0.572561        0.586625
    18    0.440149  0.871445         0.551479       2.079230                    67.745881       0.811024       0.612396        0.564357        0.585355
    19    0.412836  0.865757         0.531069       2.083170                    65.574575       0.826772       0.610179        0.581444        0.592081
    20    0.418668  0.878271         0.520388       2.071625                    63.394688       0.818898       0.607130        0.572561        0.586625
    21    0.433485  0.865757         0.504716       2.071740                    61.225169       0.834646       0.613228        0.591270        0.597706
    22    0.421212  0.870307         0.557556       2.094348                    59.093297       0.811024       0.612396        0.564357        0.585355
    23    0.422593  0.879408         0.519423       2.080147                    56.947968       0.834646       0.613228        0.591270        0.597706
    24    0.396657  0.886234         0.505595       2.082554                    54.810615       0.826772       0.618494        0.579475        0.596019
    25    0.406538  0.885097         0.556545       2.104946                    52.699981       0.818898       0.615445        0.571591        0.590615
    26    0.416467  0.881684         0.575182       2.081735                    50.568311       0.818898       0.633869        0.567273        0.595609
    27    0.399274  0.875995         0.529273       2.082392                    48.440873       0.818898       0.615445        0.571591        0.590615
    28    0.393620  0.881684         0.531433       2.092894                    46.324846       0.826772       0.618494        0.579475        0.596019
    29    0.385082  0.882821         0.550994       2.084416                    44.204236       0.811024       0.612396        0.564357        0.585355
    30    0.383997  0.878271         0.563297       2.085310                    42.086586       0.811024       0.612396        0.564357        0.585355
    31    0.382859  0.880546         0.544715       2.076461                    39.965583       0.803150       0.609348        0.557692        0.580226
    32    0.372588  0.898749         0.542522       2.081617                    37.850199       0.818898       0.623760        0.571314        0.594221
    33    0.370480  0.897611         0.532107       2.086079                    35.739137       0.818898       0.615445        0.571591        0.590615
    34    0.362821  0.890785         0.528490       2.090170                    33.631407       0.834646       0.631652        0.581975        0.602626
    35    0.346058  0.902162         0.522536       2.085914                    31.554772       0.826772       0.618494        0.579475        0.596019
    36    0.356079  0.897611         0.545515       2.086260                    29.444594       0.834646       0.631652        0.581975        0.602626
    37    0.370049  0.889647         0.516814       2.081548                    27.334022       0.826772       0.618494        0.579475        0.596019
    38    0.357453  0.899886         0.535198       2.087565                    25.226842       0.811024       0.612396        0.564357        0.585355
    39    0.360521  0.895336         0.531153       2.092601                    23.122050       0.811024       0.612396        0.564357        0.585355
    40    0.356009  0.885097         0.515643       2.099764                    21.019640       0.826772       0.618494        0.579475        0.596019
    41    0.366809  0.886234         0.533620       2.083666                    18.913799       0.811024       0.612396        0.564357        0.585355
    42    0.351096  0.899886         0.514204       2.087381                    16.809690       0.811024       0.612396        0.564357        0.585355
    43    0.347333  0.893060         0.555552       2.099223                    14.708257       0.803150       0.609348        0.557692        0.580226
    44    0.359027  0.894198         0.537958       2.092874                    12.606025       0.811024       0.612396        0.564357        0.585355
    45    0.333656  0.907850         0.524009       2.100477                    10.505028       0.818898       0.615445        0.571591        0.590615
    46    0.357161  0.898749         0.509945       2.085598                     8.402737       0.826772       0.618494        0.579475        0.596019
    47    0.369437  0.894198         0.533360       2.092598                     6.301577       0.811024       0.612396        0.564357        0.585355
    48    0.346251  0.904437         0.523639       2.089314                     4.200611       0.811024       0.612396        0.564357        0.585355
    49    0.336353  0.907850         0.534568       2.097421                     2.100259       0.811024       0.612396        0.564357        0.585355
    50    0.347004  0.893060         0.528971       2.100462                     0.000000       0.818898       0.615445        0.571591        0.590615
