 epoch  train_loss  train_OA  validation_loss  epoch_seconds  estimated_remaining_seconds  validation_OA  validation_AA  validation_APr  validation_AF1
     1    1.113455  0.283051         1.073582       9.771172                   478.825332       0.482353       0.297101        0.182222        0.225895
     2    1.027463  0.535593         1.001960       9.825221                   472.115245       0.541176       0.333333        0.180392        0.234097
     3    0.978536  0.544068         0.974812       9.763088                   462.320478       0.541176       0.333333        0.180392        0.234097
     4    0.935070  0.545763         0.939801       9.762931                   451.644742       0.541176       0.333333        0.180392        0.234097
     5    0.863980  0.586441         0.897900       9.770034                   441.398277       0.564706       0.410326        0.662857        0.395285
     6    0.793171  0.611864         0.887806       9.779373                   431.931029       0.541176       0.423007        0.511617        0.420290
     7    0.742988  0.637288         0.891390       9.769734                   422.287418       0.505882       0.395833        0.477083        0.402233
     8    0.708569  0.662712         0.887573       9.873999                   412.750816       0.458824       0.372283        0.423280        0.378745
     9    0.674876  0.671186         0.878612       9.768105                   402.656571       0.529412       0.455616        0.444196        0.434343
    10    0.648388  0.706780         0.892272       9.768630                   392.922955       0.505882       0.386775        0.455952        0.379077
    11    0.625658  0.725424         0.900240       9.828396                   383.121140       0.517647       0.472826        0.561212        0.495161
    12    0.600221  0.742373         0.899756       9.881703                   373.722203       0.517647       0.471920        0.557591        0.497895
    13    0.575103  0.754237         0.889643       9.785285                   363.959150       0.529412       0.498188        0.511574        0.500524
    14    0.555336  0.754237         0.903596       9.756582                   354.111525       0.517647       0.442935        0.508899        0.457167
    15    0.530681  0.776271         0.968252       9.747503                   344.069198       0.529412       0.415761        0.519468        0.421908
    16    0.505478  0.791525         0.937534       9.735910                   334.038966       0.517647       0.436594        0.513661        0.453327
    17    0.479173  0.796610         0.937044       9.731281                   324.034425       0.517647       0.478261        0.519231        0.493816
    18    0.465830  0.798305         0.934917       9.732351                   314.062013       0.541176       0.505435        0.521212        0.507394
    19    0.436821  0.827119         1.029149       9.762265                   304.281004       0.541176       0.458333        0.560792        0.481069
    20    0.403595  0.833898         1.037493       9.766566                   294.393201       0.494118       0.450181        0.535969        0.476434
    21    0.380346  0.850847         1.060740       9.782974                   284.539400       0.541176       0.485507        0.530345        0.499627
    22    0.352411  0.850847         1.095447       9.886442                   274.823727       0.529412       0.464674        0.531579        0.484168
    23    0.334353  0.864407         1.252208       9.840258                   265.038865       0.517647       0.443841        0.537135        0.466810
    24    0.303148  0.879661         1.277731       9.747256                   255.148583       0.505882       0.436594        0.508772        0.455885
    25    0.268153  0.898305         1.281483       9.789745                   245.312196       0.529412       0.479167        0.541583        0.499511
    26    0.250472  0.908475         1.329651       9.711636                   235.407462       0.517647       0.457428        0.521212        0.477131
    27    0.217694  0.923729         1.410919       9.869190                   225.650983       0.529412       0.471920        0.537879        0.492635
    28    0.197118  0.937288         1.497055       9.759471                   215.800207       0.529412       0.471920        0.535802        0.492214
    29    0.181385  0.942373         1.499012       9.752851                   205.951034       0.529412       0.471920        0.535802        0.492214
    30    0.153346  0.959322         1.590607       9.766173                   196.117084       0.529412       0.471920        0.537879        0.492635
    31    0.138679  0.957627         1.630572       9.754916                   186.280449       0.517647       0.464674        0.528073        0.485211
    32    0.119391  0.971186         1.648685       9.815102                   176.482780       0.552941       0.500906        0.564666        0.521575
    33    0.105964  0.974576         1.752581       9.865395                   166.747538       0.552941       0.508152        0.566667        0.526709
    34    0.093223  0.979661         1.752446       9.868929                   157.003613       0.552941       0.493659        0.560606        0.514739
    35    0.085887  0.979661         1.826012       9.923501                   147.238661       0.552941       0.500906        0.562486        0.520806
    36    0.073589  0.988136         1.832244       9.958734                   137.478559       0.552941       0.493659        0.557848        0.514033
    37    0.065750  0.989831         1.915170       9.793493                   127.649646       0.541176       0.493659        0.554412        0.513332
    38    0.059399  0.991525         1.944612       9.761425                   117.812435       0.529412       0.479167        0.541583        0.499511
    39    0.054265  0.989831         1.945202       9.814944                   107.994180       0.541176       0.486413        0.549514        0.506760
    40    0.050266  0.991525         1.974972       9.822139                    98.177839       0.529412       0.471920        0.535802        0.492214
    41    0.046520  0.989831         1.981308       9.793354                    88.354876       0.541176       0.479167        0.543939        0.499235
    42    0.043684  0.991525         2.023393       9.797890                    78.534128       0.529412       0.471920        0.535802        0.492214
    43    0.041868  0.991525         2.015656       9.905705                    68.731954       0.541176       0.479167        0.543939        0.499235
    44    0.040184  0.991525         2.037979       9.945385                    58.930460       0.541176       0.486413        0.549514        0.506760
    45    0.039200  0.991525         2.044121       9.941588                    49.122111       0.541176       0.486413        0.549514        0.506760
    46    0.038368  0.991525         2.046379       9.881906                    39.302747       0.541176       0.486413        0.549514        0.506760
    47    0.037766  0.991525         2.048649       9.744985                    29.471956       0.541176       0.486413        0.549514        0.506760
    48    0.037469  0.991525         2.047924       9.731367                    19.644143       0.529412       0.471920        0.535802        0.492214
    49    0.037320  0.991525         2.048142       9.705340                     9.819704       0.529412       0.471920        0.535802        0.492214
    50    0.037302  0.991525         2.048142       9.809549                     0.000000       0.529412       0.471920        0.535802        0.492214
