 epoch  train_loss  train_OA  validation_loss  epoch_seconds  estimated_remaining_seconds  validation_OA  validation_AA  validation_APr  validation_AF1
     1    1.063473  0.599545         0.929408       2.243859                   109.988758       0.724409       0.550327        0.492513        0.510953
     2    0.909803  0.700796         0.796525       2.087066                   106.206933       0.716535       0.547278        0.497329        0.517235
     3    0.818267  0.733788         0.747356       2.131115                   104.263796       0.716535       0.537169        0.483208        0.505031
     4    0.792805  0.742890         0.749563       2.129810                   101.034334       0.771654       0.576934        0.532764        0.549204
     5    0.751457  0.766780         0.664223       2.106005                    98.871455       0.795276       0.628902        0.657619        0.632276
     6    0.706830  0.779295         0.658221       2.108683                    96.745122       0.803150       0.599239        0.548972        0.566912
     7    0.676034  0.797497         0.632367       2.110180                    94.006232       0.811024       0.585658        0.581109        0.572608
     8    0.662852  0.794084         0.670732       2.114938                    91.449178       0.771654       0.568619        0.530387        0.545944
     9    0.609261  0.802048         0.646692       2.100489                    88.924695       0.811024       0.585658        0.581109        0.572608
    10    0.633741  0.800910         0.623776       2.101886                    86.490205       0.811024       0.575548        0.563725        0.564444
    11    0.583397  0.824801         0.655628       2.113408                    84.157335       0.779528       0.571668        0.537690        0.552927
    12    0.601292  0.816837         0.591960       2.097895                    81.811504       0.826772       0.608385        0.567917        0.584368
    13    0.591832  0.812287         0.589789       2.100539                    79.511283       0.834646       0.594804        0.577391        0.580687
    14    0.573092  0.811149         0.592394       2.096741                    77.229755       0.818898       0.588706        0.578088        0.575627
    15    0.572278  0.831627         0.574744       2.100249                    74.980932       0.834646       0.584695        0.593014        0.580709
    16    0.575052  0.813424         0.561581       2.099090                    72.748174       0.834646       0.593010        0.586354        0.584954
    17    0.543956  0.829352         0.551929       2.101062                    70.534863       0.842520       0.597853        0.588721        0.586338
    18    0.564003  0.823663         0.601896       2.098978                    68.330259       0.803150       0.631951        0.676698        0.642525
    19    0.549482  0.817975         0.596156       2.118261                    66.327614       0.834646       0.594804        0.585848        0.583380
    20    0.544680  0.811149         0.566383       2.099638                    64.128987       0.842520       0.597853        0.588721        0.586338
    21    0.516953  0.844141         0.543105       2.100203                    61.940561       0.842520       0.597853        0.593874        0.589687
    22    0.544660  0.811149         0.566088       2.101102                    59.761230       0.842520       0.655510        0.692114        0.666770
    23    0.528041  0.821388         0.558553       2.120194                    57.721585       0.834646       0.594804        0.577391        0.580687
    24    0.485954  0.854380         0.559073       2.099429                    55.542864       0.834646       0.594804        0.577391        0.580687
    25    0.517542  0.838453         0.552521       2.097881                    53.368837       0.842520       0.606168        0.584109        0.590713
    26    0.512767  0.839590         0.534022       2.112068                    51.213718       0.834646       0.594804        0.577391        0.580687
    27    0.516448  0.831627         0.557586       2.103515                    49.054474       0.842520       0.606168        0.584109        0.590713
    28    0.500377  0.843003         0.563171       2.099217                    46.895802       0.834646       0.603119        0.574326        0.585127
    29    0.483102  0.843003         0.538693       2.098159                    44.740391       0.834646       0.584695        0.588419        0.581087
    30    0.484684  0.855518         0.541480       2.099796                    42.589854       0.834646       0.594804        0.577391        0.580687
    31    0.481662  0.862344         0.535974       2.099185                    40.442184       0.842520       0.657304        0.835090        0.685394
    32    0.475676  0.862344         0.542118       2.103158                    38.353432       0.834646       0.594804        0.585848        0.583380
    33    0.514745  0.840728         0.546755       2.100086                    36.207224       0.842520       0.614482        0.580999        0.594644
    34    0.466665  0.839590         0.541625       2.100203                    34.063743       0.834646       0.594804        0.577391        0.580687
    35    0.492642  0.840728         0.543228       2.101852                    31.923410       0.826772       0.591755        0.567279        0.575219
    36    0.479095  0.843003         0.545537       2.116419                    29.790864       0.834646       0.594804        0.585848        0.583380
    37    0.475053  0.852105         0.535401       2.128908                    27.663519       0.826772       0.581646        0.571648        0.572133
    38    0.488910  0.846416         0.525302       2.122007                    25.533882       0.834646       0.594804        0.577391        0.580687
    39    0.468343  0.858931         0.534292       2.111167                    23.401551       0.834646       0.594804        0.585848        0.583380
    40    0.480210  0.836177         0.526137       2.100351                    21.267539       0.834646       0.594804        0.577391        0.580687
    41    0.478241  0.857793         0.521658       2.114769                    19.138306       0.834646       0.594804        0.585848        0.583380
    42    0.454118  0.872582         0.547743       2.150188                    17.016471       0.842520       0.606168        0.592097        0.593508
    43    0.441795  0.866894         0.522890       2.098222                    14.884825       0.834646       0.594804        0.585848        0.583380
    44    0.455826  0.853242         0.519058       2.099830                    12.754880       0.834646       0.594804        0.585848        0.583380
    45    0.446276  0.858931         0.536223       2.100938                    10.626380       0.834646       0.594804        0.585848        0.583380
    46    0.459272  0.861206         0.540387       2.115256                     8.500305       0.842520       0.614482        0.580999        0.594644
    47    0.489505  0.850967         0.528893       2.093716                     6.373278       0.834646       0.594804        0.585848        0.583380
    48    0.479688  0.853242         0.518199       2.096806                     4.247728       0.834646       0.594804        0.585848        0.583380
    49    0.453205  0.856655         0.539432       2.101945                     2.123429       0.834646       0.594804        0.577391        0.580687
    50    0.436789  0.862344         0.536883       2.095937                     0.000000       0.834646       0.594804        0.585848        0.583380
