 epoch  train_loss  train_OA  validation_loss  epoch_seconds  estimated_remaining_seconds  validation_OA  validation_AA  validation_APr  validation_AF1
     1    0.997790  0.469492         1.108295       4.213093                   206.479701       0.305882       0.456522        0.470588        0.290000
     2    0.960675  0.540678         1.053522       4.205121                   204.324503       0.482353       0.525362        0.478973        0.476190
     3    0.925176  0.561017         1.034027       4.224670                   201.037082       0.447059       0.517210        0.466239        0.445259
     4    0.900040  0.579661         1.088580       4.233396                   196.260634       0.494118       0.574275        0.497957        0.498505
     5    0.874937  0.574576         1.086251       4.207947                   192.313527       0.505882       0.581522        0.508478        0.508667
     6    0.865586  0.611864         1.176762       4.208173                   188.250930       0.482353       0.539855        0.480000        0.484586
     7    0.849843  0.615254         1.041931       4.217586                   183.602584       0.505882       0.574275        0.504040        0.505291
     8    0.836600  0.625424         1.107862       4.193344                   178.934614       0.517647       0.588768        0.519225        0.518785
     9    0.826926  0.620339         1.042873       4.209133                   174.870764       0.505882       0.567029        0.499747        0.500951
    10    0.817830  0.632203         1.030578       4.200531                   170.349607       0.541176       0.588768        0.536932        0.529777
    11    0.820054  0.618644         1.003881       4.202161                   166.224142       0.541176       0.596014        0.534722        0.535137
    12    0.794585  0.625424         1.057988       4.204493                   162.075890       0.529412       0.596014        0.527476        0.529303
    13    0.790446  0.676271         1.125730       4.214809                   157.669182       0.517647       0.596014        0.520635        0.524145
    14    0.788490  0.645763         1.029815       4.217237                   153.296093       0.529412       0.588768        0.526831        0.525002
    15    0.794184  0.642373         1.046270       4.224182                   148.959801       0.552941       0.596014        0.544526        0.539566
    16    0.779407  0.635593         1.080993       4.214164                   144.816096       0.505882       0.547101        0.494108        0.504926
    17    0.762383  0.657627         1.043023       4.214810                   140.471757       0.552941       0.581522        0.527778        0.527256
    18    0.748554  0.686441         1.133731       4.200329                   136.115937       0.517647       0.561594        0.507756        0.515062
    19    0.789177  0.633898         1.163084       4.209893                   131.791994       0.470588       0.498188        0.462374        0.468975
    20    0.765140  0.652542         1.015028       4.244512                   127.531483       0.541176       0.588768        0.527480        0.530739
    21    0.747406  0.681356         1.041117       4.210902                   123.225847       0.541176       0.588768        0.527480        0.530739
    22    0.733475  0.671186         1.050445       4.220504                   118.940986       0.541176       0.596014        0.534722        0.535137
    23    0.721186  0.693220         1.040774       4.206453                   114.645275       0.541176       0.588768        0.527480        0.530739
    24    0.725623  0.691525         1.028028       4.199106                   110.348964       0.552941       0.596014        0.544526        0.539566
    25    0.717289  0.710169         1.015977       4.208314                   106.069545       0.541176       0.581522        0.523617        0.524686
    26    0.723222  0.698305         1.040680       4.210441                   101.797524       0.541176       0.575181        0.523536        0.528221
    27    0.709538  0.701695         0.974166       4.214785                    97.533701       0.564706       0.589674        0.543651        0.547233
    28    0.706218  0.698305         1.040683       4.214737                    93.338563       0.541176       0.582428        0.530159        0.532745
    29    0.702851  0.708475         1.019951       4.207043                    89.070564       0.552941       0.596014        0.535673        0.540878
    30    0.710660  0.698305         1.017656       4.223457                    84.817535       0.529412       0.547101        0.504630        0.509926
    31    0.712242  0.698305         1.022095       4.218086                    80.563070       0.552941       0.588768        0.536503        0.533746
    32    0.693883  0.710169         1.034981       4.203135                    76.302444       0.529412       0.554348        0.511278        0.515152
    33    0.710161  0.706780         0.998488       4.196980                    72.042091       0.552941       0.582428        0.535390        0.537347
    34    0.689959  0.720339         1.029549       4.204337                    67.788895       0.541176       0.561594        0.519718        0.524982
    35    0.713795  0.700000         1.015127       4.213104                    63.542200       0.552941       0.588768        0.531717        0.534645
    36    0.691588  0.708475         1.002750       4.218217                    59.299326       0.541176       0.561594        0.519718        0.524982
    37    0.687570  0.705085         1.008621       4.214876                    55.056582       0.541176       0.561594        0.519718        0.524982
    38    0.693416  0.711864         1.029281       4.214377                    50.815100       0.541176       0.561594        0.519718        0.524982
    39    0.689281  0.720339         1.020833       4.219611                    46.576462       0.541176       0.575181        0.523536        0.528221
    40    0.684602  0.710169         0.992076       4.206598                    42.335510       0.552941       0.582428        0.531955        0.538240
    41    0.697497  0.705085         1.000282       4.221219                    38.099408       0.541176       0.561594        0.519718        0.524982
    42    0.687298  0.696610         0.999621       4.220100                    33.863776       0.552941       0.575181        0.528291        0.531853
    43    0.686244  0.713559         1.017268       4.247648                    29.633328       0.552941       0.575181        0.528291        0.531853
    44    0.680301  0.738983         1.011007       4.216231                    25.397753       0.552941       0.582428        0.531955        0.538240
    45    0.684170  0.720339         1.008123       4.216927                    21.163099       0.541176       0.561594        0.519718        0.524982
    46    0.680089  0.730508         0.998308       4.213769                    16.928897       0.541176       0.554348        0.516393        0.518614
    47    0.687009  0.718644         1.012289       4.224964                    12.696272       0.541176       0.561594        0.519718        0.524982
    48    0.688382  0.713559         1.010352       4.232122                     8.464209       0.541176       0.561594        0.519718        0.524982
    49    0.682251  0.722034         1.012753       4.218191                     4.231835       0.541176       0.561594        0.519718        0.524982
    50    0.684585  0.725424         1.013306       4.215614                     0.000000       0.529412       0.547101        0.504630        0.509926
