 epoch  train_loss  train_OA  validation_loss  epoch_seconds  estimated_remaining_seconds  validation_OA  validation_AA  validation_APr  validation_AF1
     1    1.121238  0.651036         1.002652       5.497934                   269.436916       0.727273       0.517206        0.425591        0.458095
     2    0.853216  0.766630         0.821041       5.512573                   266.514204       0.795455       0.539991        0.471315        0.501599
     3    0.751917  0.798255         0.791491       5.508576                   261.784293       0.833333       0.557525        0.513423        0.534374
     4    0.720429  0.798255         0.755864       5.519985                   256.718797       0.833333       0.557525        0.507555        0.531230
     5    0.636918  0.826609         0.760778       5.520712                   250.603395       0.833333       0.557525        0.521084        0.538021
     6    0.639766  0.812432         0.763891       5.521790                   245.392905       0.833333       0.557525        0.513423        0.534374
     7    0.625833  0.836423         0.775621       5.524538                   239.496713       0.833333       0.557525        0.525923        0.540826
     8    0.611444  0.829880         0.736284       5.529221                   234.209917       0.825758       0.550117        0.509881        0.529185
     9    0.574429  0.827699         0.772080       5.534965                   228.447395       0.825758       0.571281        0.542255        0.555769
    10    0.577683  0.840785         0.764782       5.566805                   223.229355       0.810606       0.535302        0.524548        0.529320
    11    0.558911  0.827699         0.762365       5.564090                   217.591952       0.803030       0.537647        0.509804        0.522963
    12    0.531400  0.838604         0.742516       5.567076                   211.976157       0.810606       0.535302        0.520616        0.527208
    13    0.526555  0.845147         0.783133       5.658755                   206.629607       0.803030       0.527895        0.519283        0.522532
    14    0.532060  0.848419         0.750135       5.572682                   201.016509       0.810606       0.535302        0.510114        0.522275
    15    0.503831  0.856052         0.759234       5.570550                   195.403405       0.825758       0.550117        0.520833        0.535054
    16    0.495321  0.845147         0.776725       5.569588                   189.793389       0.810606       0.535302        0.514140        0.524413
    17    0.492671  0.839695         0.767767       5.560987                   184.171348       0.810606       0.535302        0.509587        0.521160
    18    0.492081  0.852781         0.739360       5.593354                   178.613796       0.818182       0.537834        0.521017        0.528581
    19    0.479607  0.850600         0.729783       5.584766                   173.038486       0.825758       0.545241        0.515980        0.530005
    20    0.488979  0.845147         0.778688       5.550318                   167.410182       0.803030       0.558811        0.543761        0.550624
    21    0.490593  0.858233         0.748071       5.564260                   161.808502       0.818182       0.537834        0.521017        0.528581
    22    0.468085  0.856052         0.752059       5.551069                   156.193512       0.818182       0.537834        0.516480        0.526584
    23    0.493340  0.847328         0.750193       5.553256                   150.586522       0.818182       0.542710        0.511702        0.526719
    24    0.443600  0.865867         0.763523       5.549593                   144.979969       0.795455       0.525363        0.512206        0.518126
    25    0.453129  0.858233         0.732956       5.585670                   139.414346       0.825758       0.545241        0.522248        0.533080
    26    0.448068  0.862595         0.744344       5.583286                   133.844601       0.810606       0.535302        0.514155        0.524160
    27    0.464062  0.853871         0.761093       5.605656                   128.292848       0.795455       0.530239        0.513324        0.521364
    28    0.498992  0.850600         0.736177       5.580698                   122.717557       0.818182       0.542710        0.515579        0.528633
    29    0.444777  0.869138         0.731901       5.544068                   117.115375       0.818182       0.537834        0.521017        0.528581
    30    0.415194  0.871320         0.738939       5.558019                   111.526372       0.818182       0.542710        0.515579        0.528633
    31    0.414675  0.868048         0.749270       5.555382                   105.937636       0.803030       0.532771        0.509722        0.520883
    32    0.442565  0.863686         0.742983       5.570705                   100.359535       0.803030       0.532771        0.513744        0.522771
    33    0.455813  0.871320         0.740669       5.558985                    94.775819       0.818182       0.542710        0.515579        0.528633
    34    0.399981  0.881134         0.746273       5.564489                    89.196091       0.803030       0.532771        0.513744        0.522771
    35    0.424319  0.875682         0.732453       5.550429                    83.611221       0.818182       0.542710        0.515579        0.528633
    36    0.403215  0.874591         0.735175       5.560884                    78.032265       0.825758       0.545241        0.522248        0.533080
    37    0.399027  0.873501         0.747954       5.552162                    72.451174       0.803030       0.532771        0.513744        0.522771
    38    0.407647  0.873501         0.729756       5.558730                    66.873689       0.825758       0.545241        0.522248        0.533080
    39    0.425073  0.865867         0.727720       5.548721                    61.294266       0.818182       0.542710        0.515579        0.528633
    40    0.432160  0.859324         0.742650       5.545995                    55.715671       0.810606       0.535302        0.520616        0.527208
    41    0.403716  0.875682         0.733251       5.548482                    50.139171       0.810606       0.540178        0.515169        0.527243
    42    0.422169  0.863686         0.736671       5.548199                    44.563943       0.803030       0.537647        0.508929        0.522874
    43    0.402681  0.870229         0.738119       5.546441                    38.989656       0.803030       0.537647        0.508929        0.522874
    44    0.411078  0.868048         0.739219       5.547196                    33.416691       0.810606       0.540178        0.515169        0.527243
    45    0.414391  0.873501         0.738237       5.549065                    27.845049       0.803030       0.537647        0.508929        0.522874
    46    0.407527  0.876772         0.741622       5.544797                    22.273990       0.803030       0.537647        0.508929        0.522874
    47    0.402682  0.864776         0.741507       5.547148                    16.704169       0.810606       0.540178        0.515169        0.527243
    48    0.394962  0.880044         0.735255       5.545262                    11.135188       0.818182       0.542710        0.515579        0.528633
    49    0.398149  0.872410         0.738451       5.548045                     5.567208       0.803030       0.537647        0.508929        0.522874
    50    0.426334  0.869138         0.736750       5.537988                     0.000000       0.810606       0.540178        0.515169        0.527243
