 epoch  train_loss  train_OA  validation_loss  epoch_seconds  estimated_remaining_seconds  validation_OA  validation_AA  validation_APr  validation_AF1
     1    1.257532  0.620502         1.267005       5.349145                   262.149524       0.727273       0.508740        0.486763        0.473831
     2    0.904101  0.742639         0.863846       5.351949                   258.639691       0.757576       0.596986        0.537708        0.555035
     3    0.769537  0.780807         0.738642       5.353161                   253.867698       0.772727       0.613901        0.557468        0.577270
     4    0.719707  0.802617         0.722224       5.362768                   248.838778       0.795455       0.632298        0.575560        0.596265
     5    0.667912  0.829880         0.651173       5.362782                   243.643806       0.803030       0.634830        0.567829        0.593407
     6    0.634512  0.827699         0.612082       5.420792                   238.281663       0.803030       0.608790        0.572453        0.583977
     7    0.600564  0.835333         0.633788       5.362195                   232.542934       0.818182       0.629531        0.589986        0.600548
     8    0.579756  0.844057         0.577430       5.363992                   227.279520       0.818182       0.635017        0.584176        0.602095
     9    0.550195  0.842966         0.581110       5.364610                   221.992922       0.818182       0.639893        0.594754        0.610338
    10    0.534054  0.856052         0.554292       5.366207                   216.670772       0.825758       0.643475        0.595873        0.615186
    11    0.524939  0.860414         0.585367       5.348096                   211.275509       0.833333       0.650882        0.601279        0.618554
    12    0.497697  0.869138         0.549816       5.357298                   205.892604       0.833333       0.650882        0.608889        0.625847
    13    0.501718  0.864776         0.541617       5.356321                   200.507219       0.848485       0.660821        0.617222        0.634845
    14    0.473179  0.883315         0.543061       5.352477                   195.101648       0.856061       0.663353        0.629030        0.642689
    15    0.463509  0.872410         0.530850       5.370785                   189.741646       0.833333       0.650882        0.608889        0.625847
    16    0.460040  0.868048         0.519872       5.351480                   184.173681       0.856061       0.663353        0.657658        0.655437
    17    0.450302  0.895311         0.483568       5.357941                   178.781524       0.818182       0.604102        0.571675        0.584351
    18    0.429195  0.887677         0.513323       5.347714                   173.240772       0.833333       0.619967        0.583750        0.599417
    19    0.425381  0.886587         0.476866       5.361418                   167.742824       0.840909       0.616572        0.601299        0.607076
    20    0.418258  0.886587         0.498649       5.354203                   162.247462       0.848485       0.651070        0.613083        0.627569
    21    0.416033  0.892039         0.481511       5.365067                   156.780495       0.848485       0.625030        0.605763        0.613651
    22    0.411092  0.894220         0.485452       5.352780                   151.307098       0.833333       0.619967        0.592727        0.603255
    23    0.393227  0.897492         0.485072       5.394749                   145.893368       0.840909       0.627374        0.609524        0.615475
    24    0.402431  0.896401         0.474964       5.456502                   140.548133       0.833333       0.609165        0.594832        0.598698
    25    0.394126  0.889858         0.484205       5.349620                   135.087013       0.833333       0.619967        0.592727        0.603255
    26    0.391608  0.899673         0.452180       5.417191                   129.696783       0.840909       0.611696        0.599669        0.602774
    27    0.385071  0.896401         0.469829       5.470631                   124.350010       0.840909       0.622498        0.597259        0.607261
    28    0.376255  0.905125         0.496034       5.391470                   118.945023       0.833333       0.619967        0.592727        0.603255
    29    0.350238  0.910578         0.483493       5.351221                   113.498802       0.840909       0.627374        0.609524        0.615475
    30    0.377904  0.900763         0.475426       5.352809                   108.059927       0.840909       0.622498        0.597259        0.607261
    31    0.373191  0.907306         0.458321       5.346256                   102.622551       0.848485       0.625030        0.602067        0.611340
    32    0.356737  0.904035         0.456741       5.335444                    97.184754       0.840909       0.622498        0.597259        0.607261
    33    0.350290  0.896401         0.460414       5.340263                    91.755594       0.840909       0.622498        0.597259        0.607261
    34    0.342426  0.913850         0.471602       5.370604                    86.345904       0.833333       0.619967        0.592727        0.603255
    35    0.357542  0.913850         0.465777       5.335031                    80.923173       0.848485       0.625030        0.602067        0.611340
    36    0.351278  0.907306         0.480287       5.329949                    75.503302       0.825758       0.611509        0.594820        0.598487
    37    0.342050  0.901854         0.476411       5.314906                    70.082960       0.825758       0.606633        0.586061        0.591454
    38    0.357580  0.913850         0.465504       5.319367                    64.669538       0.840909       0.622498        0.597259        0.607261
    39    0.349069  0.906216         0.443871       5.309183                    59.258052       0.840909       0.611696        0.605666        0.606613
    40    0.342944  0.907306         0.462755       5.311384                    53.852191       0.840909       0.622498        0.597259        0.607261
    41    0.337436  0.901854         0.463608       5.323129                    48.453491       0.833333       0.609165        0.590592        0.595461
    42    0.334289  0.916031         0.458990       5.310817                    43.056004       0.840909       0.611696        0.589946        0.595617
    43    0.347577  0.905125         0.477975       5.345884                    37.668231       0.825758       0.606633        0.586061        0.591454
    44    0.341089  0.906216         0.463071       5.318393                    32.278582       0.840909       0.622498        0.597259        0.607261
    45    0.340159  0.909487         0.479743       5.351840                    26.895802       0.825758       0.606633        0.586061        0.591454
    46    0.333521  0.913850         0.482079       5.375356                    21.516368       0.833333       0.619967        0.592727        0.603255
    47    0.334761  0.924755         0.483249       5.325219                    16.133879       0.833333       0.619967        0.592727        0.603255
    48    0.343320  0.905125         0.465070       5.316493                    10.753386       0.825758       0.606633        0.586061        0.591454
    49    0.353638  0.904035         0.466423       5.320125                     5.375553       0.825758       0.606633        0.590271        0.594693
    50    0.347259  0.904035         0.466691       5.328711                     0.000000       0.833333       0.614041        0.598810        0.602371
