 epoch  train_loss  train_OA  validation_loss  epoch_seconds  estimated_remaining_seconds  validation_OA  validation_AA  validation_APr  validation_AF1
     1    1.035846  0.477966         1.068479       4.082966                   200.102159       0.435294       0.435688        0.423120        0.419277
     2    0.943813  0.488136         1.027218       4.083304                   197.690667       0.435294       0.498188        0.455823        0.444009
     3    0.894484  0.540678         1.020858       4.097061                   194.344665       0.458824       0.553442        0.488546        0.472727
     4    0.862562  0.588136         1.004916       4.095580                   190.576205       0.458824       0.532609        0.479444        0.473572
     5    0.828128  0.594915         1.046790       4.092959                   186.626235       0.494118       0.533514        0.491111        0.492665
     6    0.817174  0.616949         1.045657       4.092917                   182.607100       0.505882       0.569746        0.527110        0.513873
     7    0.790741  0.623729         1.007873       4.085659                   178.499422       0.482353       0.547101        0.487381        0.493730
     8    0.781870  0.632203         1.042610       4.082985                   173.994010       0.517647       0.555254        0.515757        0.523562
     9    0.768408  0.640678         1.008056       4.090333                   169.937772       0.505882       0.562500        0.514286        0.516064
    10    0.749475  0.657627         1.019974       4.114693                   165.675045       0.482353       0.518116        0.469769        0.484914
    11    0.737428  0.655932         1.019551       4.104219                   161.402101       0.564706       0.590580        0.550800        0.564289
    12    0.734554  0.684746         1.024233       4.101331                   157.371487       0.529412       0.589674        0.526318        0.538388
    13    0.736602  0.674576         1.016704       4.107148                   153.134648       0.494118       0.518116        0.485000        0.497739
    14    0.713345  0.700000         1.059077       4.103679                   148.907727       0.505882       0.553442        0.492615        0.503766
    15    0.709186  0.696610         1.024587       4.102800                   144.694718       0.517647       0.539855        0.498057        0.512237
    16    0.696080  0.705085         0.988941       4.105397                   140.500882       0.517647       0.533514        0.499603        0.511904
    17    0.687189  0.686441         1.014361       4.107784                   136.322043       0.529412       0.554348        0.515604        0.529452
    18    0.677124  0.706780         1.001016       4.108089                   132.151767       0.517647       0.533514        0.500160        0.512541
    19    0.666444  0.718644         0.997204       4.112108                   127.994364       0.541176       0.568841        0.529208        0.542747
    20    0.664769  0.727119         1.011514       4.096685                   123.818238       0.541176       0.540761        0.518740        0.528042
    21    0.659653  0.706780         1.027459       4.089618                   119.640054       0.552941       0.568841        0.533189        0.546519
    22    0.654023  0.722034         1.002911       4.116998                   115.504553       0.494118       0.504529        0.471174        0.483556
    23    0.647502  0.723729         1.019320       4.092888                   111.342387       0.517647       0.539855        0.506667        0.519380
    24    0.634516  0.737288         0.995671       4.099624                   107.193143       0.564706       0.576087        0.549812        0.560776
    25    0.648385  0.723729         1.014637       4.099306                   103.047458       0.541176       0.561594        0.523810        0.537674
    26    0.633509  0.744068         1.029917       4.087192                    98.894205       0.529412       0.547101        0.514363        0.527268
    27    0.620054  0.752542         1.017979       4.087866                    94.746329       0.541176       0.561594        0.524163        0.538222
    28    0.628479  0.749153         1.014815       4.100010                    90.612226       0.541176       0.554348        0.518038        0.531704
    29    0.621746  0.737288         1.023086       4.106276                    86.484979       0.505882       0.532609        0.489510        0.504394
    30    0.620104  0.744068         1.011399       4.095248                    82.351710       0.552941       0.568841        0.536784        0.549627
    31    0.609994  0.769492         1.002131       4.093164                    78.219613       0.552941       0.561594        0.535771        0.546761
    32    0.614662  0.772881         1.009638       4.098666                    74.093013       0.529412       0.547101        0.520445        0.531253
    33    0.615101  0.738983         1.010181       4.093766                    69.965503       0.529412       0.547101        0.514363        0.527268
    34    0.606359  0.757627         1.013070       4.076089                    65.831581       0.517647       0.526268        0.508613        0.516427
    35    0.606095  0.754237         1.021542       4.074628                    61.700311       0.541176       0.561594        0.534244        0.544819
    36    0.604319  0.757627         1.007027       4.079224                    57.573964       0.552941       0.561594        0.536284        0.547090
    37    0.602702  0.771186         1.011280       4.068699                    53.446395       0.552941       0.568841        0.541908        0.552805
    38    0.600582  0.759322         1.003309       4.081185                    49.325843       0.552941       0.568841        0.541908        0.552805
    39    0.586289  0.767797         1.006768       4.086145                    45.208678       0.541176       0.554348        0.527987        0.539016
    40    0.594015  0.762712         1.013388       4.082610                    41.092152       0.541176       0.554348        0.527987        0.539016
    41    0.602739  0.749153         1.014413       4.082642                    36.977253       0.541176       0.554348        0.527987        0.539016
    42    0.595915  0.761017         1.007412       4.077719                    32.862918       0.541176       0.540761        0.524191        0.531628
    43    0.592930  0.762712         1.005059       4.071630                    28.749261       0.541176       0.540761        0.524191        0.531628
    44    0.598251  0.761017         1.007234       4.067388                    24.636913       0.529412       0.533514        0.516365        0.523918
    45    0.591442  0.762712         1.001856       4.068878                    20.526692       0.529412       0.533514        0.516365        0.523918
    46    0.597078  0.764407         1.003371       4.085023                    16.419644       0.529412       0.533514        0.516365        0.523918
    47    0.591321  0.766102         1.008333       4.073989                    12.312803       0.541176       0.554348        0.527987        0.539016
    48    0.610583  0.742373         1.001039       4.113241                     8.208948       0.541176       0.554348        0.527987        0.539016
    49    0.606639  0.738983         0.999541       4.084917                     4.104088       0.541176       0.540761        0.524191        0.531628
    50    0.595601  0.767797         1.002515       4.106800                     0.000000       0.529412       0.533514        0.516365        0.523918
