 epoch  train_loss  train_OA  validation_loss  epoch_seconds  estimated_remaining_seconds  validation_OA  validation_AA  validation_APr  validation_AF1
     1    1.213463  0.337288         1.006027      11.633210                   570.066366       0.541176       0.333333        0.180392        0.234097
     2    0.987857  0.544068         0.981158      11.962948                   568.560526       0.541176       0.333333        0.180392        0.234097
     3    0.967264  0.544068         0.958439      11.801438                   556.043012       0.541176       0.333333        0.180392        0.234097
     4    0.928605  0.552542         0.919148      11.880751                   544.795733       0.541176       0.333333        0.180392        0.234097
     5    0.881006  0.581356         0.887326      11.764369                   532.249535       0.494118       0.386775        0.433389        0.381490
     6    0.846920  0.588136         0.883322      11.751704                   520.567579       0.505882       0.414855        0.436642        0.408414
     7    0.827626  0.618644         0.877299      11.874517                   509.603702       0.564706       0.429348        0.386667        0.385251
     8    0.794936  0.632203         0.873793      11.918676                   498.110413       0.529412       0.457428        0.499933        0.466281
     9    0.769776  0.642373         0.887562      11.747518                   486.181911       0.564706       0.442935        0.369302        0.392558
    10    0.764029  0.661017         0.915215      11.752897                   473.905970       0.552941       0.476449        0.347282        0.401738
    11    0.738534  0.661017         0.903521      11.818997                   461.959353       0.541176       0.455616        0.339744        0.388889
    12    0.717378  0.669492         0.915146      11.840003                   450.100880       0.505882       0.519928        0.489286        0.500319
    13    0.698931  0.669492         0.886204      11.824272                   438.445800       0.505882       0.471014        0.483409        0.473810
    14    0.678397  0.688136         0.928772      11.807449                   426.488748       0.505882       0.483696        0.479449        0.461419
    15    0.646537  0.679661         0.946796      11.803794                   414.542993       0.517647       0.511775        0.510344        0.483740
    16    0.637461  0.708475         0.921378      11.799877                   402.606367       0.517647       0.483696        0.514550        0.455556
    17    0.618898  0.727119         0.892446      11.825863                   390.736431       0.564706       0.465580        0.556747        0.474537
    18    0.594712  0.740678         0.934840      11.834245                   378.886006       0.494118       0.519928        0.482520        0.492754
    19    0.573446  0.745763         0.965363      11.855799                   367.072349       0.505882       0.476449        0.506199        0.446777
    20    0.583657  0.745763         0.946908      11.895420                   355.313970       0.494118       0.533514        0.487654        0.496107
    21    0.523465  0.800000         0.979730      11.990121                   343.673172       0.541176       0.526268        0.556581        0.500992
    22    0.501974  0.779661         0.905230      11.861401                   331.955940       0.517647       0.506341        0.501064        0.502385
    23    0.471895  0.816949         0.942347      11.813675                   320.165093       0.517647       0.512681        0.499990        0.499893
    24    0.450032  0.810169         0.933996      11.841672                   308.290225       0.529412       0.540761        0.516936        0.516128
    25    0.430940  0.837288         0.925908      11.910579                   296.583113       0.576471       0.591486        0.563596        0.574586
    26    0.402452  0.849153         0.934629      11.906737                   284.845511       0.588235       0.556159        0.581825        0.554113
    27    0.367518  0.877966         1.001128      11.963617                   273.058541       0.564706       0.506341        0.567090        0.499870
    28    0.350401  0.876271         1.029075      11.961927                   261.257572       0.529412       0.533514        0.524094        0.509224
    29    0.336243  0.891525         0.973875      11.966895                   249.449054       0.564706       0.541667        0.549295        0.537013
    30    0.306135  0.911864         1.021386      11.757426                   237.490269       0.564706       0.555254        0.561827        0.539691
    31    0.288633  0.920339         1.063828      11.742850                   225.535528       0.529412       0.533514        0.524094        0.509224
    32    0.263715  0.935593         1.082460      11.748617                   213.597180       0.576471       0.562500        0.581643        0.548748
    33    0.253035  0.928814         1.053393      11.764715                   201.678576       0.564706       0.555254        0.554422        0.540635
    34    0.237496  0.944068         1.105638      11.766294                   189.769764       0.529412       0.533514        0.524094        0.509224
    35    0.226206  0.944068         1.080491      11.845261                   177.909847       0.541176       0.540761        0.528687        0.521933
    36    0.214383  0.950847         1.092501      11.762131                   166.011175       0.552941       0.548007        0.544341        0.530760
    37    0.204156  0.952542         1.095097      11.767884                   154.121876       0.517647       0.512681        0.499990        0.499893
    38    0.198894  0.954237         1.134259      11.781271                   142.243171       0.552941       0.548007        0.544341        0.530760
    39    0.191300  0.954237         1.134188      11.776832                   130.368226       0.564706       0.555254        0.561827        0.539691
    40    0.184975  0.955932         1.137095      11.788714                   118.501013       0.552941       0.548007        0.544341        0.530760
    41    0.180708  0.957627         1.142914      11.899380                   106.661893       0.552941       0.548007        0.544341        0.530760
    42    0.176015  0.961017         1.145122      11.898592                    94.819722       0.552941       0.548007        0.544341        0.530760
    43    0.172670  0.959322         1.149415      11.841412                    82.965595       0.552941       0.548007        0.544341        0.530760
    44    0.170862  0.964407         1.154442      11.870951                    71.116026       0.552941       0.548007        0.544341        0.530760
    45    0.168626  0.962712         1.156740      11.887919                    59.267356       0.552941       0.548007        0.544341        0.530760
    46    0.167343  0.964407         1.157339      11.986096                    47.425479       0.552941       0.548007        0.544341        0.530760
    47    0.166454  0.964407         1.158759      12.004337                    35.578597       0.552941       0.548007        0.544341        0.530760
    48    0.166001  0.964407         1.159545      11.991961                    23.724614       0.552941       0.548007        0.544341        0.530760
    49    0.165736  0.964407         1.159682      11.979079                    11.864705       0.552941       0.548007        0.544341        0.530760
    50    0.165676  0.964407         1.159682      11.894384                     0.000000       0.552941       0.548007        0.544341        0.530760
