 epoch  train_loss  train_OA  validation_loss  epoch_seconds  estimated_remaining_seconds  validation_OA  validation_AA  validation_APr  validation_AF1
     1    1.319999  0.518764         1.083900       7.587140                   371.808464       0.625954       0.166667        0.104326        0.128326
     2    0.998164  0.631347         0.931047       7.406759                   362.091628       0.625954       0.166667        0.104326        0.128326
     3    0.859368  0.686534         0.793828       7.411268                   352.486513       0.709924       0.263158        0.222796        0.239270
     4    0.762592  0.725166         0.711091       7.510865                   346.185681       0.709924       0.285331        0.315539        0.281506
     5    0.692567  0.748344         0.689273       7.476537                   339.054896       0.740458       0.294657        0.397312        0.288370
     6    0.648525  0.764901         0.622540       7.654510                   333.082156       0.786260       0.380548        0.358995        0.361055
     7    0.603845  0.788079         0.595634       7.489125                   325.603446       0.786260       0.367069        0.368169        0.359591
     8    0.559796  0.802428         0.562013       7.474145                   317.520209       0.770992       0.356265        0.355867        0.350294
     9    0.511074  0.816777         0.555874       7.366061                   309.079807       0.801527       0.358852        0.415617        0.360203
    10    0.466006  0.831126         0.559163       7.493816                   301.365252       0.801527       0.451963        0.529227        0.448953
    11    0.416744  0.854305         0.511772       7.429150                   293.800181       0.816794       0.427116        0.484475        0.431970
    12    0.372101  0.868653         0.489503       7.384332                   285.797380       0.847328       0.412242        0.409239        0.404072
    13    0.313722  0.884106         0.494468       7.441921                   278.053527       0.839695       0.437561        0.477241        0.442548
    14    0.267847  0.908389         0.471011       7.517669                   270.547563       0.870229       0.463517        0.518239        0.474964
    15    0.216019  0.937086         0.493146       7.348700                   262.837374       0.847328       0.445137        0.495729        0.457926
    16    0.189699  0.943709         0.480581       7.392348                   255.080099       0.832061       0.439875        0.454387        0.443224
    17    0.158075  0.951435         0.474368       7.454429                   247.486126       0.870229       0.462321        0.507377        0.473033
    18    0.137111  0.953642         0.558291       7.392175                   239.796901       0.854962       0.447169        0.506261        0.462198
    19    0.123418  0.959161         0.552418       7.510880                   232.332545       0.847328       0.443940        0.569708        0.466497
    20    0.109264  0.960265         0.545612       7.414708                   224.719201       0.832061       0.426397        0.448274        0.433681
    21    0.098838  0.966887         0.542286       7.512337                   217.259531       0.854962       0.451516        0.471662        0.457801
    22    0.090652  0.969095         0.574701       7.524892                   209.810931       0.847328       0.437201        0.462440        0.444539
    23    0.076534  0.974614         0.594551       7.536510                   202.369360       0.854962       0.451516        0.497791        0.464830
    24    0.068792  0.980132         0.568801       7.508596                   194.889939       0.862595       0.453549        0.481036        0.462194
    25    0.059299  0.984547         0.621515       7.460396                   187.359722       0.824427       0.417625        0.443772        0.426868
    26    0.050878  0.988962         0.675669       7.508185                   179.878830       0.809160       0.401277        0.436060        0.413178
    27    0.044447  0.987859         0.661882       7.629484                   172.499113       0.839695       0.440712        0.485409        0.454356
    28    0.037621  0.992274         0.685236       7.510443                   165.007975       0.839695       0.440712        0.485409        0.454356
    29    0.032400  0.994481         0.712148       7.347826                   157.397788       0.816794       0.414396        0.433326        0.421775
    30    0.026965  0.996689         0.745354       7.494197                   149.902617       0.824427       0.424364        0.477992        0.441630
    31    0.023311  0.996689         0.759093       7.433084                   142.369922       0.824427       0.423168        0.552726        0.449107
    32    0.020083  1.000000         0.753995       7.498491                   134.880210       0.832061       0.431940        0.481185        0.447847
    33    0.017219  1.000000         0.763294       7.418164                   127.348472       0.832061       0.431940        0.481185        0.447847
    34    0.015198  1.000000         0.791086       7.420844                   119.824642       0.832061       0.431940        0.557208        0.455910
    35    0.013520  1.000000         0.794882       7.421786                   112.307080       0.816794       0.421135        0.545894        0.445163
    36    0.012205  1.000000         0.807601       7.380197                   104.778627       0.824427       0.423168        0.476703        0.441045
    37    0.011114  1.000000         0.818144       7.380028                    97.258108       0.816794       0.421135        0.545894        0.445163
    38    0.010260  1.000000         0.820052       7.451579                    89.767538       0.816794       0.421135        0.545894        0.445163
    39    0.009523  1.000000         0.839542       7.432819                    82.273634       0.824427       0.423168        0.552726        0.449107
    40    0.008963  1.000000         0.843798       7.349373                    74.761914       0.824427       0.423168        0.552726        0.449107
    41    0.008523  1.000000         0.849684       7.433276                    67.276487       0.824427       0.423168        0.552726        0.449107
    42    0.008129  1.000000         0.851630       7.378327                    59.783017       0.824427       0.423168        0.552726        0.449107
    43    0.007865  1.000000         0.855054       7.360755                    52.291996       0.824427       0.423168        0.552726        0.449107
    44    0.007651  1.000000         0.859365       7.397445                    44.811897       0.824427       0.423168        0.552726        0.449107
    45    0.007498  1.000000         0.859981       7.336870                    37.328688       0.824427       0.423168        0.552726        0.449107
    46    0.007368  1.000000         0.860616       7.327955                    29.851035       0.824427       0.423168        0.552726        0.449107
    47    0.007292  1.000000         0.861792       7.488135                    22.389938       0.824427       0.423168        0.552726        0.449107
    48    0.007251  1.000000         0.862069       7.472859                    14.927054       0.824427       0.423168        0.552726        0.449107
    49    0.007231  1.000000         0.862091       7.399183                     7.462228       0.824427       0.423168        0.552726        0.449107
    50    0.007227  1.000000         0.862091       7.426974                     0.000000       0.824427       0.423168        0.552726        0.449107
