 epoch  train_loss  train_OA  validation_loss  epoch_seconds  estimated_remaining_seconds  validation_OA  validation_AA  validation_APr  validation_AF1
     1    1.380873  0.477925         1.139104       7.574152                   371.174510       0.625954       0.166667        0.104326        0.128326
     2    0.985499  0.631347         0.968287       7.426677                   362.342738       0.625954       0.166667        0.104326        0.128326
     3    0.822656  0.704194         0.854165       7.418698                   352.766250       0.687023       0.260211        0.296349        0.257554
     4    0.714411  0.750552         0.782908       7.472796                   346.012389       0.732824       0.320341        0.338753        0.317573
     5    0.645251  0.775938         0.803880       7.465966                   338.828960       0.717557       0.278232        0.349647        0.285507
     6    0.588231  0.802428         0.716352       7.407472                   330.410056       0.778626       0.349166        0.375379        0.353622
     7    0.533109  0.822296         0.709838       7.383643                   322.728425       0.778626       0.349166        0.372003        0.351875
     8    0.483046  0.831126         0.728956       7.407966                   314.716122       0.786260       0.344459        0.384269        0.352686
     9    0.445731  0.847682         0.700902       7.470958                   307.125043       0.793893       0.353231        0.389141        0.359579
    10    0.392545  0.862031         0.694055       7.256774                   299.037848       0.763359       0.349448        0.346727        0.346944
    11    0.355796  0.879691         0.727168       7.294572                   290.921295       0.786260       0.350002        0.375403        0.355750
    12    0.320490  0.890728         0.760263       7.329203                   283.051563       0.763359       0.342708        0.348051        0.343433
    13    0.289208  0.911700         0.748069       7.332503                   275.274073       0.786260       0.356741        0.375248        0.359051
    14    0.268823  0.919426         0.736562       7.472327                   267.919843       0.778626       0.406626        0.522765        0.426040
    15    0.232485  0.931567         0.810022       7.345880                   260.469496       0.770992       0.384375        0.520164        0.412602
    16    0.207412  0.943709         0.885551       7.255823                   252.633652       0.770992       0.378832        0.523727        0.409774
    17    0.193057  0.943709         0.848867       7.421761                   245.187850       0.770992       0.384375        0.521798        0.412877
    18    0.177097  0.949227         0.874824       7.360661                   237.636029       0.770992       0.384375        0.521798        0.412877
    19    0.159898  0.952539         0.969589       7.372273                   230.123324       0.778626       0.375321        0.545370        0.411120
    20    0.151558  0.952539         0.937792       7.277367                   222.482171       0.763359       0.389082        0.519398        0.415169
    21    0.137798  0.961369         0.944867       7.470712                   215.142601       0.778626       0.386407        0.530093        0.416859
    22    0.119668  0.961369         1.038499       7.463617                   207.782132       0.763359       0.370060        0.520888        0.402553
    23    0.109100  0.966887         0.996181       7.373682                   200.306854       0.793893       0.390472        0.550076        0.425275
    24    0.095245  0.973510         1.012683       7.545765                   193.026433       0.786260       0.421335        0.485044        0.445183
    25    0.085214  0.973510         0.986513       7.495961                   185.770728       0.793893       0.423367        0.495677        0.449471
    26    0.075665  0.980132         1.115696       7.403309                   178.392717       0.793893       0.390472        0.550076        0.425275
    27    0.067112  0.981236         1.076005       7.406521                   170.937693       0.786260       0.381701        0.462385        0.407407
    28    0.058269  0.984547         1.129687       7.495597                   163.556132       0.793893       0.390472        0.550076        0.425275
    29    0.051812  0.987859         1.150391       7.526856                   156.189261       0.793893       0.390472        0.550076        0.425275
    30    0.046519  0.987859         1.162183       7.334092                   148.683208       0.801527       0.473806        0.722189        0.538889
    31    0.040591  0.993377         1.171031       7.465871                   141.324100       0.793893       0.465034        0.634566        0.520899
    32    0.036108  0.994481         1.202600       7.343715                   133.833288       0.801527       0.473806        0.722189        0.538889
    33    0.032978  0.995585         1.239649       7.400161                   126.380435       0.801527       0.473806        0.722189        0.538889
    34    0.028771  0.996689         1.217276       7.666499                   119.056018       0.793893       0.465034        0.634566        0.520899
    35    0.026657  0.998896         1.247739       7.603172                   111.684811       0.801527       0.473806        0.722189        0.538889
    36    0.024532  0.998896         1.271507       7.553176                   104.281247       0.801527       0.473806        0.722189        0.538889
    37    0.022694  0.998896         1.273221       7.398574                    96.815241       0.801527       0.473806        0.722189        0.538889
    38    0.021093  0.998896         1.289775       7.526955                    89.393291       0.801527       0.473806        0.722189        0.538889
    39    0.019954  0.998896         1.288470       7.403293                    81.931060       0.801527       0.473806        0.722189        0.538889
    40    0.018974  1.000000         1.284733       7.393959                    74.469394       0.801527       0.473806        0.722189        0.538889
    41    0.017920  1.000000         1.293543       7.388670                    67.009825       0.801527       0.473806        0.722189        0.538889
    42    0.017320  1.000000         1.301060       7.372314                    59.550481       0.809160       0.481382        0.724385        0.545472
    43    0.016778  1.000000         1.301547       7.411600                    52.115509       0.809160       0.481382        0.724385        0.545472
    44    0.016445  1.000000         1.303064       7.378693                    44.661485       0.809160       0.481382        0.724385        0.545472
    45    0.016151  1.000000         1.305623       7.414181                    37.214742       0.809160       0.481382        0.724385        0.545472
    46    0.015896  1.000000         1.307183       7.423112                    29.770133       0.809160       0.481382        0.724385        0.545472
    47    0.015730  1.000000         1.307918       7.394697                    22.324596       0.809160       0.481382        0.724385        0.545472
    48    0.015652  1.000000         1.308569       7.384922                    14.880736       0.809160       0.481382        0.724385        0.545472
    49    0.015604  1.000000         1.308607       7.374440                     7.439036       0.809160       0.481382        0.724385        0.545472
    50    0.015596  1.000000         1.308607       7.381513                     0.000000       0.809160       0.481382        0.724385        0.545472
