 epoch  train_loss  train_OA  validation_loss  epoch_seconds  estimated_remaining_seconds  validation_OA  validation_AA  validation_APr  validation_AF1
     1    1.210647  0.529989         1.057685      16.475724                   807.345345       0.598485       0.200000        0.119697        0.149763
     2    0.940670  0.629226         0.894573      16.525270                   794.252448       0.674242       0.294627        0.482174        0.293329
     3    0.784216  0.730643         0.767798      16.644764                   780.682247       0.757576       0.410614        0.505392        0.429051
     4    0.660696  0.797165         0.684594      16.549198                   764.465918       0.833333       0.538022        0.523043        0.529285
     5    0.571667  0.825518         0.628573      16.542056                   747.992675       0.840909       0.555180        0.523101        0.538373
     6    0.509589  0.844057         0.608304      16.610386                   731.980412       0.840909       0.545429        0.526374        0.534961
     7    0.462023  0.848419         0.613907      16.596417                   715.105889       0.825758       0.530614        0.519624        0.523438
     8    0.426631  0.858233         0.613852      16.528124                   697.943002       0.848485       0.557712        0.523448        0.539717
     9    0.400474  0.872410         0.608698      16.542529                   681.423332       0.833333       0.547773        0.519540        0.533046
    10    0.368468  0.873501         0.626741      16.553000                   664.538001       0.818182       0.537834        0.504942        0.520821
    11    0.342078  0.884406         0.644536      16.523499                   647.608036       0.803030       0.532771        0.496175        0.513756
    12    0.309068  0.895311         0.687409      16.530464                   630.768023       0.787879       0.508204        0.497124        0.500977
    13    0.280803  0.906216         0.710923      16.565866                   614.076218       0.810606       0.530427        0.504983        0.516947
    14    0.251439  0.909487         0.761676      16.531943                   597.314985       0.810606       0.525551        0.509878        0.516378
    15    0.215680  0.926936         0.849911      16.526807                   580.572078       0.810606       0.530427        0.504983        0.516947
    16    0.185161  0.934569         0.871584      16.607808                   564.028551       0.803030       0.532771        0.503059        0.517461
    17    0.164282  0.942203         0.918512      16.714159                   547.683705       0.795455       0.525363        0.495063        0.509735
    18    0.132677  0.957470         0.997251      16.698316                   531.269556       0.803030       0.527895        0.517385        0.521495
    19    0.111467  0.969466         1.093055      16.653748                   514.752697       0.803030       0.523019        0.514515        0.516977
    20    0.088141  0.978190         1.146834      16.600099                   498.141762       0.810606       0.530427        0.517803        0.522866
    21    0.071361  0.980371         1.175311      16.524421                   481.427117       0.795455       0.525363        0.516175        0.520234
    22    0.056643  0.989095         1.258785      16.679237                   464.926656       0.795455       0.525363        0.514167        0.519174
    23    0.045161  0.990185         1.304188      16.690288                   448.423670       0.780303       0.520300        0.509247        0.514492
    24    0.035178  0.994547         1.361149      16.568495                   431.773007       0.803030       0.527895        0.501587        0.513467
    25    0.029226  0.992366         1.392153      16.573966                   415.134361       0.780303       0.520300        0.507200        0.513436
    26    0.023595  0.996728         1.446711      16.573821                   398.500492       0.795455       0.525363        0.514167        0.519174
    27    0.019000  0.997819         1.460481      16.574997                   381.872043       0.780303       0.520300        0.518022        0.518312
    28    0.015849  0.998909         1.502559      16.540947                   365.220559       0.780303       0.520300        0.502324        0.510290
    29    0.013607  1.000000         1.522778      16.541288                   348.576988       0.780303       0.520300        0.515401        0.517395
    30    0.011529  1.000000         1.554760      16.553699                   331.948424       0.780303       0.520300        0.511355        0.515296
    31    0.010052  1.000000         1.572986      16.539850                   315.316183       0.780303       0.520300        0.513354        0.516339
    32    0.008904  1.000000         1.594196      16.543006                   298.691405       0.780303       0.515424        0.515070        0.513841
    33    0.007808  1.000000         1.606743      16.546955                   282.073585       0.780303       0.520300        0.518022        0.518312
    34    0.007058  1.000000         1.622101      16.650057                   265.508394       0.772727       0.512893        0.514622        0.512420
    35    0.006460  1.000000         1.634071      16.541509                   248.891821       0.780303       0.520300        0.518022        0.518312
    36    0.006001  1.000000         1.647196      16.533701                   232.276383       0.772727       0.512893        0.514622        0.512420
    37    0.005557  1.000000         1.657552      16.654883                   215.707867       0.772727       0.512893        0.514622        0.512420
    38    0.005223  1.000000         1.667818      16.520360                   199.092278       0.772727       0.512893        0.514622        0.512420
    39    0.004963  1.000000         1.673460      16.515339                   182.480108       0.772727       0.512893        0.514622        0.512420
    40    0.004745  1.000000         1.679968      16.522728                   165.874649       0.772727       0.512893        0.514622        0.512420
    41    0.004536  1.000000         1.687340      16.520373                   149.272619       0.772727       0.512893        0.514622        0.512420
    42    0.004398  1.000000         1.691992      16.528381                   132.675961       0.772727       0.512893        0.514622        0.512420
    43    0.004287  1.000000         1.695252      16.531909                   116.083070       0.772727       0.512893        0.514622        0.512420
    44    0.004193  1.000000         1.697938      16.534976                    99.493283       0.772727       0.512893        0.514622        0.512420
    45    0.004124  1.000000         1.699479      16.624769                    82.915878       0.772727       0.512893        0.514622        0.512420
    46    0.004075  1.000000         1.700749      16.531202                    66.328246       0.772727       0.512893        0.514622        0.512420
    47    0.004044  1.000000         1.701830      16.639236                    49.749875       0.772727       0.512893        0.514622        0.512420
    48    0.004024  1.000000         1.702199      16.536422                    33.164661       0.772727       0.512893        0.514622        0.512420
    49    0.004016  1.000000         1.702260      16.539083                    16.581462       0.772727       0.512893        0.514622        0.512420
    50    0.004014  1.000000         1.702260      16.548168                     0.000000       0.772727       0.512893        0.514622        0.512420
