 epoch  train_loss  train_OA  validation_loss  epoch_seconds  estimated_remaining_seconds  validation_OA  validation_AA  validation_APr  validation_AF1
     1    1.025839  0.544068         1.016276       9.853297                   482.848444       0.541176       0.333333        0.180392        0.234097
     2    0.988175  0.544068         0.977985       9.920349                   476.279720       0.541176       0.333333        0.180392        0.234097
     3    0.958398  0.544068         0.949670      10.004460                   467.651597       0.541176       0.333333        0.180392        0.234097
     4    0.917616  0.544068         0.912285      10.104899                   459.490356       0.541176       0.333333        0.180392        0.234097
     5    0.861166  0.586441         0.864099      10.095778                   450.469355       0.576471       0.395833        0.520325        0.344846
     6    0.804700  0.618644         0.828089      10.036171                   441.190653       0.588235       0.457428        0.405815        0.411728
     7    0.761705  0.638983         0.809191       9.982028                   431.346732       0.588235       0.484601        0.395238        0.429181
     8    0.732339  0.630508         0.797821       9.974229                   421.399380       0.588235       0.498188        0.392157        0.435938
     9    0.697774  0.654237         0.740654       9.931608                   411.249993       0.611765       0.506341        0.613850        0.480269
    10    0.670553  0.676271         0.719753       9.867970                   400.875305       0.611765       0.499094        0.469074        0.463119
    11    0.635001  0.706780         0.750332       9.868304                   390.311743       0.588235       0.539855        0.530055        0.505570
    12    0.607098  0.733898         0.719813       9.881898                   380.144536       0.611765       0.584239        0.617600        0.596748
    13    0.578944  0.744068         0.730652       9.880726                   369.998381       0.635294       0.598732        0.640693        0.612220
    14    0.546657  0.769492         0.715638       9.887155                   359.895116       0.647059       0.592391        0.682341        0.620845
    15    0.523341  0.774576         0.725276       9.891820                   349.820030       0.623529       0.585145        0.645549        0.607619
    16    0.480292  0.793220         0.778050       9.890561                   339.605212       0.635294       0.612319        0.618951        0.604008
    17    0.448400  0.818644         0.775165      10.055504                   329.748619       0.600000       0.591486        0.615166        0.602138
    18    0.412177  0.849153         0.773445      10.057156                   319.872613       0.600000       0.577899        0.629372        0.598301
    19    0.368151  0.855932         0.836371      10.058469                   309.979668       0.647059       0.640399        0.629031        0.629198
    20    0.332427  0.881356         0.922310      10.015274                   300.120632       0.611765       0.639493        0.600483        0.616308
    21    0.299986  0.900000         0.942818       9.899949                   289.973886       0.611765       0.625000        0.591076        0.603635
    22    0.264163  0.905085         0.977114      10.040879                   280.028944       0.623529       0.612319        0.617687        0.614096
    23    0.228138  0.928814         1.102688      10.098838                   270.143497       0.611765       0.632246        0.601675        0.614815
    24    0.198071  0.930508         1.150372      10.105430                   260.247472       0.576471       0.583333        0.573136        0.577987
    25    0.164190  0.947458         1.153894      10.062668                   250.291756       0.635294       0.639493        0.615984        0.623698
    26    0.138017  0.949153         1.291031      10.084303                   240.347796       0.611765       0.612319        0.604201        0.607964
    27    0.109452  0.971186         1.314996      10.059607                   230.372351       0.623529       0.619565        0.621373        0.620370
    28    0.086856  0.974576         1.357863      10.007153                   220.349594       0.635294       0.626812        0.651554        0.637901
    29    0.070126  0.981356         1.425555       9.949595                   210.342321       0.635294       0.626812        0.628466        0.627539
    30    0.054061  0.986441         1.564222       9.890179                   200.242385       0.658824       0.668478        0.647811        0.657090
    31    0.040918  0.988136         1.583287       9.886496                   190.198168       0.647059       0.634058        0.637897        0.635558
    32    0.031229  0.996610         1.645061       9.925735                   180.140525       0.658824       0.654891        0.650735        0.651708
    33    0.023812  0.996610         1.702356       9.849607                   170.051609       0.694118       0.703804        0.679731        0.688172
    34    0.019478  1.000000         1.751342       9.850272                   160.012267       0.682353       0.669384        0.688889        0.677664
    35    0.014193  1.000000         1.819145       9.857038                   149.950214       0.670588       0.648551        0.677778        0.661237
    36    0.011455  1.000000         1.879520       9.821536                   139.885698       0.682353       0.682971        0.677288        0.679002
    37    0.008956  1.000000         1.939758       9.832469                   129.838133       0.658824       0.641304        0.668522        0.653411
    38    0.007412  1.000000         1.979716       9.806437                   119.793617       0.694118       0.703804        0.679731        0.688172
    39    0.006209  1.000000         2.011348       9.816072                   109.764012       0.670588       0.682065        0.655095        0.665131
    40    0.005271  1.000000         2.048406       9.875778                    99.759980       0.670588       0.682065        0.655095        0.665131
    41    0.004457  1.000000         2.048553       9.893087                    89.765959       0.694118       0.696558        0.682540        0.686073
    42    0.003976  1.000000         2.070308       9.860300                    79.770463       0.682353       0.689312        0.671784        0.678110
    43    0.003604  1.000000         2.087076       9.883579                    69.784996       0.694118       0.696558        0.682540        0.686073
    44    0.003304  1.000000         2.103301       9.877772                    59.803332       0.694118       0.696558        0.682540        0.686073
    45    0.003090  1.000000         2.112247       9.882306                    49.826756       0.694118       0.696558        0.682540        0.686073
    46    0.002955  1.000000         2.120508       9.768021                    39.844318       0.694118       0.696558        0.682540        0.686073
    47    0.002871  1.000000         2.123470       9.838096                    29.875437       0.694118       0.696558        0.682540        0.686073
    48    0.002825  1.000000         2.125470       9.863106                    19.913013       0.694118       0.696558        0.682540        0.686073
    49    0.002807  1.000000         2.125638       9.757282                     9.952455       0.694118       0.696558        0.682540        0.686073
    50    0.002804  1.000000         2.125638       9.764454                     0.000000       0.694118       0.696558        0.682540        0.686073
