 epoch  train_loss  train_OA  validation_loss  epoch_seconds  estimated_remaining_seconds  validation_OA  validation_AA  validation_APr  validation_AF1
     1    1.671298  0.387417         1.180294       7.572052                   371.066166       0.625954       0.166667        0.104326        0.128326
     2    1.002359  0.632450         0.933437       7.577787                   365.967139       0.625954       0.166667        0.104326        0.128326
     3    0.853074  0.677704         0.828735       7.301200                   353.292039       0.694656       0.278115        0.298605        0.253588
     4    0.765052  0.718543         0.776619       7.373292                   345.213434       0.732824       0.304907        0.344841        0.299550
     5    0.701792  0.750552         0.739338       7.463211                   338.092753       0.725191       0.337330        0.335563        0.327349
     6    0.649871  0.772627         0.716852       7.554417                   331.523604       0.786260       0.353590        0.376347        0.355223
     7    0.606486  0.782561         0.737225       7.395335                   323.707799       0.778626       0.424452        0.526804        0.437353
     8    0.560265  0.795806         0.713832       7.399046                   315.997462       0.824427       0.436647        0.557331        0.458810
     9    0.513940  0.810155         0.689576       7.508973                   308.829201       0.816794       0.412441        0.578615        0.446488
    10    0.469327  0.827815         0.650063       7.383956                   300.705828       0.824427       0.450125        0.547805        0.457170
    11    0.408274  0.854305         0.657912       7.362951                   292.642288       0.824427       0.450125        0.547805        0.457170
    12    0.379675  0.860927         0.885563       7.321449                   284.563909       0.656489       0.368927        0.328033        0.329509
    13    0.335404  0.886313         0.713088       7.390334                   276.798089       0.801527       0.453918        0.532294        0.452712
    14    0.283428  0.905077         0.708965       7.297386                   268.847070       0.809160       0.483302        0.480711        0.478911
    15    0.246911  0.919426         0.787865       7.276426                   261.149106       0.755725       0.475814        0.451245        0.454880
    16    0.215289  0.930464         0.708026       7.414903                   253.590477       0.824427       0.488563        0.500272        0.489558
    17    0.192332  0.939294         0.751576       7.442152                   246.282726       0.816794       0.486531        0.493039        0.485354
    18    0.165254  0.953642         0.758652       7.322884                   238.571981       0.809160       0.476563        0.490641        0.480602
    19    0.152084  0.955850         0.823552       7.328870                   230.911677       0.778626       0.475172        0.465067        0.465252
    20    0.137593  0.964680         0.805165       7.408347                   223.403255       0.809160       0.469823        0.460931        0.465288
    21    0.118279  0.966887         0.819702       7.389249                   215.878763       0.816794       0.485335        0.493660        0.485955
    22    0.103232  0.965784         0.841943       7.499148                   208.505563       0.809160       0.483302        0.487327        0.481837
    23    0.087619  0.972406         0.862389       7.496395                   201.118560       0.816794       0.486531        0.490856        0.485043
    24    0.075703  0.976821         0.888405       7.392938                   193.610156       0.809160       0.477759        0.488139        0.479875
    25    0.062298  0.982340         0.925754       7.388672                   186.106454       0.801527       0.470183        0.484386        0.473991
    26    0.054802  0.985651         0.947194       7.422596                   178.642909       0.801527       0.467791        0.482894        0.473223
    27    0.045096  0.988962         0.969913       7.302204                   171.079846       0.816794       0.485335        0.463977        0.473639
    28    0.039004  0.993377         0.996090       7.286748                   163.523130       0.801527       0.474530        0.487680        0.478782
    29    0.032164  0.996689         1.017907       7.438779                   156.095072       0.793893       0.472498        0.537897        0.490781
    30    0.028078  0.995585         1.016437       7.388075                   148.689891       0.793893       0.466955        0.483872        0.473158
    31    0.023514  0.998896         1.066703       7.284955                   141.164155       0.793893       0.472498        0.482341        0.474908
    32    0.020808  0.998896         1.064624       7.267017                   133.643446       0.801527       0.474530        0.487680        0.478782
    33    0.018091  0.998896         1.085413       7.285430                   126.147467       0.809160       0.476563        0.486068        0.478992
    34    0.016083  1.000000         1.094122       7.260615                   118.652161       0.801527       0.474530        0.543235        0.494655
    35    0.014564  1.000000         1.112379       7.517544                   111.320091       0.801527       0.474530        0.485848        0.477871
    36    0.013094  1.000000         1.118667       7.492472                   103.926697       0.793893       0.466955        0.482084        0.472258
    37    0.012208  1.000000         1.134008       7.464629                    96.518096       0.801527       0.474530        0.485848        0.477871
    38    0.011294  1.000000         1.143099       7.413181                    89.090309       0.801527       0.474530        0.541404        0.493744
    39    0.010651  1.000000         1.153771       7.383040                    81.654751       0.809160       0.476563        0.486068        0.478992
    40    0.010099  1.000000         1.162874       7.260305                    74.191102       0.801527       0.467791        0.481125        0.472323
    41    0.009619  1.000000         1.165245       7.265550                    66.738483       0.793893       0.465758        0.480886        0.471203
    42    0.009308  1.000000         1.172460       7.297114                    59.300731       0.793893       0.465758        0.480886        0.471203
    43    0.008997  1.000000         1.175692       7.357355                    51.879267       0.801527       0.467791        0.481125        0.472323
    44    0.008787  1.000000         1.178439       7.388893                    44.465040       0.793893       0.465758        0.480886        0.471203
    45    0.008621  1.000000         1.181256       7.434333                    37.056903       0.793893       0.465758        0.480886        0.471203
    46    0.008514  1.000000         1.183243       7.427830                    29.647035       0.801527       0.467791        0.481125        0.472323
    47    0.008434  1.000000         1.184071       7.454984                    22.238080       0.801527       0.467791        0.481125        0.472323
    48    0.008391  1.000000         1.184458       7.445715                    14.826805       0.801527       0.467791        0.481125        0.472323
    49    0.008371  1.000000         1.184552       7.425679                     7.413669       0.801527       0.467791        0.481125        0.472323
    50    0.008366  1.000000         1.184552       7.408732                     0.000000       0.801527       0.467791        0.481125        0.472323
