 epoch  train_loss  train_OA  validation_loss  epoch_seconds  estimated_remaining_seconds  validation_OA  validation_AA  validation_APr  validation_AF1
     1    1.837640  0.155629         1.655526       9.920474                   486.138135       0.183206       0.203349        0.097070        0.099673
     2    1.377928  0.602649         1.115953       9.628254                   471.000928       0.709924       0.269897        0.225799        0.244438
     3    0.929215  0.696468         0.842831       9.758554                   461.507804       0.702290       0.267865        0.224311        0.242720
     4    0.753923  0.730684         0.738171       9.686475                   450.169192       0.732824       0.302953        0.232453        0.263056
     5    0.670218  0.758278         0.675651       9.655532                   439.873926       0.763359       0.338799        0.374450        0.323530
     6    0.622512  0.785872         0.631840       9.904470                   431.595152       0.778626       0.359494        0.362074        0.347054
     7    0.582933  0.809051         0.594671       9.871269                   422.646102       0.793893       0.369102        0.371738        0.359069
     8    0.538457  0.824503         0.562722       9.931953                   413.760624       0.832061       0.412524        0.387671        0.397009
     9    0.500880  0.838852         0.530595       9.760701                   403.864589       0.832061       0.412524        0.387671        0.397009
    10    0.457095  0.850993         0.512923       9.695376                   393.397214       0.832061       0.412524        0.390417        0.398923
    11    0.412740  0.866446         0.488128       9.590332                   382.958475       0.854962       0.435251        0.397792        0.414202
    12    0.368061  0.886313         0.482961       9.616252                   372.728548       0.847328       0.438762        0.389712        0.411383
    13    0.321570  0.896247         0.470791       9.638482                   362.437497       0.862595       0.437284        0.407069        0.420312
    14    0.286843  0.907285         0.484127       9.774427                   352.781448       0.832061       0.418067        0.380657        0.397043
    15    0.254583  0.910596         0.478975       9.627889                   342.583568       0.847328       0.438762        0.387564        0.409649
    16    0.222895  0.920530         0.512700       9.771533                   332.761835       0.839695       0.420100        0.389258        0.402824
    17    0.195345  0.927152         0.634829       9.951500                   323.295146       0.824427       0.404948        0.386476        0.393746
    18    0.173292  0.938190         0.611015       9.868071                   313.626179       0.832061       0.412524        0.387274        0.397841
    19    0.150813  0.947020         0.575220       9.886961                   303.967071       0.832061       0.434697        0.380324        0.403907
    20    0.133371  0.952539         0.604068       9.898501                   294.302487       0.824427       0.416035        0.384934        0.398778
    21    0.119918  0.956954         0.578877       9.805152                   284.486614       0.832061       0.439044        0.388312        0.409606
    22    0.107465  0.958057         0.640764       9.806157                   274.695166       0.839695       0.425643        0.397178        0.410626
    23    0.093281  0.966887         0.626475       9.745154                   264.808719       0.824427       0.420382        0.380330        0.398369
    24    0.081650  0.970199         0.652648       9.678408                   254.861747       0.824427       0.427121        0.380684        0.400345
    25    0.067028  0.974614         0.705359       9.669658                   244.927344       0.839695       0.425643        0.391959        0.406504
    26    0.056946  0.979029         0.697483       9.702652                   235.043850       0.816794       0.418349        0.380198        0.397257
    27    0.047923  0.983444         0.726361       9.666411                   225.142718       0.832061       0.423610        0.396059        0.407467
    28    0.040773  0.984547         0.744081       9.678920                   215.268112       0.832061       0.423610        0.393602        0.407382
    29    0.033411  0.988962         0.753935       9.777021                   205.478055       0.854962       0.516552        0.580084        0.533186
    30    0.028060  0.993377         0.741402       9.715627                   195.698308       0.832061       0.510454        0.555897        0.516968
    31    0.023757  0.994481         0.766140       9.738447                   185.885368       0.854962       0.516552        0.471411        0.490798
    32    0.020490  0.993377         0.777232       9.679723                   176.043997       0.854962       0.516552        0.479871        0.495338
    33    0.017105  0.996689         0.766217       9.620067                   166.181667       0.839695       0.512487        0.482503        0.496032
    34    0.014430  0.997792         0.806367       9.657746                   156.351219       0.847328       0.514519        0.465536        0.486460
    35    0.012562  0.998896         0.800296       9.717396                   146.556209       0.847328       0.514519        0.465536        0.486460
    36    0.010187  0.998896         0.829676       9.541475                   136.697069       0.847328       0.514519        0.488043        0.500029
    37    0.008777  0.998896         0.845270       9.638273                   126.889033       0.847328       0.514519        0.469353        0.488753
    38    0.007427  1.000000         0.842678       9.610781                   117.081244       0.847328       0.514519        0.488043        0.500029
    39    0.006265  1.000000         0.862655       9.607471                   107.282573       0.847328       0.514519        0.491359        0.502167
    40    0.005369  1.000000         0.870641       9.789924                    97.539034       0.847328       0.514519        0.491359        0.502167
    41    0.004762  1.000000         0.894835       9.702356                    87.773976       0.847328       0.514519        0.491359        0.502167
    42    0.004226  1.000000         0.900781       9.714085                    78.014114       0.847328       0.514519        0.491359        0.502167
    43    0.003870  1.000000         0.903944       9.699333                    68.253931       0.847328       0.514519        0.491359        0.502167
    44    0.003591  1.000000         0.905039       9.678399                    58.493630       0.847328       0.514519        0.491359        0.502167
    45    0.003423  1.000000         0.910377       9.764401                    48.746493       0.847328       0.514519        0.491359        0.502167
    46    0.003287  1.000000         0.915916       9.655853                    38.989134       0.847328       0.514519        0.491359        0.502167
    47    0.003200  1.000000         0.916573       9.632761                    29.234581       0.847328       0.514519        0.491359        0.502167
    48    0.003156  1.000000         0.917230       9.610007                    19.484132       0.847328       0.514519        0.491359        0.502167
    49    0.003137  1.000000         0.917299       9.593084                     9.739040       0.847328       0.514519        0.491359        0.502167
    50    0.003135  1.000000         0.917299       9.575987                     0.000000       0.847328       0.514519        0.491359        0.502167
