 epoch  train_loss  train_OA  validation_loss  epoch_seconds  estimated_remaining_seconds  validation_OA  validation_AA  validation_APr  validation_AF1
     1    1.294465  0.452563         1.075267      16.461320                   806.643242       0.598485       0.200000        0.121538        0.151196
     2    0.984142  0.609597         0.914045      16.509190                   793.587699       0.666667       0.272593        0.490579        0.269486
     3    0.833535  0.694656         0.749877      16.511944                   778.162171       0.810606       0.486170        0.493320        0.484703
     4    0.694086  0.789531         0.636507      16.635365                   763.583379       0.833333       0.540797        0.491800        0.513506
     5    0.600178  0.817884         0.589645      16.537591                   747.281653       0.825758       0.538265        0.485968        0.508200
     6    0.541301  0.824427         0.560551      16.518111                   730.034645       0.833333       0.540797        0.490000        0.512063
     7    0.487936  0.846238         0.545537      16.542132                   713.142708       0.833333       0.535921        0.497939        0.515820
     8    0.461526  0.851690         0.533872      16.649337                   697.407840       0.833333       0.525120        0.509569        0.515259
     9    0.420751  0.869138         0.527848      16.503449                   680.343602       0.833333       0.535921        0.502794        0.516934
    10    0.393110  0.872410         0.568767      16.537514                   663.907253       0.818182       0.556898        0.559668        0.545410
    11    0.361721  0.889858         0.570666      16.496984                   647.281902       0.803030       0.525795        0.484000        0.497662
    12    0.327005  0.901854         0.526236      16.565416                   630.587635       0.840909       0.538453        0.509832        0.522510
    13    0.291975  0.908397         0.536085      16.504670                   613.740067       0.810606       0.518575        0.484327        0.500264
    14    0.260138  0.917121         0.558227      16.526191                   596.996359       0.810606       0.518575        0.490736        0.502455
    15    0.227557  0.928026         0.587459      16.531583                   580.294332       0.818182       0.530858        0.491777        0.506749
    16    0.201221  0.932388         0.591247      16.582759                   563.722429       0.818182       0.552022        0.558757        0.543952
    17    0.170649  0.952017         0.650061      16.526046                   547.038880       0.818182       0.588863        0.580032        0.578662
    18    0.148396  0.959651         0.665727      16.535897                   530.548223       0.825758       0.612824        0.634444        0.611659
    19    0.122234  0.968375         0.699417      16.541933                   514.062333       0.825758       0.612824        0.620300        0.605705
    20    0.103198  0.968375         0.714265      16.531828                   497.404455       0.848485       0.672763        0.679810        0.665921
    21    0.080674  0.981461         0.726773      16.525522                   480.882258       0.833333       0.572763        0.605730        0.565527
    22    0.065007  0.981461         0.813831      16.629470                   464.361263       0.810606       0.554366        0.554485        0.547253
    23    0.055492  0.989095         0.763471      16.644776                   447.848690       0.825758       0.606898        0.599413        0.596058
    24    0.042005  0.991276         0.859109      16.523841                   431.194170       0.818182       0.615168        0.596032        0.598001
    25    0.033575  0.995638         0.806984      16.528645                   414.554699       0.825758       0.606898        0.596080        0.597472
    26    0.027258  0.997819         0.818998      16.522156                   397.917763       0.825758       0.602022        0.597369        0.592385
    27    0.020937  0.998909         0.879259      16.527482                   381.293825       0.825758       0.606898        0.596080        0.597472
    28    0.017384  1.000000         0.894760      16.525854                   364.675418       0.818182       0.599490        0.587631        0.588984
    29    0.014247  1.000000         0.895911      16.614182                   348.127572       0.818182       0.599490        0.587225        0.587946
    30    0.012283  1.000000         0.927745      16.725797                   331.649487       0.818182       0.556898        0.552046        0.550489
    31    0.010590  1.000000         0.927107      16.454359                   314.988964       0.825758       0.606898        0.593691        0.595650
    32    0.009367  1.000000         0.962173      16.488198                   298.360259       0.818182       0.556898        0.552046        0.550489
    33    0.008317  1.000000         0.952883      16.480741                   281.736210       0.825758       0.606898        0.593691        0.595650
    34    0.007577  1.000000         0.979927      16.736494                   265.240909       0.818182       0.556898        0.556080        0.553027
    35    0.006934  1.000000         0.977032      16.535551                   248.645796       0.818182       0.556898        0.556080        0.553027
    36    0.006432  1.000000         0.990668      16.523099                   232.048968       0.818182       0.556898        0.556080        0.553027
    37    0.005998  1.000000         0.998458      16.546108                   215.464165       0.818182       0.556898        0.556080        0.553027
    38    0.005652  1.000000         1.006070      16.526251                   198.875214       0.818182       0.556898        0.556080        0.553027
    39    0.005360  1.000000         1.012358      16.562387                   182.299499       0.818182       0.556898        0.556080        0.553027
    40    0.005119  1.000000         1.015818      16.437989                   165.693310       0.818182       0.556898        0.556080        0.553027
    41    0.004919  1.000000         1.020406      16.449354                   149.097859       0.818182       0.556898        0.556080        0.553027
    42    0.004767  1.000000         1.023256      16.475107                   132.514163       0.818182       0.556898        0.556080        0.553027
    43    0.004637  1.000000         1.027594      16.609641                   115.957394       0.818182       0.556898        0.556080        0.553027
    44    0.004541  1.000000         1.029380      16.538311                    99.388467       0.818182       0.556898        0.556080        0.553027
    45    0.004469  1.000000         1.030349      16.524349                    82.819310       0.818182       0.556898        0.556080        0.553027
    46    0.004416  1.000000         1.031190      16.532987                    66.252834       0.818182       0.556898        0.556080        0.553027
    47    0.004382  1.000000         1.032134      16.647011                    49.695014       0.818182       0.556898        0.556080        0.553027
    48    0.004362  1.000000         1.032385      16.579876                    33.130665       0.818182       0.556898        0.556080        0.553027
    49    0.004353  1.000000         1.032446      16.524191                    16.564508       0.818182       0.556898        0.556080        0.553027
    50    0.004352  1.000000         1.032446      16.559318                     0.000000       0.818182       0.556898        0.556080        0.553027
