 epoch  train_loss  train_OA  validation_loss  epoch_seconds  estimated_remaining_seconds  validation_OA  validation_AA  validation_APr  validation_AF1
     1    1.433847  0.571744         1.261536       2.422924                   118.756912       0.633588       0.388620        0.363655        0.372881
     2    1.120477  0.674393         1.169159       2.183735                   112.874717       0.641221       0.319320        0.288773        0.298520
     3    0.985751  0.731788         1.029390       2.187953                   107.969627       0.679389       0.367920        0.360867        0.362036
     4    0.930844  0.748344         0.929462       2.178181                   104.310451       0.709924       0.444232        0.431189        0.435436
     5    0.926768  0.739514         0.972559       2.192913                   102.228598       0.664122       0.336504        0.296276        0.312160
     6    0.818122  0.772627         0.882773       2.185545                    99.329477       0.725191       0.453840        0.425742        0.434654
     7    0.807261  0.773731         0.828066       2.194848                    96.691001       0.740458       0.379833        0.393473        0.383723
     8    0.772607  0.766004         0.835642       2.182485                    94.098717       0.732824       0.377801        0.489234        0.394835
     9    0.731232  0.788079         0.830365       2.179008                    91.581254       0.748092       0.508344        0.551632        0.508876
    10    0.745112  0.781457         0.799462       2.190528                    89.557810       0.755725       0.394985        0.504926        0.412007
    11    0.740401  0.793598         0.798413       2.182394                    87.120608       0.748092       0.387409        0.500559        0.406186
    12    0.746678  0.777042         0.761406       2.180854                    84.720890       0.755725       0.396181        0.504241        0.411774
    13    0.717387  0.792494         0.793390       2.185185                    82.367046       0.778626       0.464086        0.518287        0.475909
    14    0.688366  0.809051         0.767134       2.182047                    80.029188       0.755725       0.401724        0.504813        0.415109
    15    0.679405  0.807947         0.775594       2.181987                    77.711959       0.755725       0.396181        0.425732        0.402792
    16    0.670815  0.792494         0.777553       2.179869                    75.406898       0.786260       0.581510        0.650308        0.601335
    17    0.639250  0.804636         0.730800       2.193085                    73.328744       0.763359       0.398214        0.511306        0.416175
    18    0.640919  0.815673         0.720759       2.178014                    71.029513       0.770992       0.411333        0.517735        0.426659
    19    0.669873  0.804636         0.795797       2.186211                    68.756244       0.755725       0.407267        0.503703        0.416995
    20    0.622620  0.809051         0.733017       2.179125                    66.481018       0.778626       0.494666        0.608483        0.513945
    21    0.607207  0.816777         0.739130       2.183512                    64.220941       0.763359       0.409300        0.507583        0.420145
    22    0.638115  0.812362         0.708453       2.182386                    61.966287       0.786260       0.415398        0.528553        0.434159
    23    0.622648  0.812362         0.721158       2.182072                    59.717514       0.770992       0.411333        0.517735        0.426659
    24    0.618415  0.812362         0.750012       2.185147                    57.477589       0.793893       0.439603        0.445635        0.433704
    25    0.586343  0.822296         0.710535       2.185127                    55.241969       0.763359       0.402561        0.516432        0.421690
    26    0.586350  0.821192         0.748244       2.180121                    53.005552       0.778626       0.418908        0.519841        0.431369
    27    0.586323  0.827815         0.739722       2.184106                    50.776676       0.786260       0.583542        0.777385        0.628663
    28    0.575086  0.824503         0.684730       2.185084                    48.626882       0.763359       0.402561        0.513332        0.420247
    29    0.587580  0.830022         0.753766       2.204146                    46.412548       0.763359       0.414843        0.518485        0.428500
    30    0.593378  0.825607         0.727980       2.202624                    44.198096       0.793893       0.591118        0.784052        0.635756
    31    0.567370  0.847682         0.702464       2.164834                    42.019277       0.770992       0.416876        0.517857        0.429361
    32    0.551319  0.824503         0.685791       2.161551                    39.779956       0.778626       0.418908        0.523693        0.433483
    33    0.538048  0.845475         0.684758       2.153589                    37.541199       0.770992       0.405789        0.517929        0.423669
    34    0.586423  0.818985         0.700681       2.148866                    35.305217       0.786260       0.426484        0.520518        0.434975
    35    0.589680  0.827815         0.691305       2.149283                    33.074352       0.786260       0.408658        0.524617        0.428764
    36    0.544063  0.842163         0.676345       2.171530                    30.856639       0.793893       0.417430        0.528830        0.435248
    37    0.568295  0.830022         0.690351       2.157259                    28.636372       0.770992       0.416876        0.517857        0.429361
    38    0.601467  0.820088         0.701141       2.155391                    26.418793       0.778626       0.424452        0.522356        0.435171
    39    0.558357  0.834437         0.728647       2.158924                    24.205382       0.786260       0.432027        0.524691        0.439416
    40    0.562536  0.835541         0.675105       2.156729                    21.994108       0.778626       0.389996        0.527230        0.416859
    41    0.526293  0.835541         0.685165       2.174314                    19.789333       0.793893       0.428517        0.528431        0.440412
    42    0.543992  0.833333         0.685748       2.172188                    17.585565       0.793893       0.428517        0.531571        0.442149
    43    0.538835  0.842163         0.691283       2.222578                    15.391434       0.786260       0.426484        0.526786        0.438615
    44    0.534971  0.846578         0.700878       2.172837                    13.189207       0.786260       0.432027        0.526683        0.440786
    45    0.553021  0.836645         0.726102       2.150634                    10.985789       0.778626       0.429995        0.524460        0.438267
    46    0.552076  0.831126         0.696598       2.153525                     8.784897       0.778626       0.424452        0.522356        0.435171
    47    0.548485  0.832230         0.701917       2.158548                     6.586307       0.786260       0.432027        0.526683        0.440786
    48    0.558051  0.832230         0.703883       2.148660                     4.388947       0.786260       0.432027        0.526683        0.440786
    49    0.516519  0.842163         0.711426       2.155498                     2.193691       0.786260       0.432027        0.526683        0.440786
    50    0.518658  0.843267         0.695396       2.152958                     0.000000       0.786260       0.432027        0.526683        0.440786
