 epoch  train_loss  train_OA  validation_loss  epoch_seconds  estimated_remaining_seconds  validation_OA  validation_AA  validation_APr  validation_AF1
     1    1.268607  0.581342         1.171051       9.643731                   472.579999       0.645669       0.250000        0.161417        0.196172
     2    1.025280  0.649602         0.934160       9.491865                   461.066017       0.645669       0.250000        0.161417        0.196172
     3    0.820651  0.649602         0.773507       9.472400                   449.386784       0.645669       0.250000        0.161417        0.196172
     4    0.668412  0.733788         0.649214       9.477667                   438.870356       0.755906       0.452634        0.619048        0.423143
     5    0.568376  0.810011         0.606712       9.522303                   429.847070       0.748031       0.486434        0.479539        0.460073
     6    0.519340  0.821388         0.612780       9.310091                   419.074995       0.763780       0.492531        0.518454        0.463821
     7    0.482587  0.827076         0.587406       9.407893                   409.275369       0.771654       0.537154        0.524694        0.517880
     8    0.440477  0.848692         0.596473       9.341664                   399.229636       0.787402       0.543252        0.549794        0.532084
     9    0.405804  0.860068         0.600399       9.298661                   389.120269       0.803150       0.557664        0.579118        0.546183
    10    0.361866  0.882821         0.625887       9.518242                   380.039120       0.826772       0.575125        0.597446        0.574312
    11    0.323709  0.893060         0.659719       9.391286                   370.429482       0.826772       0.575125        0.599702        0.570167
    12    0.285119  0.907850         0.737567       9.429652                   360.716615       0.834646       0.578174        0.613881        0.580090
    13    0.254324  0.906712         0.717352       9.137728                   350.426348       0.818898       0.572077        0.592222        0.564078
    14    0.219488  0.920364         0.749000       9.162795                   340.164734       0.850394       0.592587        0.628973        0.598214
    15    0.191513  0.929465         0.837180       9.230121                   330.379168       0.834646       0.578174        0.607054        0.581071
    16    0.169858  0.943117         0.876839       9.189804                   320.410941       0.842520       0.581223        0.623480        0.586832
    17    0.150521  0.945392         0.898842       9.383305                   310.909646       0.842520       0.581223        0.623480        0.586832
    18    0.130622  0.951081         0.990559       9.527301                   301.677488       0.826772       0.566811        0.599987        0.569285
    19    0.118911  0.954494         1.101739       9.272024                   291.997740       0.834646       0.568065        0.618860        0.578176
    20    0.103345  0.962457         1.154516       9.320457                   282.431357       0.842520       0.571114        0.638210        0.584171
    21    0.092886  0.964733         1.143606       9.366692                   272.952146       0.834646       0.568065        0.618860        0.578176
    22    0.085364  0.967008         1.206161       9.299517                   263.397608       0.850394       0.594381        0.637979        0.594372
    23    0.076740  0.969283         1.272198       9.456862                   254.049794       0.834646       0.568065        0.628275        0.577504
    24    0.070530  0.970421         1.328125       9.498343                   244.737838       0.834646       0.568065        0.611575        0.574332
    25    0.064598  0.974972         1.377338       9.441705                   235.354321       0.842520       0.572908        0.631340        0.576756
    26    0.059480  0.977247         1.308171       9.335275                   225.867979       0.834646       0.578174        0.613881        0.580090
    27    0.055046  0.979522         1.418543       9.330628                   216.388785       0.842520       0.581223        0.633221        0.586105
    28    0.049072  0.982935         1.447273       9.359010                   206.942447       0.842520       0.581223        0.633221        0.586105
    29    0.042979  0.987486         1.481513       9.303036                   197.461598       0.834646       0.568065        0.611575        0.574332
    30    0.037638  0.988623         1.406175       9.351481                   188.024853       0.826772       0.565016        0.595149        0.568571
    31    0.032729  0.989761         1.505114       9.291172                   178.556592       0.834646       0.568065        0.618860        0.578176
    32    0.027988  0.989761         1.455849       9.379097                   169.149008       0.834646       0.568065        0.611575        0.574332
    33    0.023605  0.990899         1.551185       9.276599                   159.690128       0.834646       0.568065        0.611575        0.574332
    34    0.019572  0.990899         1.536337       9.321543                   150.263042       0.834646       0.568065        0.611575        0.574332
    35    0.016169  0.993174         1.572797       9.381293                   140.867595       0.834646       0.568065        0.611575        0.574332
    36    0.013611  0.995449         1.575334       9.365957                   131.466900       0.834646       0.568065        0.611575        0.574332
    37    0.010977  0.997725         1.595572       9.353674                   122.063725       0.834646       0.568065        0.611575        0.574332
    38    0.009190  1.000000         1.607889       9.418911                   112.683718       0.842520       0.581223        0.633221        0.586105
    39    0.007788  1.000000         1.627099       9.368733                   103.287826       0.842520       0.581223        0.633221        0.586105
    40    0.006409  1.000000         1.628798       9.338775                    93.885440       0.834646       0.568065        0.611575        0.574332
    41    0.005687  1.000000         1.642926       9.217679                    84.459547       0.850394       0.643723        0.892420        0.691288
    42    0.004871  1.000000         1.649845       9.374523                    75.088026       0.842520       0.581223        0.633221        0.586105
    43    0.004400  1.000000         1.656220       9.286591                    65.685960       0.850394       0.643723        0.892420        0.691288
    44    0.004075  1.000000         1.662645       9.377956                    56.301559       0.842520       0.630565        0.765039        0.667249
    45    0.003779  1.000000         1.664874       9.210861                    46.898867       0.842520       0.630565        0.765039        0.667249
    46    0.003631  1.000000         1.666560       9.132801                    37.497681       0.842520       0.630565        0.765039        0.667249
    47    0.003512  1.000000         1.667636       9.244700                    28.115027       0.842520       0.630565        0.765039        0.667249
    48    0.003448  1.000000         1.668120       9.314269                    18.740990       0.842520       0.630565        0.765039        0.667249
    49    0.003427  1.000000         1.668224       9.250071                     9.368053       0.842520       0.630565        0.765039        0.667249
    50    0.003424  1.000000         1.668224       9.424318                     0.000000       0.842520       0.630565        0.765039        0.667249
