 epoch  train_loss  train_OA  validation_loss  epoch_seconds  estimated_remaining_seconds  validation_OA  validation_AA  validation_APr  validation_AF1
     1    1.091860  0.349153         1.044022       9.888362                   484.567669       0.588235       0.420290        0.399573        0.385436
     2    1.013514  0.542373         0.978168       9.885660                   476.338973       0.541176       0.333333        0.180392        0.234097
     3    0.963966  0.544068         0.942749       9.972985                   467.197045       0.541176       0.333333        0.180392        0.234097
     4    0.926313  0.544068         0.895263      10.030995                   458.307220       0.552941       0.354167        0.515873        0.275113
     5    0.868808  0.584746         0.837908       9.877914                   447.583675       0.635294       0.527174        0.478691        0.484594
     6    0.810332  0.613559         0.794579       9.891788                   437.795512       0.647059       0.541667        0.814815        0.514461
     7    0.755031  0.645763         0.761029       9.822572                   427.529970       0.647059       0.562500        0.654600        0.547870
     8    0.719259  0.649153         0.741016       9.780004                   417.105614       0.635294       0.576993        0.641217        0.587673
     9    0.681806  0.677966         0.725033       9.814135                   406.994973       0.658824       0.605978        0.676228        0.623773
    10    0.651962  0.700000         0.714883       9.806217                   396.873536       0.682353       0.620471        0.712752        0.639350
    11    0.622295  0.711864         0.697247       9.770040                   386.681872       0.694118       0.634964        0.710116        0.650794
    12    0.592860  0.732203         0.693658       9.738020                   376.437664       0.717647       0.663949        0.757663        0.693754
    13    0.569124  0.754237         0.707053       9.749490                   366.291983       0.682353       0.642210        0.714983        0.668731
    14    0.544017  0.759322         0.670645       9.745453                   355.997142       0.741176       0.678442        0.795299        0.711241
    15    0.518646  0.774576         0.694191       9.762522                   345.979582       0.623529       0.613225        0.623723        0.618202
    16    0.492667  0.788136         0.672889       9.720600                   335.746517       0.705882       0.663043        0.725506        0.677158
    17    0.467298  0.806780         0.678934       9.715029                   325.562812       0.729412       0.670290        0.792471        0.686413
    18    0.439408  0.818644         0.710949       9.762356                   315.515096       0.729412       0.655797        0.844689        0.668862
    19    0.419918  0.837288         0.672241       9.682926                   305.367882       0.729412       0.691123        0.754751        0.701162
    20    0.385938  0.859322         0.675471       9.729122                   295.336291       0.717647       0.691123        0.716118        0.693957
    21    0.362947  0.855932         0.716246       9.706458                   285.302063       0.682353       0.642210        0.681173        0.654166
    22    0.339264  0.867797         0.721300       9.765087                   275.372242       0.682353       0.642210        0.681173        0.654166
    23    0.309528  0.879661         0.721607       9.834156                   265.537746       0.705882       0.656703        0.716270        0.674785
    24    0.284321  0.896610         0.750336       9.733269                   255.593925       0.658824       0.634964        0.650340        0.641822
    25    0.262140  0.898305         0.740420       9.748587                   245.682186       0.717647       0.670290        0.731354        0.683631
    26    0.237846  0.920339         0.801517       9.739632                   235.774662       0.729412       0.692935        0.736767        0.711012
    27    0.216946  0.933898         0.768136       9.963573                   226.070277       0.694118       0.684783        0.693599        0.688838
    28    0.193649  0.937288         0.774907       9.966210                   216.349407       0.729412       0.692029        0.727636        0.704024
    29    0.176649  0.954237         0.821404       9.795826                   206.488199       0.729412       0.692029        0.727636        0.704024
    30    0.156261  0.957627         0.829393       9.940777                   196.727877       0.717647       0.684783        0.713960        0.695430
    31    0.142698  0.966102         0.854033       9.945907                   186.959057       0.729412       0.705616        0.730109        0.712670
    32    0.126869  0.971186         0.889576       9.802457                   177.141275       0.741176       0.699275        0.742747        0.712765
    33    0.115126  0.969492         0.925158       9.789421                   167.312234       0.682353       0.663043        0.679365        0.670345
    34    0.104668  0.976271         0.918389       9.913487                   157.504428       0.694118       0.677536        0.691540        0.684069
    35    0.092171  0.979661         0.945932       9.894617                   147.682411       0.694118       0.670290        0.690000        0.678607
    36    0.085177  0.983051         0.976509       9.926119                   137.868537       0.694118       0.670290        0.690000        0.678607
    37    0.077072  0.986441         0.978157       9.943220                   128.054589       0.682353       0.670290        0.681714        0.675705
    38    0.070071  0.989831         1.004830       9.890554                   118.217184       0.670588       0.663043        0.672464        0.667408
    39    0.065604  0.989831         1.015616       9.896454                   108.378654       0.670588       0.655797        0.669444        0.662162
    40    0.060772  0.989831         1.037866      10.014741                    98.566760       0.682353       0.663043        0.679365        0.670345
    41    0.057334  0.989831         1.042713      10.058590                    88.754567       0.682353       0.670290        0.681714        0.675705
    42    0.054695  0.991525         1.053170      10.075757                    78.933870       0.670588       0.655797        0.669444        0.662162
    43    0.052572  0.989831         1.060272       9.964371                    69.083154       0.682353       0.670290        0.681714        0.675705
    44    0.050999  0.991525         1.067468       9.866324                    59.216049       0.682353       0.670290        0.681714        0.675705
    45    0.049647  0.991525         1.069402       9.839693                    49.343501       0.682353       0.670290        0.681714        0.675705
    46    0.048883  0.993220         1.070997       9.922046                    39.479504       0.682353       0.670290        0.681714        0.675705
    47    0.048377  0.993220         1.073937      10.014974                    29.618938       0.682353       0.670290        0.681714        0.675705
    48    0.048053  0.993220         1.074274      10.040903                    19.752986       0.682353       0.670290        0.681714        0.675705
    49    0.047919  0.993220         1.074446       9.902439                     9.877039       0.682353       0.670290        0.681714        0.675705
    50    0.047899  0.993220         1.074446       9.817978                     0.000000       0.682353       0.670290        0.681714        0.675705
