 epoch  train_loss  train_OA  validation_loss  epoch_seconds  estimated_remaining_seconds  validation_OA  validation_AA  validation_APr  validation_AF1
     1    1.211661  0.232203         1.149712       9.702349                   475.453619       0.270588       0.434783        0.223128        0.245148
     2    1.041734  0.489831         1.012190       9.703205                   467.535811       0.517647       0.318841        0.176707        0.227390
     3    0.944139  0.545763         0.978812       9.698276                   457.148015       0.541176       0.333333        0.180392        0.234097
     4    0.888259  0.561017         0.942054       9.701207                   447.139099       0.564706       0.415761        0.424242        0.377990
     5    0.825270  0.611864         0.907103       9.699781                   437.883780       0.529412       0.448370        0.354167        0.394652
     6    0.769378  0.638983         0.891872       9.742287                   428.783698       0.529412       0.475543        0.358757        0.408855
     7    0.728668  0.645763         0.886166       9.738232                   419.468466       0.494118       0.453804        0.334064        0.383981
     8    0.695987  0.666102         0.889291       9.752125                   409.701900       0.505882       0.474638        0.344524        0.397736
     9    0.666275  0.691525         0.898126       9.762439                   399.985070       0.517647       0.481884        0.347135        0.402242
    10    0.645947  0.698305         0.898983       9.787136                   390.358083       0.529412       0.524457        0.489561        0.462768
    11    0.622112  0.715254         0.872156       9.775488                   380.917050       0.552941       0.531703        0.495085        0.464658
    12    0.591727  0.740678         0.851672       9.774673                   371.415056       0.541176       0.554348        0.518413        0.523212
    13    0.566558  0.764407         0.847818       9.863924                   362.108801       0.529412       0.540761        0.511113        0.518157
    14    0.548240  0.755932         0.863792       9.936870                   352.710084       0.541176       0.560688        0.522979        0.517852
    15    0.511946  0.781356         0.886314       9.937419                   343.240741       0.541176       0.560688        0.522979        0.517852
    16    0.498805  0.783051         0.876850       9.934313                   333.706247       0.529412       0.539855        0.511785        0.504765
    17    0.472863  0.805085         0.873663       9.900210                   324.058344       0.541176       0.519928        0.518730        0.507695
    18    0.448071  0.822034         0.897439       9.939035                   314.451464       0.517647       0.512681        0.500000        0.496098
    19    0.418435  0.823729         0.903659       9.933880                   304.801120       0.517647       0.511775        0.485176        0.482622
    20    0.397813  0.833898         0.895072       9.926341                   295.111019       0.529412       0.548913        0.514556        0.523119
    21    0.364574  0.859322         0.938130       9.941638                   285.419580       0.517647       0.505435        0.491972        0.487296
    22    0.335916  0.867797         1.058702       9.869039                   275.612795       0.600000       0.578804        0.586679        0.582515
    23    0.306424  0.888136         0.999996       9.761385                   265.762099       0.517647       0.512681        0.494383        0.494750
    24    0.282864  0.888136         1.022742       9.770704                   255.841501       0.576471       0.564312        0.555778        0.558375
    25    0.256760  0.905085         1.100817       9.764980                   245.927028       0.576471       0.564312        0.559621        0.561574
    26    0.233586  0.916949         1.089022       9.852625                   236.104970       0.541176       0.513587        0.516863        0.511193
    27    0.209480  0.927119         1.187386      10.065878                   226.462244       0.541176       0.499094        0.511871        0.494248
    28    0.191657  0.942373         1.148685       9.880751                   216.644126       0.576471       0.549819        0.555991        0.551075
    29    0.173913  0.942373         1.224672       9.952604                   206.873342       0.564706       0.549819        0.549819        0.549819
    30    0.156970  0.954237         1.244453       9.983957                   197.111237       0.600000       0.564312        0.576078        0.565359
    31    0.143170  0.959322         1.237167       9.821568                   187.235290       0.588235       0.570652        0.563643        0.564260
    32    0.129057  0.961017         1.321677       9.836837                   177.371287       0.600000       0.563406        0.577453        0.559110
    33    0.117824  0.971186         1.269423       9.896142                   167.539421       0.588235       0.570652        0.563643        0.564260
    34    0.108122  0.976271         1.350790       9.828532                   157.671920       0.588235       0.563406        0.565051        0.556575
    35    0.100631  0.977966         1.329510       9.796584                   147.792919       0.588235       0.570652        0.564618        0.562841
    36    0.091728  0.983051         1.350837       9.801801                   137.920488       0.588235       0.570652        0.568957        0.567575
    37    0.084563  0.983051         1.396097       9.788201                   128.047063       0.588235       0.557065        0.573333        0.563865
    38    0.081051  0.984746         1.429746       9.837447                   118.193634       0.600000       0.577899        0.581255        0.576224
    39    0.075792  0.984746         1.412933       9.977565                   108.380485       0.588235       0.557065        0.569605        0.561508
    40    0.072332  0.984746         1.440202       9.986152                    98.561241       0.600000       0.564312        0.584589        0.572210
    41    0.069076  0.984746         1.438543      10.013541                    88.739832       0.600000       0.564312        0.584589        0.572210
    42    0.066596  0.984746         1.480695      10.034639                    78.913250       0.611765       0.571558        0.596724        0.580640
    43    0.064511  0.984746         1.472744      10.038864                    69.077651       0.600000       0.564312        0.584589        0.572210
    44    0.062990  0.986441         1.479800      10.035329                    59.232298       0.611765       0.571558        0.596724        0.580640
    45    0.061853  0.986441         1.486656       9.878076                    49.360994       0.600000       0.564312        0.584589        0.572210
    46    0.060965  0.986441         1.490061      10.041855                    39.503610       0.600000       0.564312        0.584589        0.572210
    47    0.060434  0.986441         1.494196      10.078721                    29.640714       0.600000       0.564312        0.584589        0.572210
    48    0.060131  0.986441         1.494823      10.077933                    19.768745       0.611765       0.571558        0.596724        0.580640
    49    0.059973  0.986441         1.494841       9.907479                     9.884860       0.611765       0.571558        0.596724        0.580640
    50    0.059952  0.986441         1.494841       9.893622                     0.000000       0.611765       0.571558        0.596724        0.580640
