 epoch  train_loss  train_OA  validation_loss  epoch_seconds  estimated_remaining_seconds  validation_OA  validation_AA  validation_APr  validation_AF1
     1    1.647048  0.140676         1.513139      14.336731                   702.537596       0.484848       0.196156        0.185152        0.187664
     2    1.293191  0.594329         1.127158      14.435158                   692.355148       0.598485       0.200000        0.119697        0.149763
     3    0.989277  0.605234         0.928083      14.465030                   678.584136       0.613636       0.219691        0.242835        0.188956
     4    0.781143  0.727372         0.731411      14.490697                   665.622156       0.818182       0.494627        0.526333        0.504484
     5    0.602274  0.833152         0.608113      14.495484                   652.057990       0.848485       0.551786        0.524954        0.536934
     6    0.510073  0.846238         0.570104      14.553015                   638.580592       0.840909       0.555180        0.513937        0.533738
     7    0.461319  0.858233         0.572161      14.572984                   624.439367       0.833333       0.536971        0.521587        0.528251
     8    0.421346  0.866957         0.590260      14.604071                   610.356679       0.833333       0.547773        0.514410        0.530518
     9    0.403584  0.868048         0.575076      14.538463                   595.855871       0.833333       0.573813        0.562718        0.564833
    10    0.384058  0.880044         0.563087      14.561897                   581.740571       0.833333       0.573813        0.562718        0.564833
    11    0.368352  0.881134         0.578610      14.493528                   567.022547       0.840909       0.576345        0.583074        0.571597
    12    0.347232  0.887677         0.568936      14.487555                   552.547316       0.840909       0.571469        0.592337        0.573869
    13    0.329334  0.890949         0.576235      14.540528                   538.212479       0.848485       0.578876        0.592508        0.577631
    14    0.310299  0.895311         0.595327      14.506096                   523.761527       0.840909       0.571469        0.592337        0.573869
    15    0.289693  0.901854         0.658914      14.460252                   509.007249       0.833333       0.568937        0.579490        0.566074
    16    0.275288  0.907306         0.630300      14.417863                   494.199722       0.848485       0.595164        0.630455        0.606214
    17    0.253972  0.914940         0.652433      14.396535                   479.543105       0.848485       0.595164        0.630455        0.606214
    18    0.228175  0.922574         0.714673      14.437878                   464.846425       0.833333       0.590101        0.617267        0.597092
    19    0.210259  0.932388         0.721514      14.399071                   450.113321       0.833333       0.590101        0.617267        0.597092
    20    0.183303  0.937841         0.727350      14.364785                   435.362240       0.848485       0.595164        0.637121        0.609231
    21    0.167304  0.944384         0.727418      14.347717                   420.726856       0.856061       0.602572        0.671788        0.621179
    22    0.143121  0.958561         0.741406      14.348215                   406.113794       0.848485       0.600040        0.664987        0.616804
    23    0.118010  0.965104         0.780081      14.378607                   391.463661       0.848485       0.600040        0.664987        0.616804
    24    0.104708  0.969466         0.824863      14.396520                   376.855165       0.856061       0.602572        0.671788        0.621179
    25    0.084217  0.973828         0.841759      14.458296                   362.325389       0.848485       0.600040        0.664987        0.616804
    26    0.068692  0.981461         0.976329      14.518119                   347.856196       0.856061       0.597696        0.668889        0.616744
    27    0.054770  0.986914         0.987202      14.479704                   333.350635       0.833333       0.559186        0.633757        0.575016
    28    0.047738  0.986914         1.053426      14.455222                   318.827637       0.848485       0.590289        0.667440        0.611882
    29    0.037598  0.992366         1.058847      14.465031                   304.316383       0.833333       0.559186        0.635672        0.576085
    30    0.028807  0.993457         1.165469      14.508561                   289.837133       0.856061       0.597696        0.668889        0.616744
    31    0.021751  0.995638         1.116701      14.519291                   275.362536       0.840909       0.561717        0.636004        0.577397
    32    0.016584  1.000000         1.192326      14.552665                   260.903883       0.833333       0.559186        0.633757        0.575016
    33    0.012302  1.000000         1.282815      14.518384                   246.421789       0.848485       0.569125        0.635556        0.581189
    34    0.009313  1.000000         1.283580      14.543854                   231.949544       0.840909       0.561717        0.634106        0.576326
    35    0.006749  1.000000         1.293571      14.521779                   217.463688       0.840909       0.566593        0.635206        0.579879
    36    0.005153  1.000000         1.338534      14.537095                   202.981753       0.840909       0.566593        0.635206        0.579879
    37    0.004024  1.000000         1.348509      14.520538                   188.490990       0.840909       0.566593        0.635206        0.579879
    38    0.003147  1.000000         1.399330      14.468141                   173.982090       0.840909       0.566593        0.635206        0.579879
    39    0.002589  1.000000         1.420535      14.390335                   159.453272       0.840909       0.566593        0.635206        0.579879
    40    0.002113  1.000000         1.455046      14.450753                   144.946474       0.840909       0.566593        0.635206        0.579879
    41    0.001785  1.000000         1.469354      14.395897                   130.430304       0.840909       0.566593        0.635206        0.579879
    42    0.001563  1.000000         1.493329      14.354145                   115.911864       0.840909       0.566593        0.635206        0.579879
    43    0.001383  1.000000         1.506366      14.337998                   101.398422       0.840909       0.566593        0.635206        0.579879
    44    0.001272  1.000000         1.514102      14.327981                    86.891559       0.840909       0.566593        0.635206        0.579879
    45    0.001198  1.000000         1.514683      14.445592                    72.405676       0.840909       0.566593        0.635206        0.579879
    46    0.001137  1.000000         1.520779      14.455152                    57.922343       0.840909       0.566593        0.635206        0.579879
    47    0.001107  1.000000         1.523779      14.372688                    43.434923       0.840909       0.566593        0.635206        0.579879
    48    0.001086  1.000000         1.524283      14.407585                    28.953699       0.840909       0.566593        0.635206        0.579879
    49    0.001079  1.000000         1.524406      14.502137                    14.477380       0.840909       0.566593        0.635206        0.579879
    50    0.001078  1.000000         1.524406      14.491909                     0.000000       0.840909       0.566593        0.635206        0.579879
