 epoch  train_loss  train_OA  validation_loss  epoch_seconds  estimated_remaining_seconds  validation_OA  validation_AA  validation_APr  validation_AF1
     1    1.181072  0.621592         1.205985       5.596277                   274.252047       0.681818       0.522130        0.489229        0.463777
     2    0.883827  0.767721         1.054244       5.521055                   269.133395       0.727273       0.537320        0.477013        0.491840
     3    0.784946  0.789531         0.998521       5.547243                   264.062169       0.742424       0.600999        0.523754        0.555009
     4    0.728076  0.797165         1.062477       5.547038                   258.722281       0.734848       0.534976        0.502728        0.501670
     5    0.706547  0.808070         0.903367       5.554512                   252.475665       0.734848       0.534976        0.505275        0.503575
     6    0.687032  0.816794         0.928222       5.535338                   246.317855       0.742424       0.548920        0.510782        0.526508
     7    0.653853  0.818975         0.892216       5.545095                   240.398060       0.757576       0.542570        0.564648        0.527736
     8    0.614052  0.833152         0.931245       5.584332                   234.777566       0.742424       0.527756        0.490730        0.500625
     9    0.637877  0.823337         0.874912       5.653009                   229.477923       0.765152       0.540226        0.560793        0.525743
    10    0.616822  0.839695         0.834631       5.545910                   223.679260       0.750000       0.520536        0.522871        0.517439
    11    0.592607  0.841876         0.837702       5.546299                   217.927698       0.757576       0.532819        0.508499        0.513560
    12    0.580564  0.837514         0.864038       5.642422                   212.514613       0.742424       0.570084        0.539149        0.552098
    13    0.566031  0.841876         0.851936       5.662717                   207.123929       0.727273       0.512941        0.487566        0.495886
    14    0.528503  0.849509         0.797817       5.672266                   201.718900       0.757576       0.596311        0.551992        0.570833
    15    0.546136  0.845147         0.839929       5.548370                   196.214954       0.727273       0.512941        0.504941        0.498455
    16    0.545855  0.840785         0.823414       5.556834                   190.505454       0.742424       0.518004        0.513659        0.510772
    17    0.507225  0.849509         0.780209       5.553987                   184.808291       0.765152       0.572803        0.565750        0.569105
    18    0.518709  0.853871         0.767818       5.542062                   179.105855       0.757576       0.523067        0.517662        0.515773
    19    0.521165  0.844057         0.769420       5.555928                   173.442946       0.765152       0.525599        0.521438        0.519317
    20    0.479979  0.860414         0.781403       5.539486                   167.765829       0.750000       0.520536        0.533929        0.517923
    21    0.505301  0.854962         0.779666       5.537702                   162.099280       0.750000       0.515660        0.504988        0.508153
    22    0.488879  0.842966         0.741454       5.531775                   156.436941       0.757576       0.523067        0.532187        0.518345
    23    0.509983  0.845147         0.737370       5.656942                   150.932889       0.772727       0.575335        0.562001        0.568317
    24    0.464644  0.864776         0.783675       5.655094                   145.413859       0.750000       0.541700        0.531255        0.534872
    25    0.467226  0.863686         0.800988       5.647559                   139.876396       0.734848       0.515473        0.501571        0.503226
    26    0.465107  0.859324         0.769887       5.644613                   134.327661       0.750000       0.520536        0.508983        0.510342
    27    0.470246  0.865867         0.754560       5.646049                   128.773032       0.765152       0.593967        0.561823        0.574863
    28    0.445287  0.868048         0.756375       5.515415                   123.205309       0.757576       0.523067        0.537716        0.521486
    29    0.459428  0.861505         0.761202       5.516903                   117.545196       0.757576       0.570271        0.545674        0.557164
    30    0.435820  0.866957         0.741294       5.522666                   111.898532       0.757576       0.523067        0.534329        0.519410
    31    0.443203  0.853871         0.776515       5.506888                   106.250032       0.750000       0.520536        0.530736        0.515914
    32    0.435103  0.865867         0.727527       5.514446                   100.614623       0.772727       0.528131        0.525417        0.522913
    33    0.473700  0.863686         0.749407       5.512086                    94.985561       0.750000       0.515660        0.504988        0.508153
    34    0.450596  0.871320         0.744722       5.516081                    89.364931       0.757576       0.523067        0.534329        0.519410
    35    0.433649  0.868048         0.730431       5.515348                    83.749938       0.765152       0.572803        0.557741        0.564672
    36    0.445497  0.862595         0.734254       5.532226                    78.146992       0.750000       0.520536        0.514069        0.512278
    37    0.457261  0.856052         0.721068       5.515671                    72.542036       0.772727       0.528131        0.525417        0.522913
    38    0.445104  0.866957         0.722932       5.518874                    66.942733       0.757576       0.544231        0.535064        0.538392
    39    0.443631  0.864776         0.731528       5.500170                    61.342250       0.757576       0.523067        0.517662        0.515773
    40    0.424237  0.872410         0.728328       5.594163                    55.770259       0.750000       0.520536        0.530736        0.515914
    41    0.431788  0.873501         0.719481       5.552069                    50.187897       0.765152       0.551639        0.551049        0.548153
    42    0.436931  0.861505         0.753020       5.503829                    44.597763       0.757576       0.549107        0.547263        0.544590
    43    0.446510  0.871320         0.737126       5.534776                    39.016647       0.750000       0.520536        0.514069        0.512278
    44    0.436502  0.859324         0.725377       5.574313                    33.442999       0.757576       0.523067        0.517662        0.515773
    45    0.429361  0.874591         0.753259       5.520502                    27.863315       0.750000       0.520536        0.514069        0.512278
    46    0.437662  0.872410         0.727770       5.539795                    22.287854       0.757576       0.523067        0.517662        0.515773
    47    0.436014  0.869138         0.724263       5.652713                    16.721089       0.765152       0.551639        0.551049        0.548153
    48    0.421200  0.874591         0.757619       5.556042                    11.146684       0.742424       0.518004        0.513659        0.510772
    49    0.412093  0.890949         0.704528       5.503275                     5.571926       0.780303       0.556702        0.559247        0.555437
    50    0.420173  0.875682         0.744588       5.496522                     0.000000       0.757576       0.549107        0.547263        0.544590
