 epoch  train_loss  train_OA  validation_loss  epoch_seconds  estimated_remaining_seconds  validation_OA  validation_AA  validation_APr  validation_AF1
     1    1.451101  0.176337         1.311136       9.469071                   464.019918       0.488189       0.330552        0.239195        0.249662
     2    1.107686  0.689420         0.940004       9.405066                   454.813167       0.685039       0.315789        0.418033        0.305147
     3    0.810712  0.699659         0.727568       9.513823                   447.101716       0.732283       0.394737        0.407428        0.385541
     4    0.653482  0.764505         0.619330       9.569232                   439.113806       0.771654       0.465253        0.559102        0.456098
     5    0.567079  0.796359         0.583347       9.474560                   429.563316       0.811024       0.542289        0.555254        0.535135
     6    0.518891  0.816837         0.567540       9.489241                   420.123525       0.818898       0.553653        0.564023        0.547371
     7    0.480477  0.838453         0.566372       9.590682                   411.295437       0.795276       0.569451        0.532838        0.549401
     8    0.441282  0.847554         0.548548       9.437480                   401.454646       0.818898       0.561968        0.560162        0.550119
     9    0.410781  0.862344         0.559355       9.412927                   391.578962       0.795276       0.569451        0.532085        0.548142
    10    0.370173  0.883959         0.568726       9.394730                   381.407430       0.787402       0.566402        0.529789        0.546352
    11    0.344215  0.889647         0.532137       9.363770                   371.267020       0.811024       0.583863        0.551567        0.565881
    12    0.312869  0.898749         0.537666       9.331012                   361.389711       0.818898       0.586912        0.559627        0.571142
    13    0.279082  0.910125         0.539487       9.569915                   352.263487       0.818898       0.595227        0.558614        0.575177
    14    0.254368  0.920364         0.524086       9.619506                   343.206187       0.834646       0.601325        0.580672        0.590336
    15    0.220591  0.929465         0.538041       9.432037                   333.612553       0.858268       0.643730        0.596193        0.618093
    16    0.196822  0.932878         0.485562       9.420218                   324.000473       0.850394       0.615737        0.595789        0.604232
    17    0.173676  0.939704         0.586799       9.446693                   314.311834       0.850394       0.648996        0.588474        0.614682
    18    0.150338  0.945392         0.531362       9.505857                   304.755126       0.850394       0.640682        0.589072        0.612436
    19    0.131080  0.951081         0.575132       9.553775                   295.282042       0.866142       0.655094        0.610301        0.630487
    20    0.115754  0.957907         0.559768       9.522439                   285.865859       0.858268       0.627101        0.608289        0.617485
    21    0.105470  0.962457         0.695460       9.521699                   276.328231       0.850394       0.648996        0.597767        0.619528
    22    0.097129  0.960182         0.596276       9.640499                   266.943174       0.858268       0.618786        0.611638        0.614469
    23    0.086838  0.968146         0.649603       9.594221                   257.481364       0.866142       0.644985        0.615967        0.628288
    24    0.079192  0.969283         0.590026       9.579392                   247.992487       0.858268       0.627101        0.608289        0.617485
    25    0.073213  0.970421         0.736171       9.582586                   238.499420       0.874016       0.658143        0.621020        0.637533
    26    0.066906  0.977247         0.746257       9.759856                   229.233293       0.850394       0.648996        0.602834        0.621344
    27    0.061421  0.978385         0.707620       9.527636                   219.662315       0.866142       0.638464        0.616776        0.627237
    28    0.056745  0.977247         0.719315       9.469231                   210.048453       0.874016       0.649828        0.622454        0.635349
    29    0.050732  0.985210         0.709198       9.503637                   200.469906       0.858268       0.635415        0.605999        0.620214
    30    0.047705  0.982935         0.760555       9.552312                   190.928339       0.874016       0.649828        0.622454        0.635349
    31    0.043714  0.987486         0.742680       9.531235                   181.373090       0.866142       0.638464        0.616776        0.627237
    32    0.039085  0.987486         0.757202       9.490923                   171.796632       0.866142       0.638464        0.616776        0.627237
    33    0.035612  0.987486         0.757067       9.591046                   162.276835       0.858268       0.686552        0.860630        0.717220
    34    0.031916  0.988623         0.765671       9.503356                   152.747069       0.866142       0.749052        0.872326        0.789576
    35    0.028785  0.990899         0.762661       9.488958                   143.206965       0.874016       0.752101        0.880511        0.795240
    36    0.025757  0.992036         0.773897       9.577742                   133.701245       0.874016       0.752101        0.880511        0.795240
    37    0.023428  0.992036         0.780182       9.421200                   124.106118       0.874016       0.752101        0.880511        0.795240
    38    0.021128  0.992036         0.782437       9.362970                   114.501800       0.874016       0.752101        0.880511        0.795240
    39    0.019311  0.993174         0.790945       9.400572                   104.920337       0.874016       0.752101        0.880511        0.795240
    40    0.017877  0.993174         0.784725       9.546181                    95.384307       0.874016       0.752101        0.880511        0.795240
    41    0.016566  0.996587         0.790108       9.650200                    85.870574       0.874016       0.752101        0.880511        0.795240
    42    0.015699  0.996587         0.796213       9.650640                    76.350378       0.874016       0.752101        0.880511        0.795240
    43    0.014865  0.996587         0.800714       9.512582                    66.801632       0.874016       0.752101        0.880511        0.795240
    44    0.014276  0.996587         0.800883       9.522701                    57.255860       0.874016       0.752101        0.880511        0.795240
    45    0.013857  0.996587         0.803209       9.571216                    47.716470       0.874016       0.752101        0.880511        0.795240
    46    0.013544  0.996587         0.804570       9.625922                    38.180418       0.874016       0.752101        0.880511        0.795240
    47    0.013349  0.996587         0.804897       9.593902                    28.638475       0.874016       0.752101        0.880511        0.795240
    48    0.013256  0.996587         0.805256       9.553169                    19.092639       0.874016       0.752101        0.880511        0.795240
    49    0.013212  0.996587         0.805258       9.578107                     9.546983       0.874016       0.752101        0.880511        0.795240
    50    0.013206  0.996587         0.805258       9.615727                     0.000000       0.874016       0.752101        0.880511        0.795240
