 epoch  train_loss  train_OA  validation_loss  epoch_seconds  estimated_remaining_seconds  validation_OA  validation_AA  validation_APr  validation_AF1
     1    1.769784  0.167770         1.607555      10.166062                   498.172962       0.167939       0.166667        0.027990        0.047930
     2    1.318460  0.520971         1.105338       9.873715                   482.814047       0.625954       0.166667        0.104326        0.128326
     3    0.944381  0.630243         0.896783       9.797003                   469.847781       0.625954       0.166667        0.105128        0.128931
     4    0.767710  0.725166         0.780219       9.963200                   460.333374       0.732824       0.306103        0.329281        0.290490
     5    0.652711  0.789183         0.747659       9.805985                   449.200231       0.755725       0.336766        0.349702        0.317014
     6    0.596689  0.794702         0.731387       9.721635                   438.558370       0.770992       0.357461        0.357970        0.343417
     7    0.556273  0.816777         0.732726       9.781527                   427.913580       0.770992       0.357461        0.360301        0.345160
     8    0.516931  0.832230         0.727716       9.698067                   417.006960       0.763359       0.360972        0.339215        0.343222
     9    0.479520  0.849890         0.735736       9.606322                   405.612729       0.786260       0.367069        0.361836        0.355498
    10    0.440551  0.864238         0.715350       9.750518                   395.438484       0.778626       0.376123        0.350287        0.357888
    11    0.404718  0.866446         0.708076      10.037523                   386.358654       0.770992       0.385177        0.343286        0.361756
    12    0.367503  0.881898         0.711151       9.754598                   376.213613       0.793893       0.396818        0.362270        0.377796
    13    0.331488  0.899558         0.751706       9.880165                   366.472318       0.801527       0.393307        0.378121        0.378997
    14    0.303069  0.905077         0.796787       9.743285                   356.341818       0.793893       0.391275        0.363123        0.375135
    15    0.271107  0.909492         0.806092       9.711531                   346.008969       0.816794       0.402916        0.379751        0.388833
    16    0.254578  0.916115         0.825981       9.741744                   335.972339       0.778626       0.380470        0.347997        0.363049
    17    0.230490  0.919426         0.849772       9.833808                   325.999659       0.801527       0.398851        0.364837        0.379440
    18    0.209388  0.923841         0.929381       9.852289                   316.074962       0.816794       0.391829        0.387560        0.383480
    19    0.193724  0.929360         0.958640       9.692256                   305.896731       0.816794       0.390633        0.387228        0.384424
    20    0.175067  0.931567         1.000261       9.721617                   295.811319       0.801527       0.381025        0.374141        0.374804
    21    0.157593  0.939294         1.159820       9.627748                   285.630652       0.809160       0.383057        0.388547        0.380536
    22    0.139630  0.942605         1.106135       9.766180                   275.676397       0.816794       0.430267        0.478641        0.445161
    23    0.126039  0.951435         1.167908       9.813482                   265.882127       0.816794       0.430267        0.478641        0.445161
    24    0.111162  0.959161         1.105093       9.861023                   256.050124       0.793893       0.418626        0.455814        0.428704
    25    0.097966  0.967991         1.214122       9.864624                   246.219290       0.793893       0.424169        0.452167        0.431055
    26    0.087018  0.971302         1.210165       9.914749                   236.432025       0.793893       0.418626        0.460185        0.431048
    27    0.076253  0.977925         1.271154       9.907633                   226.629287       0.793893       0.424169        0.455186        0.432465
    28    0.066590  0.980132         1.336563       9.903065                   216.815390       0.801527       0.420659        0.467006        0.434687
    29    0.058451  0.982340         1.388342       9.878502                   206.977564       0.793893       0.418626        0.460185        0.431048
    30    0.050792  0.982340         1.422359       9.894930                   197.147892       0.770992       0.399050        0.407750        0.402544
    31    0.042995  0.988962         1.464807       9.927718                   187.334051       0.793893       0.418626        0.460185        0.431048
    32    0.037088  0.991170         1.532233       9.877087                   177.484576       0.793893       0.417430        0.434720        0.424265
    33    0.032162  0.993377         1.523247      10.002429                   167.697942       0.793893       0.418626        0.460185        0.431048
    34    0.028053  0.995585         1.593074      10.031638                   157.912300       0.793893       0.418626        0.460185        0.431048
    35    0.023921  0.997792         1.591535       9.908099                   148.059625       0.793893       0.418626        0.460185        0.431048
    36    0.020648  0.997792         1.615632      10.025264                   138.249374       0.793893       0.418626        0.460185        0.431048
    37    0.018468  0.997792         1.637717      10.018860                   128.425214       0.786260       0.409854        0.430214        0.417713
    38    0.016355  0.997792         1.670588       9.998967                   118.584511       0.793893       0.418626        0.460185        0.431048
    39    0.014334  0.997792         1.679218       9.768997                   108.670811       0.793893       0.418626        0.460185        0.431048
    40    0.013017  0.997792         1.695143       9.925208                    98.803322       0.793893       0.418626        0.460185        0.431048
    41    0.011823  0.997792         1.709002       9.950060                    88.938446       0.793893       0.418626        0.460185        0.431048
    42    0.010966  0.997792         1.724345      10.000330                    79.079068       0.793893       0.418626        0.460185        0.431048
    43    0.010428  0.997792         1.734372      10.028103                    69.217619       0.793893       0.418626        0.460185        0.431048
    44    0.009865  0.997792         1.741799      10.029961                    59.348812       0.793893       0.418626        0.460185        0.431048
    45    0.009511  0.997792         1.748272       9.899901                    49.458364       0.793893       0.418626        0.460185        0.431048
    46    0.009228  0.998896         1.749368       9.855069                    39.563568       0.793893       0.418626        0.460185        0.431048
    47    0.009073  0.998896         1.750790       9.833066                    29.669031       0.793893       0.418626        0.460185        0.431048
    48    0.008980  0.998896         1.751825       9.810206                    19.776075       0.793893       0.418626        0.460185        0.431048
    49    0.008944  0.998896         1.752011       9.857704                     9.887433       0.793893       0.418626        0.460185        0.431048
    50    0.008938  0.998896         1.752011       9.935634                     0.000000       0.793893       0.418626        0.460185        0.431048
